Archive member included to satisfy reference by file (symbol)

/Applications/ArmGNUToolchain/13.2.Rel1/arm-none-eabi/bin/../lib/gcc/arm-none-eabi/13.2.1/thumb/v6-m/nofp/libgcc.a(_dvmd_tls.o)
                              CMakeFiles/uart.dir/Users/michaeljenz/Documents/pico/pico-sdk/src/rp2_common/pico_divider/divider.S.obj (__aeabi_idiv0)
/Applications/ArmGNUToolchain/13.2.Rel1/arm-none-eabi/bin/../lib/gcc/arm-none-eabi/13.2.1/../../../../arm-none-eabi/lib/thumb/v6-m/nofp/libg.a(libc_a-calloc.o)
                              CMakeFiles/uart.dir/Users/michaeljenz/Documents/pico/pico-sdk/src/rp2_common/pico_malloc/pico_malloc.c.obj (calloc)
/Applications/ArmGNUToolchain/13.2.Rel1/arm-none-eabi/bin/../lib/gcc/arm-none-eabi/13.2.1/../../../../arm-none-eabi/lib/thumb/v6-m/nofp/libg.a(libc_a-callocr.o)
                              /Applications/ArmGNUToolchain/13.2.Rel1/arm-none-eabi/bin/../lib/gcc/arm-none-eabi/13.2.1/../../../../arm-none-eabi/lib/thumb/v6-m/nofp/libg.a(libc_a-calloc.o) (_calloc_r)
/Applications/ArmGNUToolchain/13.2.Rel1/arm-none-eabi/bin/../lib/gcc/arm-none-eabi/13.2.1/../../../../arm-none-eabi/lib/thumb/v6-m/nofp/libg.a(libc_a-malloc.o)
                              CMakeFiles/uart.dir/Users/michaeljenz/Documents/pico/pico-sdk/src/rp2_common/pico_malloc/pico_malloc.c.obj (malloc)
/Applications/ArmGNUToolchain/13.2.Rel1/arm-none-eabi/bin/../lib/gcc/arm-none-eabi/13.2.1/../../../../arm-none-eabi/lib/thumb/v6-m/nofp/libg.a(libc_a-mallocr.o)
                              /Applications/ArmGNUToolchain/13.2.Rel1/arm-none-eabi/bin/../lib/gcc/arm-none-eabi/13.2.1/../../../../arm-none-eabi/lib/thumb/v6-m/nofp/libg.a(libc_a-callocr.o) (_malloc_r)
/Applications/ArmGNUToolchain/13.2.Rel1/arm-none-eabi/bin/../lib/gcc/arm-none-eabi/13.2.1/../../../../arm-none-eabi/lib/thumb/v6-m/nofp/libg.a(libc_a-mlock.o)
                              /Applications/ArmGNUToolchain/13.2.Rel1/arm-none-eabi/bin/../lib/gcc/arm-none-eabi/13.2.1/../../../../arm-none-eabi/lib/thumb/v6-m/nofp/libg.a(libc_a-mallocr.o) (__malloc_lock)
/Applications/ArmGNUToolchain/13.2.Rel1/arm-none-eabi/bin/../lib/gcc/arm-none-eabi/13.2.1/../../../../arm-none-eabi/lib/thumb/v6-m/nofp/libg.a(libc_a-realloc.o)
                              CMakeFiles/uart.dir/Users/michaeljenz/Documents/pico/pico-sdk/src/rp2_common/pico_malloc/pico_malloc.c.obj (realloc)
/Applications/ArmGNUToolchain/13.2.Rel1/arm-none-eabi/bin/../lib/gcc/arm-none-eabi/13.2.1/../../../../arm-none-eabi/lib/thumb/v6-m/nofp/libg.a(libc_a-reallocr.o)
                              /Applications/ArmGNUToolchain/13.2.Rel1/arm-none-eabi/bin/../lib/gcc/arm-none-eabi/13.2.1/../../../../arm-none-eabi/lib/thumb/v6-m/nofp/libg.a(libc_a-realloc.o) (_realloc_r)
/Applications/ArmGNUToolchain/13.2.Rel1/arm-none-eabi/bin/../lib/gcc/arm-none-eabi/13.2.1/../../../../arm-none-eabi/lib/thumb/v6-m/nofp/libg.a(libc_a-memmove.o)
                              /Applications/ArmGNUToolchain/13.2.Rel1/arm-none-eabi/bin/../lib/gcc/arm-none-eabi/13.2.1/../../../../arm-none-eabi/lib/thumb/v6-m/nofp/libg.a(libc_a-reallocr.o) (memmove)
/Applications/ArmGNUToolchain/13.2.Rel1/arm-none-eabi/bin/../lib/gcc/arm-none-eabi/13.2.1/../../../../arm-none-eabi/lib/thumb/v6-m/nofp/libg.a(libc_a-impure.o)
                              /Applications/ArmGNUToolchain/13.2.Rel1/arm-none-eabi/bin/../lib/gcc/arm-none-eabi/13.2.1/../../../../arm-none-eabi/lib/thumb/v6-m/nofp/libg.a(libc_a-calloc.o) (_impure_ptr)
/Applications/ArmGNUToolchain/13.2.Rel1/arm-none-eabi/bin/../lib/gcc/arm-none-eabi/13.2.1/../../../../arm-none-eabi/lib/thumb/v6-m/nofp/libg.a(libc_a-sbrkr.o)
                              /Applications/ArmGNUToolchain/13.2.Rel1/arm-none-eabi/bin/../lib/gcc/arm-none-eabi/13.2.1/../../../../arm-none-eabi/lib/thumb/v6-m/nofp/libg.a(libc_a-mallocr.o) (_sbrk_r)
/Applications/ArmGNUToolchain/13.2.Rel1/arm-none-eabi/bin/../lib/gcc/arm-none-eabi/13.2.1/../../../../arm-none-eabi/lib/thumb/v6-m/nofp/libg.a(libc_a-errno.o)
                              /Applications/ArmGNUToolchain/13.2.Rel1/arm-none-eabi/bin/../lib/gcc/arm-none-eabi/13.2.1/../../../../arm-none-eabi/lib/thumb/v6-m/nofp/libg.a(libc_a-callocr.o) (__errno)
/Applications/ArmGNUToolchain/13.2.Rel1/arm-none-eabi/bin/../lib/gcc/arm-none-eabi/13.2.1/../../../../arm-none-eabi/lib/thumb/v6-m/nofp/libg.a(libc_a-sysconf.o)
                              /Applications/ArmGNUToolchain/13.2.Rel1/arm-none-eabi/bin/../lib/gcc/arm-none-eabi/13.2.1/../../../../arm-none-eabi/lib/thumb/v6-m/nofp/libg.a(libc_a-mallocr.o) (sysconf)
/Applications/ArmGNUToolchain/13.2.Rel1/arm-none-eabi/bin/../lib/gcc/arm-none-eabi/13.2.1/../../../../arm-none-eabi/lib/thumb/v6-m/nofp/libg.a(libc_a-init.o)
                              /Applications/ArmGNUToolchain/13.2.Rel1/arm-none-eabi/bin/../lib/gcc/arm-none-eabi/13.2.1/../../../../arm-none-eabi/lib/thumb/v6-m/nofp/crt0.o (__libc_init_array)
[...]
Memory Configuration

Name             Origin             Length             Attributes
FLASH            0x10000000         0x00200000         xr
RAM              0x20000000         0x00040000         xrw
SCRATCH_X        0x20040000         0x00001000         xrw
SCRATCH_Y        0x20041000         0x00001000         xrw
*default*        0x00000000         0xffffffff

Linker script and memory map

LOAD /Applications/ArmGNUToolchain/13.2.Rel1/arm-none-eabi/bin/../lib/gcc/arm-none-eabi/13.2.1/thumb/v6-m/nofp/crti.o
LOAD /Applications/ArmGNUToolchain/13.2.Rel1/arm-none-eabi/bin/../lib/gcc/arm-none-eabi/13.2.1/thumb/v6-m/nofp/crtbegin.o
LOAD /Applications/ArmGNUToolchain/13.2.Rel1/arm-none-eabi/bin/../lib/gcc/arm-none-eabi/13.2.1/../../../../arm-none-eabi/lib/thumb/v6-m/nofp/crt0.o

.flash_begin    0x10000000        0x0
                0x10000000                        __flash_binary_start = .

.boot2          0x10000000      0x100
                0x10000000                        __boot2_start__ = .
 *(.boot2)
 .boot2         0x10000000      0x100 /var/folders/7d/82xgncvd5wn_k4xt6gd_z5580000gn/T//cccJr5dw.o
                0x10000100                        __boot2_end__ = .
                0x00000001                        ASSERT (((__boot2_end__ - __boot2_start__) == 0x100), ERROR: Pico second stage bootloader must be 256 bytes in size)

.text           0x10000100     0x73f0
                0x10000100                        __logical_binary_start = .
 *(.vectors)
 .vectors       0x10000100       0xd4 CMakeFiles/uart.dir/Users/michaeljenz/Documents/pico/pico-sdk/src/rp2_common/pico_standard_link/crt0.S.obj
                0x10000100                __VECTOR_TABLE
                0x10000100                __vectors
                0x100001c0                __default_isrs_start
                0x100001c0                isr_invalid
                0x100001c2                isr_nmi
                0x100001c4                isr_hardfault
                0x100001c6                isr_svcall
                0x100001c8                isr_pendsv
                0x100001ca                isr_systick
                0x100001cc                isr_irq28
                0x100001cc                isr_irq19
                0x100001cc                isr_irq0
                0x100001cc                isr_irq6
                0x100001cc                isr_irq22
                0x100001cc                isr_irq17
                0x100001cc                isr_irq14
                0x100001cc                isr_irq2
                0x100001cc                isr_irq10
                0x100001cc                isr_irq8
                0x100001cc                isr_irq24
                0x100001cc                isr_irq1
                0x100001cc                isr_irq7
                0x100001cc                isr_irq21
                0x100001cc                isr_irq20
                0x100001cc                isr_irq15
                0x100001cc                isr_irq25
                0x100001cc                isr_irq4
                0x100001cc                isr_irq16
                0x100001cc                isr_irq29
                0x100001cc                isr_irq26
                0x100001cc                __default_isrs_end
                0x100001cc                isr_irq3
                0x100001cc                isr_irq9
                0x100001cc                __unhandled_user_irq
                0x100001cc                isr_irq13
                0x100001cc                isr_irq27
                0x100001cc                isr_irq31
                0x100001cc                isr_irq5
                0x100001cc                isr_irq11
                0x100001cc                isr_irq23
                0x100001cc                isr_irq18
                0x100001cc                isr_irq30
                0x100001cc                isr_irq12
                0x100001d2                unhandled_user_irq_num_in_r0
 *(.binary_info_header)
 .binary_info_header
                0x100001d4       0x14 CMakeFiles/uart.dir/Users/michaeljenz/Documents/pico/pico-sdk/src/rp2_common/pico_standard_link/crt0.S.obj
                0x100001e8                        __binary_info_header_end = .
 *(.reset)
 .reset         0x100001e8       0xa0 CMakeFiles/uart.dir/Users/michaeljenz/Documents/pico/pico-sdk/src/rp2_common/pico_standard_link/crt0.S.obj
                0x100001e8                _entry_point
 .reset         0x10000288       0x30 CMakeFiles/uart.dir/Users/michaeljenz/Documents/pico/pico-sdk/src/rp2_common/pico_standard_link/binary_info.c.obj
 *(.init)
 .init          0x100002b8        0x4 /Applications/ArmGNUToolchain/13.2.Rel1/arm-none-eabi/bin/../lib/gcc/arm-none-eabi/13.2.1/thumb/v6-m/nofp/crti.o
                0x100002b8                _init
 *(EXCLUDE_FILE(*libm.a: *libc.a:*lib_a-mem*.o *libgcc.a:) .text*)
 .text.register_tm_clones
                0x100002bc       0x28 /Applications/ArmGNUToolchain/13.2.Rel1/arm-none-eabi/bin/../lib/gcc/arm-none-eabi/13.2.1/thumb/v6-m/nofp/crtbegin.o
 .text.frame_dummy
                0x100002e4       0x24 /Applications/ArmGNUToolchain/13.2.Rel1/arm-none-eabi/bin/../lib/gcc/arm-none-eabi/13.2.1/thumb/v6-m/nofp/crtbegin.o
 .text.uart_putc
                0x10000308       0x60 CMakeFiles/uart.dir/uart.c.obj
 .text.uart_puts
                0x10000368       0x4a CMakeFiles/uart.dir/uart.c.obj
 .text.uart_getc
                0x100003b2       0x24 CMakeFiles/uart.dir/uart.c.obj
 *fill*         0x100003d6        0x2 
 .text.on_uart_rx
                0x100003d8       0xa0 CMakeFiles/uart.dir/uart.c.obj
                0x100003d8                on_uart_rx
 .text.main     0x10000478       0xd0 CMakeFiles/uart.dir/uart.c.obj
                0x10000478                main
 .text.ssd1306_drawPixel
                0x10000548       0x4c CMakeFiles/uart.dir/ssd1306.c.obj
                0x10000548                ssd1306_drawPixel
 .text.drawChar
                0x10000594       0x64 CMakeFiles/uart.dir/ssd1306.c.obj
                0x10000594                drawChar
 .text.ssd1306_command
                0x100005f8       0x28 CMakeFiles/uart.dir/ssd1306.c.obj
                0x100005f8                ssd1306_command
 .text.ssd1306_update
                0x10000620       0x50 CMakeFiles/uart.dir/ssd1306.c.obj
                0x10000620                ssd1306_update
 .text.ssd1306_clear
                0x10000670       0x1c CMakeFiles/uart.dir/ssd1306.c.obj
                0x10000670                ssd1306_clear
 .text.ssd1306_setup
                0x1000068c       0xa8 CMakeFiles/uart.dir/ssd1306.c.obj
                0x1000068c                ssd1306_setup
 .text.gpio_set_function
                0x10000734       0x30 CMakeFiles/uart.dir/Users/michaeljenz/Documents/pico/pico-sdk/src/rp2_common/hardware_gpio/gpio.c.obj
                0x10000734                gpio_set_function
 .text.gpio_init
                0x10000764       0x16 CMakeFiles/uart.dir/Users/michaeljenz/Documents/pico/pico-sdk/src/rp2_common/hardware_gpio/gpio.c.obj
                0x10000764                gpio_init
 *fill*         0x1000077a        0x2 
 .text.running_on_fpga
                0x1000077c       0x14 CMakeFiles/uart.dir/Users/michaeljenz/Documents/pico/pico-sdk/src/rp2_common/pico_platform/platform.c.obj
                0x1000077c                running_on_fpga
 .text.hw_claim_lock
                0x10000790       0x18 CMakeFiles/uart.dir/Users/michaeljenz/Documents/pico/pico-sdk/src/rp2_common/hardware_claim/claim.c.obj
                0x10000790                hw_claim_lock
 .text.hw_claim_unlock
                0x100007a8       0x14 CMakeFiles/uart.dir/Users/michaeljenz/Documents/pico/pico-sdk/src/rp2_common/hardware_claim/claim.c.obj
                0x100007a8                hw_claim_unlock
 .text.hw_claim_or_assert
                0x100007bc       0x32 CMakeFiles/uart.dir/Users/michaeljenz/Documents/pico/pico-sdk/src/rp2_common/hardware_claim/claim.c.obj
                0x100007bc                hw_claim_or_assert
 .text.hw_claim_unused_from_range
                0x100007ee       0x50 CMakeFiles/uart.dir/Users/michaeljenz/Documents/pico/pico-sdk/src/rp2_common/hardware_claim/claim.c.obj
                0x100007ee                hw_claim_unused_from_range
 *fill*         0x1000083e        0x2 
 .text.spin_locks_reset
                0x10000840       0x20 CMakeFiles/uart.dir/Users/michaeljenz/Documents/pico/pico-sdk/src/rp2_common/hardware_sync/sync.c.obj
                0x10000840                spin_locks_reset
 .text.next_striped_spin_lock_num
                0x10000860       0x1c CMakeFiles/uart.dir/Users/michaeljenz/Documents/pico/pico-sdk/src/rp2_common/hardware_sync/sync.c.obj
                0x10000860                next_striped_spin_lock_num
 .text.spin_lock_claim_unused
                0x1000087c       0x24 CMakeFiles/uart.dir/Users/michaeljenz/Documents/pico/pico-sdk/src/rp2_common/hardware_sync/sync.c.obj
                0x1000087c                spin_lock_claim_unused
 .text.set_raw_irq_handler_and_unlock
                0x100008a0       0x28 CMakeFiles/uart.dir/Users/michaeljenz/Documents/pico/pico-sdk/src/rp2_common/hardware_irq/irq.c.obj
 .text.resolve_branch
                0x100008c8       0x30 CMakeFiles/uart.dir/Users/michaeljenz/Documents/pico/pico-sdk/src/rp2_common/hardware_irq/irq.c.obj
 .text.make_branch
                0x100008f8       0x48 CMakeFiles/uart.dir/Users/michaeljenz/Documents/pico/pico-sdk/src/rp2_common/hardware_irq/irq.c.obj
 .text.insert_branch_and_link
                0x10000940       0x40 CMakeFiles/uart.dir/Users/michaeljenz/Documents/pico/pico-sdk/src/rp2_common/hardware_irq/irq.c.obj
 .text.irq_is_enabled
                0x10000980       0x18 CMakeFiles/uart.dir/Users/michaeljenz/Documents/pico/pico-sdk/src/rp2_common/hardware_irq/irq.c.obj
                0x10000980                irq_is_enabled
 .text.irq_set_mask_enabled
                0x10000998       0x20 CMakeFiles/uart.dir/Users/michaeljenz/Documents/pico/pico-sdk/src/rp2_common/hardware_irq/irq.c.obj
                0x10000998                irq_set_mask_enabled
 .text.irq_set_enabled
                0x100009b8        0xe CMakeFiles/uart.dir/Users/michaeljenz/Documents/pico/pico-sdk/src/rp2_common/hardware_irq/irq.c.obj
                0x100009b8                irq_set_enabled
 *fill*         0x100009c6        0x2 
 .text.irq_set_pending
                0x100009c8       0x10 CMakeFiles/uart.dir/Users/michaeljenz/Documents/pico/pico-sdk/src/rp2_common/hardware_irq/irq.c.obj
                0x100009c8                irq_set_pending
 .text.irq_get_vtable_handler
                0x100009d8       0x10 CMakeFiles/uart.dir/Users/michaeljenz/Documents/pico/pico-sdk/src/rp2_common/hardware_irq/irq.c.obj
                0x100009d8                irq_get_vtable_handler
 .text.irq_has_shared_handler
                0x100009e8       0x24 CMakeFiles/uart.dir/Users/michaeljenz/Documents/pico/pico-sdk/src/rp2_common/hardware_irq/irq.c.obj
                0x100009e8                irq_has_shared_handler
 .text.irq_set_exclusive_handler
                0x10000a0c       0x54 CMakeFiles/uart.dir/Users/michaeljenz/Documents/pico/pico-sdk/src/rp2_common/hardware_irq/irq.c.obj
                0x10000a0c                irq_set_exclusive_handler
 .text.irq_add_shared_handler
                0x10000a60      0x210 CMakeFiles/uart.dir/Users/michaeljenz/Documents/pico/pico-sdk/src/rp2_common/hardware_irq/irq.c.obj
                0x10000a60                irq_add_shared_handler
 .text.irq_remove_handler
                0x10000c70      0x188 CMakeFiles/uart.dir/Users/michaeljenz/Documents/pico/pico-sdk/src/rp2_common/hardware_irq/irq.c.obj
                0x10000c70                irq_remove_handler
 .text.irq_add_tail_to_free_list
                0x10000df8       0xf0 CMakeFiles/uart.dir/Users/michaeljenz/Documents/pico/pico-sdk/src/rp2_common/hardware_irq/irq.c.obj
                0x10000df8                irq_add_tail_to_free_list
 .text.irq_init_priorities
                0x10000ee8       0x1c CMakeFiles/uart.dir/Users/michaeljenz/Documents/pico/pico-sdk/src/rp2_common/hardware_irq/irq.c.obj
                0x10000ee8                irq_init_priorities
 .text.user_irq_claim_unused
                0x10000f04       0x2c CMakeFiles/uart.dir/Users/michaeljenz/Documents/pico/pico-sdk/src/rp2_common/hardware_irq/irq.c.obj
                0x10000f04                user_irq_claim_unused
 .text.lock_init
                0x10000f30       0x10 CMakeFiles/uart.dir/Users/michaeljenz/Documents/pico/pico-sdk/src/common/pico_sync/lock_core.c.obj
                0x10000f30                lock_init
 .text.update_us_since_boot
                0x10000f40       0x24 CMakeFiles/uart.dir/Users/michaeljenz/Documents/pico/pico-sdk/src/common/pico_sync/mutex.c.obj
 .text.delayed_by_ms
                0x10000f64       0x44 CMakeFiles/uart.dir/Users/michaeljenz/Documents/pico/pico-sdk/src/common/pico_sync/mutex.c.obj
 .text.get_absolute_time
                0x10000fa8       0x22 CMakeFiles/uart.dir/Users/michaeljenz/Documents/pico/pico-sdk/src/common/pico_sync/mutex.c.obj
 .text.make_timeout_time_ms
                0x10000fca       0x20 CMakeFiles/uart.dir/Users/michaeljenz/Documents/pico/pico-sdk/src/common/pico_sync/mutex.c.obj
 .text.mutex_init
                0x10000fea       0x1a CMakeFiles/uart.dir/Users/michaeljenz/Documents/pico/pico-sdk/src/common/pico_sync/mutex.c.obj
                0x10000fea                mutex_init
 .text.recursive_mutex_init
                0x10001004       0x1e CMakeFiles/uart.dir/Users/michaeljenz/Documents/pico/pico-sdk/src/common/pico_sync/mutex.c.obj
                0x10001004                recursive_mutex_init
 *fill*         0x10001022        0x2 
 .text.critical_section_init_with_lock_num
                0x10001024       0x14 CMakeFiles/uart.dir/Users/michaeljenz/Documents/pico/pico-sdk/src/common/pico_sync/critical_section.c.obj
                0x10001024                critical_section_init_with_lock_num
 .text.critical_section_init
                0x10001038       0x14 CMakeFiles/uart.dir/Users/michaeljenz/Documents/pico/pico-sdk/src/common/pico_sync/critical_section.c.obj
                0x10001038                critical_section_init
 .text.time_reached
                0x1000104c       0x28 CMakeFiles/uart.dir/Users/michaeljenz/Documents/pico/pico-sdk/src/common/pico_time/time.c.obj
 .text.get_entry
                0x10001074       0x38 CMakeFiles/uart.dir/Users/michaeljenz/Documents/pico/pico-sdk/src/common/pico_time/time.c.obj
 .text.timer_pool_entry_comparator
                0x100010ac       0x2e CMakeFiles/uart.dir/Users/michaeljenz/Documents/pico/pico-sdk/src/common/pico_time/time.c.obj
                0x100010ac                timer_pool_entry_comparator
 *fill*         0x100010da        0x2 
 .text.update_us_since_boot
                0x100010dc       0x24 CMakeFiles/uart.dir/Users/michaeljenz/Documents/pico/pico-sdk/src/common/pico_time/time.c.obj
 .text.delayed_by_us
                0x10001100       0x34 CMakeFiles/uart.dir/Users/michaeljenz/Documents/pico/pico-sdk/src/common/pico_time/time.c.obj
 .text.ph_get_node
                0x10001134       0x30 CMakeFiles/uart.dir/Users/michaeljenz/Documents/pico/pico-sdk/src/common/pico_time/time.c.obj
 .text.ph_contains_node
                0x10001164       0x1e CMakeFiles/uart.dir/Users/michaeljenz/Documents/pico/pico-sdk/src/common/pico_time/time.c.obj
 .text.ph_new_node
                0x10001182       0x28 CMakeFiles/uart.dir/Users/michaeljenz/Documents/pico/pico-sdk/src/common/pico_time/time.c.obj
 *fill*         0x100011aa        0x2 
 .text.ph_add_child_node
                0x100011ac       0x6c CMakeFiles/uart.dir/Users/michaeljenz/Documents/pico/pico-sdk/src/common/pico_time/time.c.obj
 .text.ph_merge_nodes
                0x10001218       0x3e CMakeFiles/uart.dir/Users/michaeljenz/Documents/pico/pico-sdk/src/common/pico_time/time.c.obj
 *fill*         0x10001256        0x2 
 .text.ph_insert_node
                0x10001258       0x3c CMakeFiles/uart.dir/Users/michaeljenz/Documents/pico/pico-sdk/src/common/pico_time/time.c.obj
 .text.ph_free_node
                0x10001294       0x5c CMakeFiles/uart.dir/Users/michaeljenz/Documents/pico/pico-sdk/src/common/pico_time/time.c.obj
 .text.get_entry_id_high
                0x100012f0       0x30 CMakeFiles/uart.dir/Users/michaeljenz/Documents/pico/pico-sdk/src/common/pico_time/time.c.obj
 .text.alarm_pool_post_alloc_init
                0x10001320       0x40 CMakeFiles/uart.dir/Users/michaeljenz/Documents/pico/pico-sdk/src/common/pico_time/time.c.obj
 .text.sleep_until_callback
                0x10001360       0x30 CMakeFiles/uart.dir/Users/michaeljenz/Documents/pico/pico-sdk/src/common/pico_time/time.c.obj
 .text.get_absolute_time
                0x10001390       0x22 CMakeFiles/uart.dir/Users/michaeljenz/Documents/pico/pico-sdk/src/common/pico_time/time.c.obj
 .text.make_timeout_time_us
                0x100013b2       0x24 CMakeFiles/uart.dir/Users/michaeljenz/Documents/pico/pico-sdk/src/common/pico_time/time.c.obj
 *fill*         0x100013d6        0x2 
 .text.add_alarm_under_lock
                0x100013d8       0x94 CMakeFiles/uart.dir/Users/michaeljenz/Documents/pico/pico-sdk/src/common/pico_time/time.c.obj
 .text.alarm_pool_alarm_callback
                0x1000146c      0x210 CMakeFiles/uart.dir/Users/michaeljenz/Documents/pico/pico-sdk/src/common/pico_time/time.c.obj
 .text.alarm_pool_init_default
                0x1000167c       0x40 CMakeFiles/uart.dir/Users/michaeljenz/Documents/pico/pico-sdk/src/common/pico_time/time.c.obj
                0x1000167c                alarm_pool_init_default
 .text.alarm_pool_get_default
                0x100016bc       0x2c CMakeFiles/uart.dir/Users/michaeljenz/Documents/pico/pico-sdk/src/common/pico_time/time.c.obj
                0x100016bc                alarm_pool_get_default
 .text.alarm_pool_add_alarm_at
                0x100016e8      0x10e CMakeFiles/uart.dir/Users/michaeljenz/Documents/pico/pico-sdk/src/common/pico_time/time.c.obj
                0x100016e8                alarm_pool_add_alarm_at
 .text.add_alarm_at
                0x100017f6       0x2e CMakeFiles/uart.dir/Users/michaeljenz/Documents/pico/pico-sdk/src/common/pico_time/time.c.obj
 .text.alarm_pool_cancel_alarm
                0x10001824       0xa8 CMakeFiles/uart.dir/Users/michaeljenz/Documents/pico/pico-sdk/src/common/pico_time/time.c.obj
                0x10001824                alarm_pool_cancel_alarm
 .text.cancel_alarm
                0x100018cc       0x10 CMakeFiles/uart.dir/Users/michaeljenz/Documents/pico/pico-sdk/src/common/pico_time/time.c.obj
 .text.alarm_pool_core_num
                0x100018dc        0x4 CMakeFiles/uart.dir/Users/michaeljenz/Documents/pico/pico-sdk/src/common/pico_time/time.c.obj
                0x100018dc                alarm_pool_core_num
 .text.sleep_until
                0x100018e0       0xb0 CMakeFiles/uart.dir/Users/michaeljenz/Documents/pico/pico-sdk/src/common/pico_time/time.c.obj
                0x100018e0                sleep_until
 .text.sleep_us
                0x10001990       0x1a CMakeFiles/uart.dir/Users/michaeljenz/Documents/pico/pico-sdk/src/common/pico_time/time.c.obj
                0x10001990                sleep_us
 .text.sleep_ms
                0x100019aa       0x14 CMakeFiles/uart.dir/Users/michaeljenz/Documents/pico/pico-sdk/src/common/pico_time/time.c.obj
                0x100019aa                sleep_ms
 *fill*         0x100019be        0x2 
 .text.best_effort_wfe_or_timeout
                0x100019c0       0x44 CMakeFiles/uart.dir/Users/michaeljenz/Documents/pico/pico-sdk/src/common/pico_time/time.c.obj
                0x100019c0                best_effort_wfe_or_timeout
 .text.update_us_since_boot
                0x10001a04       0x24 CMakeFiles/uart.dir/Users/michaeljenz/Documents/pico/pico-sdk/src/rp2_common/hardware_timer/timer.c.obj
 .text.hardware_alarm_irq_handler
                0x10001a28       0x8c CMakeFiles/uart.dir/Users/michaeljenz/Documents/pico/pico-sdk/src/rp2_common/hardware_timer/timer.c.obj
 .text.hardware_alarm_claim
                0x10001ab4       0x18 CMakeFiles/uart.dir/Users/michaeljenz/Documents/pico/pico-sdk/src/rp2_common/hardware_timer/timer.c.obj
                0x10001ab4                hardware_alarm_claim
 .text.time_us_64
                0x10001acc       0x18 CMakeFiles/uart.dir/Users/michaeljenz/Documents/pico/pico-sdk/src/rp2_common/hardware_timer/timer.c.obj
                0x10001acc                time_us_64
 .text.busy_wait_until
                0x10001ae4       0x28 CMakeFiles/uart.dir/Users/michaeljenz/Documents/pico/pico-sdk/src/rp2_common/hardware_timer/timer.c.obj
                0x10001ae4                busy_wait_until
 .text.busy_wait_us
                0x10001b0c       0x3a CMakeFiles/uart.dir/Users/michaeljenz/Documents/pico/pico-sdk/src/rp2_common/hardware_timer/timer.c.obj
                0x10001b0c                busy_wait_us
 *fill*         0x10001b46        0x2 
 .text.hardware_alarm_set_callback
                0x10001b48       0x90 CMakeFiles/uart.dir/Users/michaeljenz/Documents/pico/pico-sdk/src/rp2_common/hardware_timer/timer.c.obj
                0x10001b48                hardware_alarm_set_callback
 .text.hardware_alarm_set_target
                0x10001bd8       0xe8 CMakeFiles/uart.dir/Users/michaeljenz/Documents/pico/pico-sdk/src/rp2_common/hardware_timer/timer.c.obj
                0x10001bd8                hardware_alarm_set_target
 .text.hardware_alarm_cancel
                0x10001cc0       0x40 CMakeFiles/uart.dir/Users/michaeljenz/Documents/pico/pico-sdk/src/rp2_common/hardware_timer/timer.c.obj
                0x10001cc0                hardware_alarm_cancel
 .text.ph_get_node
                0x10001d00       0x30 CMakeFiles/uart.dir/Users/michaeljenz/Documents/pico/pico-sdk/src/common/pico_util/pheap.c.obj
 .text.ph_add_child_node
                0x10001d30       0x6c CMakeFiles/uart.dir/Users/michaeljenz/Documents/pico/pico-sdk/src/common/pico_util/pheap.c.obj
 .text.ph_merge_nodes
                0x10001d9c       0x3e CMakeFiles/uart.dir/Users/michaeljenz/Documents/pico/pico-sdk/src/common/pico_util/pheap.c.obj
 .text.ph_clear
                0x10001dda       0x34 CMakeFiles/uart.dir/Users/michaeljenz/Documents/pico/pico-sdk/src/common/pico_util/pheap.c.obj
                0x10001dda                ph_clear
 .text.ph_post_alloc_init
                0x10001e0e        0xe CMakeFiles/uart.dir/Users/michaeljenz/Documents/pico/pico-sdk/src/common/pico_util/pheap.c.obj
                0x10001e0e                ph_post_alloc_init
 .text.ph_merge_two_pass
                0x10001e1c       0x5c CMakeFiles/uart.dir/Users/michaeljenz/Documents/pico/pico-sdk/src/common/pico_util/pheap.c.obj
                0x10001e1c                ph_merge_two_pass
 .text.ph_remove_any_head
                0x10001e78       0xc0 CMakeFiles/uart.dir/Users/michaeljenz/Documents/pico/pico-sdk/src/common/pico_util/pheap.c.obj
 .text.ph_remove_head
                0x10001f38       0x14 CMakeFiles/uart.dir/Users/michaeljenz/Documents/pico/pico-sdk/src/common/pico_util/pheap.c.obj
                0x10001f38                ph_remove_head
 .text.ph_remove_and_free_node
                0x10001f4c       0xa0 CMakeFiles/uart.dir/Users/michaeljenz/Documents/pico/pico-sdk/src/common/pico_util/pheap.c.obj
                0x10001f4c                ph_remove_and_free_node
 .text.uart_disable_before_lcr_write
                0x10001fec       0x48 CMakeFiles/uart.dir/Users/michaeljenz/Documents/pico/pico-sdk/src/rp2_common/hardware_uart/uart.c.obj
 .text.uart_write_lcr_bits_masked
                0x10002034       0x22 CMakeFiles/uart.dir/Users/michaeljenz/Documents/pico/pico-sdk/src/rp2_common/hardware_uart/uart.c.obj
 *fill*         0x10002056        0x2 
 .text.uart_set_baudrate
                0x10002058       0x5c CMakeFiles/uart.dir/Users/michaeljenz/Documents/pico/pico-sdk/src/rp2_common/hardware_uart/uart.c.obj
                0x10002058                uart_set_baudrate
 .text.uart_set_format
                0x100020b4       0x2c CMakeFiles/uart.dir/Users/michaeljenz/Documents/pico/pico-sdk/src/rp2_common/hardware_uart/uart.c.obj
                0x100020b4                uart_set_format
 .text.uart_set_fifo_enabled
                0x100020e0       0x10 CMakeFiles/uart.dir/Users/michaeljenz/Documents/pico/pico-sdk/src/rp2_common/hardware_uart/uart.c.obj
                0x100020e0                uart_set_fifo_enabled
 .text.uart_set_translate_crlf
                0x100020f0       0x28 CMakeFiles/uart.dir/Users/michaeljenz/Documents/pico/pico-sdk/src/rp2_common/hardware_uart/uart.c.obj
                0x100020f0                uart_set_translate_crlf
 .text.uart_init
                0x10002118       0x80 CMakeFiles/uart.dir/Users/michaeljenz/Documents/pico/pico-sdk/src/rp2_common/hardware_uart/uart.c.obj
                0x10002118                uart_init
 .text.clock_configure
                0x10002198      0x108 CMakeFiles/uart.dir/Users/michaeljenz/Documents/pico/pico-sdk/src/rp2_common/hardware_clocks/clocks.c.obj
                0x10002198                clock_configure
 .text.clocks_init
                0x100022a0      0x100 CMakeFiles/uart.dir/Users/michaeljenz/Documents/pico/pico-sdk/src/rp2_common/hardware_clocks/clocks.c.obj
                0x100022a0                clocks_init
 .text.clock_get_hz
                0x100023a0        0xc CMakeFiles/uart.dir/Users/michaeljenz/Documents/pico/pico-sdk/src/rp2_common/hardware_clocks/clocks.c.obj
                0x100023a0                clock_get_hz
 .text.pll_init
                0x100023ac      0x120 CMakeFiles/uart.dir/Users/michaeljenz/Documents/pico/pico-sdk/src/rp2_common/hardware_pll/pll.c.obj
                0x100023ac                pll_init
 .text.watchdog_start_tick
                0x100024cc       0x10 CMakeFiles/uart.dir/Users/michaeljenz/Documents/pico/pico-sdk/src/rp2_common/hardware_watchdog/watchdog.c.obj
                0x100024cc                watchdog_start_tick
 .text.watchdog_update
                0x100024dc       0x14 CMakeFiles/uart.dir/Users/michaeljenz/Documents/pico/pico-sdk/src/rp2_common/hardware_watchdog/watchdog.c.obj
                0x100024dc                watchdog_update
 .text._watchdog_enable
                0x100024f0       0x78 CMakeFiles/uart.dir/Users/michaeljenz/Documents/pico/pico-sdk/src/rp2_common/hardware_watchdog/watchdog.c.obj
                0x100024f0                _watchdog_enable
 .text.watchdog_reboot
                0x10002568       0x48 CMakeFiles/uart.dir/Users/michaeljenz/Documents/pico/pico-sdk/src/rp2_common/hardware_watchdog/watchdog.c.obj
                0x10002568                watchdog_reboot
 .text.xosc_init
                0x100025b0       0x28 CMakeFiles/uart.dir/Users/michaeljenz/Documents/pico/pico-sdk/src/rp2_common/hardware_xosc/xosc.c.obj
                0x100025b0                xosc_init
 .text._exit    0x100025d8        0x4 CMakeFiles/uart.dir/Users/michaeljenz/Documents/pico/pico-sdk/src/rp2_common/pico_runtime/runtime.c.obj
                0x100025d8                _exit
 .text.exit     0x100025dc        0x6 CMakeFiles/uart.dir/Users/michaeljenz/Documents/pico/pico-sdk/src/rp2_common/pico_runtime/runtime.c.obj
                0x100025dc                exit
 *fill*         0x100025e2        0x2 
 .text.__assert_func
                0x100025e4       0x38 CMakeFiles/uart.dir/Users/michaeljenz/Documents/pico/pico-sdk/src/rp2_common/pico_runtime/runtime.c.obj
                0x100025e4                __assert_func
 .text.runtime_init
                0x1000261c       0xf8 CMakeFiles/uart.dir/Users/michaeljenz/Documents/pico/pico-sdk/src/rp2_common/pico_runtime/runtime.c.obj
                0x1000261c                runtime_init
 .text.panic    0x10002714       0x30 CMakeFiles/uart.dir/Users/michaeljenz/Documents/pico/pico-sdk/src/rp2_common/pico_runtime/runtime.c.obj
                0x10002714                panic
 .text._out_null
                0x10002744        0x2 CMakeFiles/uart.dir/Users/michaeljenz/Documents/pico/pico-sdk/src/rp2_common/pico_printf/printf.c.obj
 .text._out_fct
                0x10002746        0xe CMakeFiles/uart.dir/Users/michaeljenz/Documents/pico/pico-sdk/src/rp2_common/pico_printf/printf.c.obj
 .text._atoi    0x10002754       0x24 CMakeFiles/uart.dir/Users/michaeljenz/Documents/pico/pico-sdk/src/rp2_common/pico_printf/printf.c.obj
 .text._out_rev
                0x10002778       0xae CMakeFiles/uart.dir/Users/michaeljenz/Documents/pico/pico-sdk/src/rp2_common/pico_printf/printf.c.obj
 .text._ntoa_format
                0x10002826      0x110 CMakeFiles/uart.dir/Users/michaeljenz/Documents/pico/pico-sdk/src/rp2_common/pico_printf/printf.c.obj
 .text._ntoa_long
                0x10002936       0xbc CMakeFiles/uart.dir/Users/michaeljenz/Documents/pico/pico-sdk/src/rp2_common/pico_printf/printf.c.obj
 .text._ntoa_long_long
                0x100029f2      0x10e CMakeFiles/uart.dir/Users/michaeljenz/Documents/pico/pico-sdk/src/rp2_common/pico_printf/printf.c.obj
 .text._etoa    0x10002b00      0x420 CMakeFiles/uart.dir/Users/michaeljenz/Documents/pico/pico-sdk/src/rp2_common/pico_printf/printf.c.obj
 .text._ftoa    0x10002f20      0x354 CMakeFiles/uart.dir/Users/michaeljenz/Documents/pico/pico-sdk/src/rp2_common/pico_printf/printf.c.obj
 .text._vsnprintf
                0x10003274      0x668 CMakeFiles/uart.dir/Users/michaeljenz/Documents/pico/pico-sdk/src/rp2_common/pico_printf/printf.c.obj
 .text.vfctprintf
                0x100038dc       0x20 CMakeFiles/uart.dir/Users/michaeljenz/Documents/pico/pico-sdk/src/rp2_common/pico_printf/printf.c.obj
                0x100038dc                vfctprintf
 .text          0x100038fc       0x10 CMakeFiles/uart.dir/Users/michaeljenz/Documents/pico/pico-sdk/src/rp2_common/pico_bit_ops/bit_ops_aeabi.S.obj
 .text.rom_func_lookup
                0x1000390c       0x10 CMakeFiles/uart.dir/Users/michaeljenz/Documents/pico/pico-sdk/src/rp2_common/pico_bootrom/bootrom.c.obj
                0x1000390c                rom_func_lookup
 .text.rom_data_lookup
                0x1000391c       0x10 CMakeFiles/uart.dir/Users/michaeljenz/Documents/pico/pico-sdk/src/rp2_common/pico_bootrom/bootrom.c.obj
                0x1000391c                rom_data_lookup
 .text.rom_funcs_lookup
                0x1000392c       0x36 CMakeFiles/uart.dir/Users/michaeljenz/Documents/pico/pico-sdk/src/rp2_common/pico_bootrom/bootrom.c.obj
                0x1000392c                rom_funcs_lookup
 *fill*         0x10003962        0x2 
 .text.__wrap___aeabi_idiv
                0x10003964       0x50 CMakeFiles/uart.dir/Users/michaeljenz/Documents/pico/pico-sdk/src/rp2_common/pico_divider/divider.S.obj
                0x10003964                __wrap___aeabi_idivmod
                0x10003964                divmod_s32s32
                0x10003964                div_s32s32
                0x10003964                __wrap___aeabi_idiv
                0x1000396c                divmod_s32s32_unsafe
                0x10003998                divmod_s32s32_savestate
 .text.__wrap___aeabi_uidiv
                0x100039b4       0x4c CMakeFiles/uart.dir/Users/michaeljenz/Documents/pico/pico-sdk/src/rp2_common/pico_divider/divider.S.obj
                0x100039b4                __wrap___aeabi_uidiv
                0x100039b4                __wrap___aeabi_uidivmod
                0x100039b4                div_u32u32
                0x100039b4                divmod_u32u32
                0x100039bc                divmod_u32u32_unsafe
                0x100039e4                divmod_u32u32_savestate
 .text.__wrap___aeabi_ldiv
                0x10003a00      0x424 CMakeFiles/uart.dir/Users/michaeljenz/Documents/pico/pico-sdk/src/rp2_common/pico_divider/divider.S.obj
                0x10003a00                __wrap___aeabi_ldivmod
                0x10003a00                div_s64s64
                0x10003a00                divmod_s64s64
                0x10003a30                divmod_u64u64
                0x10003a30                div_u64u64
                0x10003a30                __wrap___aeabi_uldivmod
                0x10003a40                divmod_u64u64_savestate
                0x10003a60                divmod_s64s64_unsafe
                0x10003ae8                divmod_u64u64_unsafe
 .text.__wrap___aeabi_darithmetic
                0x10003e24       0x80 CMakeFiles/uart.dir/Users/michaeljenz/Documents/pico/pico-sdk/src/rp2_common/pico_double/double_aeabi.S.obj
                0x10003e24                __wrap___aeabi_drsub
                0x10003e2a                __wrap___aeabi_dsub
                0x10003e3c                __wrap___aeabi_dadd
                0x10003e4e                __wrap___aeabi_ddiv
                0x10003e8a                __wrap___aeabi_dmul
 .text.__wrap___aeabi_cdcmple
                0x10003ea4       0x6c CMakeFiles/uart.dir/Users/michaeljenz/Documents/pico/pico-sdk/src/rp2_common/pico_double/double_aeabi.S.obj
                0x10003ea4                __wrap___aeabi_cdrcmple
                0x10003eb4                __wrap___aeabi_cdcmple
                0x10003eb4                __wrap___aeabi_cdcmpeq
 .text.__wrap___aeabi_dcmplt
                0x10003f10        0xc CMakeFiles/uart.dir/Users/michaeljenz/Documents/pico/pico-sdk/src/rp2_common/pico_double/double_aeabi.S.obj
                0x10003f10                __wrap___aeabi_dcmplt
 .text.__wrap___aeabi_dcmple
                0x10003f1c       0x10 CMakeFiles/uart.dir/Users/michaeljenz/Documents/pico/pico-sdk/src/rp2_common/pico_double/double_aeabi.S.obj
                0x10003f1c                __wrap___aeabi_dcmple
 .text.__wrap___aeabi_dcmpge
                0x10003f2c       0x10 CMakeFiles/uart.dir/Users/michaeljenz/Documents/pico/pico-sdk/src/rp2_common/pico_double/double_aeabi.S.obj
                0x10003f2c                __wrap___aeabi_dcmpge
 .text.__wrap___aeabi_dcmpgt
                0x10003f3c        0xa CMakeFiles/uart.dir/Users/michaeljenz/Documents/pico/pico-sdk/src/rp2_common/pico_double/double_aeabi.S.obj
                0x10003f3c                __wrap___aeabi_dcmpgt
 .text.__wrap___aeabi_dcmpun
                0x10003f46       0x1c CMakeFiles/uart.dir/Users/michaeljenz/Documents/pico/pico-sdk/src/rp2_common/pico_double/double_aeabi.S.obj
                0x10003f46                __wrap___aeabi_dcmpun
 *fill*         0x10003f62        0x2 
 .text.__wrap___aeabi_i2d
                0x10003f64       0x38 CMakeFiles/uart.dir/Users/michaeljenz/Documents/pico/pico-sdk/src/rp2_common/pico_double/double_aeabi.S.obj
                0x10003f64                __wrap___aeabi_ui2d
                0x10003f6c                __wrap___aeabi_i2d
 .text.__wrap___aeabi_d2iz
                0x10003f9c       0x48 CMakeFiles/uart.dir/Users/michaeljenz/Documents/pico/pico-sdk/src/rp2_common/pico_double/double_aeabi.S.obj
                0x10003f9c                __wrap___aeabi_d2iz
                0x10003f9c                double2int_z
 .text.__wrap___aeabi_d2uiz
                0x10003fe4       0x18 CMakeFiles/uart.dir/Users/michaeljenz/Documents/pico/pico-sdk/src/rp2_common/pico_double/double_aeabi.S.obj
                0x10003fe4                double2uint
                0x10003fe4                __wrap___aeabi_d2uiz
 .text.__aeabi_double_init
                0x10003ffc       0xcc CMakeFiles/uart.dir/Users/michaeljenz/Documents/pico/pico-sdk/src/rp2_common/pico_double/double_init_rom.c.obj
                0x10003ffc                __aeabi_double_init
 .text.double_table_shim_on_use_helper
                0x100040c8       0x34 CMakeFiles/uart.dir/Users/michaeljenz/Documents/pico/pico-sdk/src/rp2_common/pico_double/double_v1_rom_shim.S.obj
                0x100040c8                double_table_shim_on_use_helper
 .text.__wrap___aeabi_dsub
                0x100040fc       0x10 CMakeFiles/uart.dir/Users/michaeljenz/Documents/pico/pico-sdk/src/rp2_common/pico_double/double_v1_rom_shim.S.obj
                0x100040fc                drsub_shim
                0x10004102                dsub_shim
 .text.dadd_shim
                0x1000410c      0x15c CMakeFiles/uart.dir/Users/michaeljenz/Documents/pico/pico-sdk/src/rp2_common/pico_double/double_v1_rom_shim.S.obj
                0x1000410c                dadd_shim
 .text.dmul_shim
                0x10004268      0x15c CMakeFiles/uart.dir/Users/michaeljenz/Documents/pico/pico-sdk/src/rp2_common/pico_double/double_v1_rom_shim.S.obj
                0x10004268                dmul_shim
 .text.ddiv_shim
                0x100043c4      0x1b0 CMakeFiles/uart.dir/Users/michaeljenz/Documents/pico/pico-sdk/src/rp2_common/pico_double/double_v1_rom_shim.S.obj
                0x100043c4                ddiv_shim
 .text.double2uint_shim
                0x10004574        0xe CMakeFiles/uart.dir/Users/michaeljenz/Documents/pico/pico-sdk/src/rp2_common/pico_double/double_v1_rom_shim.S.obj
                0x10004574                double2uint_shim
                0x10004576                double2ufix_shim
 *fill*         0x10004582        0x2 
 .text.double2uint64_shim
                0x10004584       0x70 CMakeFiles/uart.dir/Users/michaeljenz/Documents/pico/pico-sdk/src/rp2_common/pico_double/double_v1_rom_shim.S.obj
                0x10004584                double2uint64_shim
                0x10004586                double2ufix64_shim
                0x100045a6                d2fix_a
 .text.dunpacks
                0x100045f4       0x3c CMakeFiles/uart.dir/Users/michaeljenz/Documents/pico/pico-sdk/src/rp2_common/pico_double/double_v1_rom_shim.S.obj
                0x100045f4                dunpacks
 .text.__aeabi_lmul
                0x10004630       0x32 CMakeFiles/uart.dir/Users/michaeljenz/Documents/pico/pico-sdk/src/rp2_common/pico_int64_ops/pico_int64_ops_aeabi.S.obj
                0x10004630                __wrap___aeabi_lmul
 *fill*         0x10004662        0x2 
 .text.__aeabi_float_init
                0x10004664       0xfc CMakeFiles/uart.dir/Users/michaeljenz/Documents/pico/pico-sdk/src/rp2_common/pico_float/float_init_rom.c.obj
                0x10004664                __aeabi_float_init
 .text.float_table_shim_on_use_helper
                0x10004760       0x34 CMakeFiles/uart.dir/Users/michaeljenz/Documents/pico/pico-sdk/src/rp2_common/pico_float/float_v1_rom_shim.S.obj
                0x10004760                float_table_shim_on_use_helper
 .text          0x10004794       0x10 CMakeFiles/uart.dir/Users/michaeljenz/Documents/pico/pico-sdk/src/rp2_common/pico_mem_ops/mem_ops_aeabi.S.obj
                0x10004794                __aeabi_mem_init
 .text.memset   0x100047a4        0xc CMakeFiles/uart.dir/Users/michaeljenz/Documents/pico/pico-sdk/src/rp2_common/pico_mem_ops/mem_ops_aeabi.S.obj
                0x100047a4                __wrap_memset
 .text.memcpy   0x100047b0        0xc CMakeFiles/uart.dir/Users/michaeljenz/Documents/pico/pico-sdk/src/rp2_common/pico_mem_ops/mem_ops_aeabi.S.obj
                0x100047b0                __wrap___aeabi_memcpy
                0x100047b0                __wrap_memcpy
 .text.stdio_out_chars_no_crlf
                0x100047bc        0xe CMakeFiles/uart.dir/Users/michaeljenz/Documents/pico/pico-sdk/src/rp2_common/pico_stdio/stdio.c.obj
 *fill*         0x100047ca        0x2 
 .text.stdio_out_chars_crlf
                0x100047cc       0x80 CMakeFiles/uart.dir/Users/michaeljenz/Documents/pico/pico-sdk/src/rp2_common/pico_stdio/stdio.c.obj
 .text.stdio_stack_buffer_flush
                0x1000484c       0x44 CMakeFiles/uart.dir/Users/michaeljenz/Documents/pico/pico-sdk/src/rp2_common/pico_stdio/stdio.c.obj
 .text.stdio_buffered_printer
                0x10004890       0x20 CMakeFiles/uart.dir/Users/michaeljenz/Documents/pico/pico-sdk/src/rp2_common/pico_stdio/stdio.c.obj
 .text.update_us_since_boot
                0x100048b0       0x24 CMakeFiles/uart.dir/Users/michaeljenz/Documents/pico/pico-sdk/src/rp2_common/pico_stdio/stdio.c.obj
 .text.get_absolute_time
                0x100048d4       0x22 CMakeFiles/uart.dir/Users/michaeljenz/Documents/pico/pico-sdk/src/rp2_common/pico_stdio/stdio.c.obj
 *fill*         0x100048f6        0x2 
 .text.delayed_by_ms
                0x100048f8       0x44 CMakeFiles/uart.dir/Users/michaeljenz/Documents/pico/pico-sdk/src/rp2_common/pico_stdio/stdio.c.obj
 .text.make_timeout_time_ms
                0x1000493c       0x20 CMakeFiles/uart.dir/Users/michaeljenz/Documents/pico/pico-sdk/src/rp2_common/pico_stdio/stdio.c.obj
 .text.stdout_serialize_begin
                0x1000495c       0x20 CMakeFiles/uart.dir/Users/michaeljenz/Documents/pico/pico-sdk/src/rp2_common/pico_stdio/stdio.c.obj
                0x1000495c                stdout_serialize_begin
 .text.stdout_serialize_end
                0x1000497c       0x10 CMakeFiles/uart.dir/Users/michaeljenz/Documents/pico/pico-sdk/src/rp2_common/pico_stdio/stdio.c.obj
                0x1000497c                stdout_serialize_end
 .text.stdio_put_string
                0x1000498c       0x98 CMakeFiles/uart.dir/Users/michaeljenz/Documents/pico/pico-sdk/src/rp2_common/pico_stdio/stdio.c.obj
 .text.stdio_set_driver_enabled
                0x10004a24       0x2c CMakeFiles/uart.dir/Users/michaeljenz/Documents/pico/pico-sdk/src/rp2_common/pico_stdio/stdio.c.obj
                0x10004a24                stdio_set_driver_enabled
 .text.stdio_flush
                0x10004a50       0x20 CMakeFiles/uart.dir/Users/michaeljenz/Documents/pico/pico-sdk/src/rp2_common/pico_stdio/stdio.c.obj
                0x10004a50                stdio_flush
 .text.__wrap_puts
                0x10004a70       0x1e CMakeFiles/uart.dir/Users/michaeljenz/Documents/pico/pico-sdk/src/rp2_common/pico_stdio/stdio.c.obj
                0x10004a70                __wrap_puts
 *fill*         0x10004a8e        0x2 
 .text.__wrap_vprintf
                0x10004a90       0x40 CMakeFiles/uart.dir/Users/michaeljenz/Documents/pico/pico-sdk/src/rp2_common/pico_stdio/stdio.c.obj
                0x10004a90                __wrap_vprintf
 .text.__wrap_printf
                0x10004ad0       0x18 CMakeFiles/uart.dir/Users/michaeljenz/Documents/pico/pico-sdk/src/rp2_common/pico_stdio/stdio.c.obj
                0x10004ad0                __wrap_printf
 .text.stdio_init_all
                0x10004ae8        0x8 CMakeFiles/uart.dir/Users/michaeljenz/Documents/pico/pico-sdk/src/rp2_common/pico_stdio/stdio.c.obj
                0x10004ae8                stdio_init_all
 .text.resetd_init
                0x10004af0        0x2 CMakeFiles/uart.dir/Users/michaeljenz/Documents/pico/pico-sdk/src/rp2_common/pico_stdio_usb/reset_interface.c.obj
 *fill*         0x10004af2        0x2 
 .text.resetd_reset
                0x10004af4        0xc CMakeFiles/uart.dir/Users/michaeljenz/Documents/pico/pico-sdk/src/rp2_common/pico_stdio_usb/reset_interface.c.obj
 .text.resetd_open
                0x10004b00       0x34 CMakeFiles/uart.dir/Users/michaeljenz/Documents/pico/pico-sdk/src/rp2_common/pico_stdio_usb/reset_interface.c.obj
 .text.resetd_xfer_cb
                0x10004b34        0x4 CMakeFiles/uart.dir/Users/michaeljenz/Documents/pico/pico-sdk/src/rp2_common/pico_stdio_usb/reset_interface.c.obj
 .text.reset_usb_boot
                0x10004b38       0x18 CMakeFiles/uart.dir/Users/michaeljenz/Documents/pico/pico-sdk/src/rp2_common/pico_stdio_usb/reset_interface.c.obj
 .text.resetd_control_xfer_cb
                0x10004b50       0x5c CMakeFiles/uart.dir/Users/michaeljenz/Documents/pico/pico-sdk/src/rp2_common/pico_stdio_usb/reset_interface.c.obj
 .text.usbd_app_driver_get_cb
                0x10004bac        0xc CMakeFiles/uart.dir/Users/michaeljenz/Documents/pico/pico-sdk/src/rp2_common/pico_stdio_usb/reset_interface.c.obj
                0x10004bac                usbd_app_driver_get_cb
 .text.tud_cdc_line_coding_cb
                0x10004bb8       0x28 CMakeFiles/uart.dir/Users/michaeljenz/Documents/pico/pico-sdk/src/rp2_common/pico_stdio_usb/reset_interface.c.obj
                0x10004bb8                tud_cdc_line_coding_cb
 .text.stdio_usb_set_chars_available_callback
                0x10004be0       0x14 CMakeFiles/uart.dir/Users/michaeljenz/Documents/pico/pico-sdk/src/rp2_common/pico_stdio_usb/stdio_usb.c.obj
                0x10004be0                stdio_usb_set_chars_available_callback
 .text.update_us_since_boot
                0x10004bf4       0x24 CMakeFiles/uart.dir/Users/michaeljenz/Documents/pico/pico-sdk/src/rp2_common/pico_stdio_usb/stdio_usb.c.obj
 .text.get_absolute_time
                0x10004c18       0x22 CMakeFiles/uart.dir/Users/michaeljenz/Documents/pico/pico-sdk/src/rp2_common/pico_stdio_usb/stdio_usb.c.obj
 *fill*         0x10004c3a        0x2 
 .text.delayed_by_ms
                0x10004c3c       0x44 CMakeFiles/uart.dir/Users/michaeljenz/Documents/pico/pico-sdk/src/rp2_common/pico_stdio_usb/stdio_usb.c.obj
 .text.make_timeout_time_ms
                0x10004c80       0x20 CMakeFiles/uart.dir/Users/michaeljenz/Documents/pico/pico-sdk/src/rp2_common/pico_stdio_usb/stdio_usb.c.obj
 .text.delayed_by_us
                0x10004ca0       0x34 CMakeFiles/uart.dir/Users/michaeljenz/Documents/pico/pico-sdk/src/rp2_common/pico_stdio_usb/stdio_usb.c.obj
 .text.usb_irq  0x10004cd4       0x10 CMakeFiles/uart.dir/Users/michaeljenz/Documents/pico/pico-sdk/src/rp2_common/pico_stdio_usb/stdio_usb.c.obj
 .text.critical_section_enter_blocking
                0x10004ce4       0x16 CMakeFiles/uart.dir/Users/michaeljenz/Documents/pico/pico-sdk/src/rp2_common/pico_stdio_usb/stdio_usb.c.obj
 *fill*         0x10004cfa        0x2 
 .text.timer_task
                0x10004cfc       0x4c CMakeFiles/uart.dir/Users/michaeljenz/Documents/pico/pico-sdk/src/rp2_common/pico_stdio_usb/stdio_usb.c.obj
 .text.alarm_pool_add_alarm_in_us
                0x10004d48       0x3a CMakeFiles/uart.dir/Users/michaeljenz/Documents/pico/pico-sdk/src/rp2_common/pico_stdio_usb/stdio_usb.c.obj
 .text.add_alarm_in_us
                0x10004d82       0x2e CMakeFiles/uart.dir/Users/michaeljenz/Documents/pico/pico-sdk/src/rp2_common/pico_stdio_usb/stdio_usb.c.obj
 .text.low_priority_worker_irq
                0x10004db0       0x7c CMakeFiles/uart.dir/Users/michaeljenz/Documents/pico/pico-sdk/src/rp2_common/pico_stdio_usb/stdio_usb.c.obj
 .text.tud_cdc_rx_cb
                0x10004e2c       0x20 CMakeFiles/uart.dir/Users/michaeljenz/Documents/pico/pico-sdk/src/rp2_common/pico_stdio_usb/stdio_usb.c.obj
                0x10004e2c                tud_cdc_rx_cb
 .text.stdio_usb_init
                0x10004e4c       0xd0 CMakeFiles/uart.dir/Users/michaeljenz/Documents/pico/pico-sdk/src/rp2_common/pico_stdio_usb/stdio_usb.c.obj
                0x10004e4c                stdio_usb_init
 .text.stdio_usb_connected
                0x10004f1c        0xa CMakeFiles/uart.dir/Users/michaeljenz/Documents/pico/pico-sdk/src/rp2_common/pico_stdio_usb/stdio_usb.c.obj
                0x10004f1c                stdio_usb_connected
 *fill*         0x10004f26        0x2 
 .text.stdio_usb_in_chars
                0x10004f28       0x88 CMakeFiles/uart.dir/Users/michaeljenz/Documents/pico/pico-sdk/src/rp2_common/pico_stdio_usb/stdio_usb.c.obj
                0x10004f28                stdio_usb_in_chars
 .text.stdio_usb_out_chars
                0x10004fb0       0xd8 CMakeFiles/uart.dir/Users/michaeljenz/Documents/pico/pico-sdk/src/rp2_common/pico_stdio_usb/stdio_usb.c.obj
 .text.tud_descriptor_device_cb
                0x10005088        0x8 CMakeFiles/uart.dir/Users/michaeljenz/Documents/pico/pico-sdk/src/rp2_common/pico_stdio_usb/stdio_usb_descriptors.c.obj
                0x10005088                tud_descriptor_device_cb
 .text.tud_descriptor_configuration_cb
                0x10005090        0x8 CMakeFiles/uart.dir/Users/michaeljenz/Documents/pico/pico-sdk/src/rp2_common/pico_stdio_usb/stdio_usb_descriptors.c.obj
                0x10005090                tud_descriptor_configuration_cb
 .text.tud_descriptor_string_cb
                0x10005098       0x6c CMakeFiles/uart.dir/Users/michaeljenz/Documents/pico/pico-sdk/src/rp2_common/pico_stdio_usb/stdio_usb_descriptors.c.obj
                0x10005098                tud_descriptor_string_cb
 .text._retrieve_unique_id_on_boot
                0x10005104       0x10 CMakeFiles/uart.dir/Users/michaeljenz/Documents/pico/pico-sdk/src/rp2_common/pico_unique_id/unique_id.c.obj
 .text.pico_get_unique_board_id_string
                0x10005114       0x5c CMakeFiles/uart.dir/Users/michaeljenz/Documents/pico/pico-sdk/src/rp2_common/pico_unique_id/unique_id.c.obj
                0x10005114                pico_get_unique_board_id_string
 .text.flash_get_unique_id
                0x10005170       0x40 CMakeFiles/uart.dir/Users/michaeljenz/Documents/pico/pico-sdk/src/rp2_common/hardware_flash/flash.c.obj
                0x10005170                flash_get_unique_id
 .text.hw_endpoint_get_by_addr
                0x100051b0       0x18 CMakeFiles/uart.dir/Users/michaeljenz/Documents/pico/pico-sdk/lib/tinyusb/src/portable/raspberrypi/rp2040/dcd_rp2040.c.obj
 .text._hw_endpoint_alloc
                0x100051c8       0x70 CMakeFiles/uart.dir/Users/michaeljenz/Documents/pico/pico-sdk/lib/tinyusb/src/portable/raspberrypi/rp2040/dcd_rp2040.c.obj
 .text.hw_endpoint_init
                0x10005238       0x88 CMakeFiles/uart.dir/Users/michaeljenz/Documents/pico/pico-sdk/lib/tinyusb/src/portable/raspberrypi/rp2040/dcd_rp2040.c.obj
 .text.dcd_event_sof
                0x100052c0       0x2c CMakeFiles/uart.dir/Users/michaeljenz/Documents/pico/pico-sdk/lib/tinyusb/src/portable/raspberrypi/rp2040/dcd_rp2040.c.obj
 .text.hw_endpoint_xfer
                0x100052ec       0x14 CMakeFiles/uart.dir/Users/michaeljenz/Documents/pico/pico-sdk/lib/tinyusb/src/portable/raspberrypi/rp2040/dcd_rp2040.c.obj
 .text.dcd_int_enable
                0x10005300       0x2c CMakeFiles/uart.dir/Users/michaeljenz/Documents/pico/pico-sdk/lib/tinyusb/src/portable/raspberrypi/rp2040/dcd_rp2040.c.obj
                0x10005300                dcd_int_enable
 .text.dcd_set_address
                0x1000532c       0x2c CMakeFiles/uart.dir/Users/michaeljenz/Documents/pico/pico-sdk/lib/tinyusb/src/portable/raspberrypi/rp2040/dcd_rp2040.c.obj
                0x1000532c                dcd_set_address
 .text.dcd_connect
                0x10005358       0x10 CMakeFiles/uart.dir/Users/michaeljenz/Documents/pico/pico-sdk/lib/tinyusb/src/portable/raspberrypi/rp2040/dcd_rp2040.c.obj
                0x10005358                dcd_connect
 .text.dcd_init
                0x10005368       0x80 CMakeFiles/uart.dir/Users/michaeljenz/Documents/pico/pico-sdk/lib/tinyusb/src/portable/raspberrypi/rp2040/dcd_rp2040.c.obj
                0x10005368                dcd_init
 .text.dcd_edpt0_status_complete
                0x100053e8       0x1c CMakeFiles/uart.dir/Users/michaeljenz/Documents/pico/pico-sdk/lib/tinyusb/src/portable/raspberrypi/rp2040/dcd_rp2040.c.obj
                0x100053e8                dcd_edpt0_status_complete
 .text.dcd_edpt_open
                0x10005404       0x40 CMakeFiles/uart.dir/Users/michaeljenz/Documents/pico/pico-sdk/lib/tinyusb/src/portable/raspberrypi/rp2040/dcd_rp2040.c.obj
                0x10005404                dcd_edpt_open
 .text.dcd_edpt_close_all
                0x10005444        0x8 CMakeFiles/uart.dir/Users/michaeljenz/Documents/pico/pico-sdk/lib/tinyusb/src/portable/raspberrypi/rp2040/dcd_rp2040.c.obj
                0x10005444                dcd_edpt_close_all
 .text.dcd_edpt_xfer
                0x1000544c       0x34 CMakeFiles/uart.dir/Users/michaeljenz/Documents/pico/pico-sdk/lib/tinyusb/src/portable/raspberrypi/rp2040/dcd_rp2040.c.obj
                0x1000544c                dcd_edpt_xfer
 .text.dcd_edpt_stall
                0x10005480       0x2c CMakeFiles/uart.dir/Users/michaeljenz/Documents/pico/pico-sdk/lib/tinyusb/src/portable/raspberrypi/rp2040/dcd_rp2040.c.obj
                0x10005480                dcd_edpt_stall
 .text.dcd_edpt_clear_stall
                0x100054ac       0x20 CMakeFiles/uart.dir/Users/michaeljenz/Documents/pico/pico-sdk/lib/tinyusb/src/portable/raspberrypi/rp2040/dcd_rp2040.c.obj
                0x100054ac                dcd_edpt_clear_stall
 .text.rp2040_usb_init
                0x100054cc       0x4c CMakeFiles/uart.dir/Users/michaeljenz/Documents/pico/pico-sdk/lib/tinyusb/src/portable/raspberrypi/rp2040/rp2040_usb.c.obj
                0x100054cc                rp2040_usb_init
 .text.hw_endpoint_xfer_start
                0x10005518       0x50 CMakeFiles/uart.dir/Users/michaeljenz/Documents/pico/pico-sdk/lib/tinyusb/src/portable/raspberrypi/rp2040/rp2040_usb.c.obj
                0x10005518                hw_endpoint_xfer_start
 .text.configuration_reset
                0x10005568       0x84 CMakeFiles/uart.dir/Users/michaeljenz/Documents/pico/pico-sdk/lib/tinyusb/src/device/usbd.c.obj
 .text.critical_section_enter_blocking
                0x100055ec       0x16 CMakeFiles/uart.dir/Users/michaeljenz/Documents/pico/pico-sdk/lib/tinyusb/src/device/usbd.c.obj
 .text.usbd_reset
                0x10005602        0xc CMakeFiles/uart.dir/Users/michaeljenz/Documents/pico/pico-sdk/lib/tinyusb/src/device/usbd.c.obj
 .text.invoke_class_control
                0x1000560e       0x1a CMakeFiles/uart.dir/Users/michaeljenz/Documents/pico/pico-sdk/lib/tinyusb/src/device/usbd.c.obj
 .text.process_set_config
                0x10005628      0x178 CMakeFiles/uart.dir/Users/michaeljenz/Documents/pico/pico-sdk/lib/tinyusb/src/device/usbd.c.obj
 .text.process_get_descriptor
                0x100057a0       0xdc CMakeFiles/uart.dir/Users/michaeljenz/Documents/pico/pico-sdk/lib/tinyusb/src/device/usbd.c.obj
 .text.tud_mounted
                0x1000587c       0x10 CMakeFiles/uart.dir/Users/michaeljenz/Documents/pico/pico-sdk/lib/tinyusb/src/device/usbd.c.obj
                0x1000587c                tud_mounted
 .text.tud_suspended
                0x1000588c       0x10 CMakeFiles/uart.dir/Users/michaeljenz/Documents/pico/pico-sdk/lib/tinyusb/src/device/usbd.c.obj
                0x1000588c                tud_suspended
 .text.tud_inited
                0x1000589c       0x14 CMakeFiles/uart.dir/Users/michaeljenz/Documents/pico/pico-sdk/lib/tinyusb/src/device/usbd.c.obj
                0x1000589c                tud_inited
 .text.tud_init
                0x100058b0       0xcc CMakeFiles/uart.dir/Users/michaeljenz/Documents/pico/pico-sdk/lib/tinyusb/src/device/usbd.c.obj
                0x100058b0                tud_init
 .text.usbd_defer_func
                0x1000597c       0x2a CMakeFiles/uart.dir/Users/michaeljenz/Documents/pico/pico-sdk/lib/tinyusb/src/device/usbd.c.obj
                0x1000597c                usbd_defer_func
 *fill*         0x100059a6        0x2 
 .text.usbd_edpt_open
                0x100059a8       0x34 CMakeFiles/uart.dir/Users/michaeljenz/Documents/pico/pico-sdk/lib/tinyusb/src/device/usbd.c.obj
                0x100059a8                usbd_edpt_open
 .text.usbd_open_edpt_pair
                0x100059dc       0x62 CMakeFiles/uart.dir/Users/michaeljenz/Documents/pico/pico-sdk/lib/tinyusb/src/device/usbd.c.obj
                0x100059dc                usbd_open_edpt_pair
 *fill*         0x10005a3e        0x2 
 .text.usbd_edpt_claim
                0x10005a40       0x28 CMakeFiles/uart.dir/Users/michaeljenz/Documents/pico/pico-sdk/lib/tinyusb/src/device/usbd.c.obj
                0x10005a40                usbd_edpt_claim
 .text.usbd_edpt_release
                0x10005a68       0x28 CMakeFiles/uart.dir/Users/michaeljenz/Documents/pico/pico-sdk/lib/tinyusb/src/device/usbd.c.obj
                0x10005a68                usbd_edpt_release
 .text.usbd_edpt_xfer
                0x10005a90       0x78 CMakeFiles/uart.dir/Users/michaeljenz/Documents/pico/pico-sdk/lib/tinyusb/src/device/usbd.c.obj
                0x10005a90                usbd_edpt_xfer
 .text.usbd_edpt_stall
                0x10005b08       0x48 CMakeFiles/uart.dir/Users/michaeljenz/Documents/pico/pico-sdk/lib/tinyusb/src/device/usbd.c.obj
                0x10005b08                usbd_edpt_stall
 .text.usbd_edpt_clear_stall
                0x10005b50       0x48 CMakeFiles/uart.dir/Users/michaeljenz/Documents/pico/pico-sdk/lib/tinyusb/src/device/usbd.c.obj
                0x10005b50                usbd_edpt_clear_stall
 .text.usbd_edpt_stalled
                0x10005b98       0x1c CMakeFiles/uart.dir/Users/michaeljenz/Documents/pico/pico-sdk/lib/tinyusb/src/device/usbd.c.obj
                0x10005b98                usbd_edpt_stalled
 .text.process_control_request
                0x10005bb4      0x374 CMakeFiles/uart.dir/Users/michaeljenz/Documents/pico/pico-sdk/lib/tinyusb/src/device/usbd.c.obj
 .text.tud_task_ext
                0x10005f28      0x1a8 CMakeFiles/uart.dir/Users/michaeljenz/Documents/pico/pico-sdk/lib/tinyusb/src/device/usbd.c.obj
                0x10005f28                tud_task_ext
 .text._status_stage_xact
                0x100060d0       0x1a CMakeFiles/uart.dir/Users/michaeljenz/Documents/pico/pico-sdk/lib/tinyusb/src/device/usbd_control.c.obj
 *fill*         0x100060ea        0x2 
 .text._data_stage_xact
                0x100060ec       0x58 CMakeFiles/uart.dir/Users/michaeljenz/Documents/pico/pico-sdk/lib/tinyusb/src/device/usbd_control.c.obj
 .text.tud_control_status
                0x10006144       0x28 CMakeFiles/uart.dir/Users/michaeljenz/Documents/pico/pico-sdk/lib/tinyusb/src/device/usbd_control.c.obj
                0x10006144                tud_control_status
 .text.tud_control_xfer
                0x1000616c       0x68 CMakeFiles/uart.dir/Users/michaeljenz/Documents/pico/pico-sdk/lib/tinyusb/src/device/usbd_control.c.obj
                0x1000616c                tud_control_xfer
 .text.usbd_control_reset
                0x100061d4       0x14 CMakeFiles/uart.dir/Users/michaeljenz/Documents/pico/pico-sdk/lib/tinyusb/src/device/usbd_control.c.obj
                0x100061d4                usbd_control_reset
 .text.usbd_control_set_complete_callback
                0x100061e8        0xc CMakeFiles/uart.dir/Users/michaeljenz/Documents/pico/pico-sdk/lib/tinyusb/src/device/usbd_control.c.obj
                0x100061e8                usbd_control_set_complete_callback
 .text.usbd_control_set_request
                0x100061f4       0x1c CMakeFiles/uart.dir/Users/michaeljenz/Documents/pico/pico-sdk/lib/tinyusb/src/device/usbd_control.c.obj
                0x100061f4                usbd_control_set_request
 .text.usbd_control_xfer_cb
                0x10006210       0xbc CMakeFiles/uart.dir/Users/michaeljenz/Documents/pico/pico-sdk/lib/tinyusb/src/device/usbd_control.c.obj
                0x10006210                usbd_control_xfer_cb
 .text._prep_out_transaction
                0x100062cc       0x4a CMakeFiles/uart.dir/Users/michaeljenz/Documents/pico/pico-sdk/lib/tinyusb/src/class/cdc/cdc_device.c.obj
 *fill*         0x10006316        0x2 
 .text.tud_cdc_n_connected
                0x10006318       0x38 CMakeFiles/uart.dir/Users/michaeljenz/Documents/pico/pico-sdk/lib/tinyusb/src/class/cdc/cdc_device.c.obj
                0x10006318                tud_cdc_n_connected
 .text.tud_cdc_n_available
                0x10006350       0x18 CMakeFiles/uart.dir/Users/michaeljenz/Documents/pico/pico-sdk/lib/tinyusb/src/class/cdc/cdc_device.c.obj
                0x10006350                tud_cdc_n_available
 .text.tud_cdc_n_read
                0x10006368       0x28 CMakeFiles/uart.dir/Users/michaeljenz/Documents/pico/pico-sdk/lib/tinyusb/src/class/cdc/cdc_device.c.obj
                0x10006368                tud_cdc_n_read
 .text.tud_cdc_n_write_flush
                0x10006390       0xb8 CMakeFiles/uart.dir/Users/michaeljenz/Documents/pico/pico-sdk/lib/tinyusb/src/class/cdc/cdc_device.c.obj
                0x10006390                tud_cdc_n_write_flush
 .text.tud_cdc_n_write
                0x10006448       0x38 CMakeFiles/uart.dir/Users/michaeljenz/Documents/pico/pico-sdk/lib/tinyusb/src/class/cdc/cdc_device.c.obj
                0x10006448                tud_cdc_n_write
 .text.tud_cdc_n_write_available
                0x10006480       0x1c CMakeFiles/uart.dir/Users/michaeljenz/Documents/pico/pico-sdk/lib/tinyusb/src/class/cdc/cdc_device.c.obj
                0x10006480                tud_cdc_n_write_available
 .text.cdcd_init
                0x1000649c       0xbc CMakeFiles/uart.dir/Users/michaeljenz/Documents/pico/pico-sdk/lib/tinyusb/src/class/cdc/cdc_device.c.obj
                0x1000649c                cdcd_init
 .text.cdcd_reset
                0x10006558       0x44 CMakeFiles/uart.dir/Users/michaeljenz/Documents/pico/pico-sdk/lib/tinyusb/src/class/cdc/cdc_device.c.obj
                0x10006558                cdcd_reset
 .text.cdcd_open
                0x1000659c       0xc4 CMakeFiles/uart.dir/Users/michaeljenz/Documents/pico/pico-sdk/lib/tinyusb/src/class/cdc/cdc_device.c.obj
                0x1000659c                cdcd_open
 .text.cdcd_control_xfer_cb
                0x10006660      0x134 CMakeFiles/uart.dir/Users/michaeljenz/Documents/pico/pico-sdk/lib/tinyusb/src/class/cdc/cdc_device.c.obj
                0x10006660                cdcd_control_xfer_cb
 .text.cdcd_xfer_cb
                0x10006794      0x130 CMakeFiles/uart.dir/Users/michaeljenz/Documents/pico/pico-sdk/lib/tinyusb/src/class/cdc/cdc_device.c.obj
                0x10006794                cdcd_xfer_cb
 .text.tusb_init
                0x100068c4        0xa CMakeFiles/uart.dir/Users/michaeljenz/Documents/pico/pico-sdk/lib/tinyusb/src/tusb.c.obj
                0x100068c4                tusb_init
 .text.tusb_inited
                0x100068ce        0xe CMakeFiles/uart.dir/Users/michaeljenz/Documents/pico/pico-sdk/lib/tinyusb/src/tusb.c.obj
                0x100068ce                tusb_inited
 .text.tu_edpt_claim
                0x100068dc       0x50 CMakeFiles/uart.dir/Users/michaeljenz/Documents/pico/pico-sdk/lib/tinyusb/src/tusb.c.obj
                0x100068dc                tu_edpt_claim
 .text.tu_edpt_release
                0x1000692c       0x38 CMakeFiles/uart.dir/Users/michaeljenz/Documents/pico/pico-sdk/lib/tinyusb/src/tusb.c.obj
                0x1000692c                tu_edpt_release
 .text.tu_edpt_validate
                0x10006964       0x78 CMakeFiles/uart.dir/Users/michaeljenz/Documents/pico/pico-sdk/lib/tinyusb/src/tusb.c.obj
                0x10006964                tu_edpt_validate
 .text.tu_edpt_bind_driver
                0x100069dc       0x26 CMakeFiles/uart.dir/Users/michaeljenz/Documents/pico/pico-sdk/lib/tinyusb/src/tusb.c.obj
                0x100069dc                tu_edpt_bind_driver
 .text.advance_index
                0x10006a02       0x1a CMakeFiles/uart.dir/Users/michaeljenz/Documents/pico/pico-sdk/lib/tinyusb/src/common/tusb_fifo.c.obj
 .text._tu_fifo_peek
                0x10006a1c       0x56 CMakeFiles/uart.dir/Users/michaeljenz/Documents/pico/pico-sdk/lib/tinyusb/src/common/tusb_fifo.c.obj
 .text._ff_pull_const_addr
                0x10006a72       0x4c CMakeFiles/uart.dir/Users/michaeljenz/Documents/pico/pico-sdk/lib/tinyusb/src/common/tusb_fifo.c.obj
 .text._ff_pull_n
                0x10006abe      0x110 CMakeFiles/uart.dir/Users/michaeljenz/Documents/pico/pico-sdk/lib/tinyusb/src/common/tusb_fifo.c.obj
 .text._tu_fifo_peek_n
                0x10006bce       0x6a CMakeFiles/uart.dir/Users/michaeljenz/Documents/pico/pico-sdk/lib/tinyusb/src/common/tusb_fifo.c.obj
 .text._tu_fifo_read_n
                0x10006c38       0x4e CMakeFiles/uart.dir/Users/michaeljenz/Documents/pico/pico-sdk/lib/tinyusb/src/common/tusb_fifo.c.obj
 .text._ff_push_const_addr
                0x10006c86       0x40 CMakeFiles/uart.dir/Users/michaeljenz/Documents/pico/pico-sdk/lib/tinyusb/src/common/tusb_fifo.c.obj
 .text._ff_push_n
                0x10006cc6      0x10c CMakeFiles/uart.dir/Users/michaeljenz/Documents/pico/pico-sdk/lib/tinyusb/src/common/tusb_fifo.c.obj
 .text._tu_fifo_write_n
                0x10006dd2       0xf0 CMakeFiles/uart.dir/Users/michaeljenz/Documents/pico/pico-sdk/lib/tinyusb/src/common/tusb_fifo.c.obj
 .text.tu_fifo_config
                0x10006ec2       0x7c CMakeFiles/uart.dir/Users/michaeljenz/Documents/pico/pico-sdk/lib/tinyusb/src/common/tusb_fifo.c.obj
                0x10006ec2                tu_fifo_config
 .text.tu_fifo_count
                0x10006f3e       0x2a CMakeFiles/uart.dir/Users/michaeljenz/Documents/pico/pico-sdk/lib/tinyusb/src/common/tusb_fifo.c.obj
                0x10006f3e                tu_fifo_count
 .text.tu_fifo_empty
                0x10006f68        0xe CMakeFiles/uart.dir/Users/michaeljenz/Documents/pico/pico-sdk/lib/tinyusb/src/common/tusb_fifo.c.obj
                0x10006f68                tu_fifo_empty
 .text.tu_fifo_full
                0x10006f76       0x28 CMakeFiles/uart.dir/Users/michaeljenz/Documents/pico/pico-sdk/lib/tinyusb/src/common/tusb_fifo.c.obj
                0x10006f76                tu_fifo_full
 .text.tu_fifo_remaining
                0x10006f9e       0x2c CMakeFiles/uart.dir/Users/michaeljenz/Documents/pico/pico-sdk/lib/tinyusb/src/common/tusb_fifo.c.obj
                0x10006f9e                tu_fifo_remaining
 .text.tu_fifo_read
                0x10006fca       0x42 CMakeFiles/uart.dir/Users/michaeljenz/Documents/pico/pico-sdk/lib/tinyusb/src/common/tusb_fifo.c.obj
                0x10006fca                tu_fifo_read
 .text.tu_fifo_read_n
                0x1000700c        0xa CMakeFiles/uart.dir/Users/michaeljenz/Documents/pico/pico-sdk/lib/tinyusb/src/common/tusb_fifo.c.obj
                0x1000700c                tu_fifo_read_n
 .text.tu_fifo_write
                0x10007016       0x64 CMakeFiles/uart.dir/Users/michaeljenz/Documents/pico/pico-sdk/lib/tinyusb/src/common/tusb_fifo.c.obj
                0x10007016                tu_fifo_write
 .text.tu_fifo_write_n
                0x1000707a        0xa CMakeFiles/uart.dir/Users/michaeljenz/Documents/pico/pico-sdk/lib/tinyusb/src/common/tusb_fifo.c.obj
                0x1000707a                tu_fifo_write_n
 .text.tu_fifo_clear
                0x10007084       0x3e CMakeFiles/uart.dir/Users/michaeljenz/Documents/pico/pico-sdk/lib/tinyusb/src/common/tusb_fifo.c.obj
                0x10007084                tu_fifo_clear
 .text.tu_fifo_set_overwritable
                0x100070c2       0x46 CMakeFiles/uart.dir/Users/michaeljenz/Documents/pico/pico-sdk/lib/tinyusb/src/common/tusb_fifo.c.obj
                0x100070c2                tu_fifo_set_overwritable
 .text.i2c_write_blocking_internal
                0x10007108      0x146 CMakeFiles/uart.dir/Users/michaeljenz/Documents/pico/pico-sdk/src/rp2_common/hardware_i2c/i2c.c.obj
 *fill*         0x1000724e        0x2 
 .text.i2c_set_baudrate
                0x10007250       0xf0 CMakeFiles/uart.dir/Users/michaeljenz/Documents/pico/pico-sdk/src/rp2_common/hardware_i2c/i2c.c.obj
                0x10007250                i2c_set_baudrate
 .text.i2c_init
                0x10007340       0x58 CMakeFiles/uart.dir/Users/michaeljenz/Documents/pico/pico-sdk/src/rp2_common/hardware_i2c/i2c.c.obj
                0x10007340                i2c_init
 .text.i2c_write_blocking
                0x10007398       0x18 CMakeFiles/uart.dir/Users/michaeljenz/Documents/pico/pico-sdk/src/rp2_common/hardware_i2c/i2c.c.obj
                0x10007398                i2c_write_blocking
 .text.strlen   0x100073b0       0x5c /Applications/ArmGNUToolchain/13.2.Rel1/arm-none-eabi/bin/../lib/gcc/arm-none-eabi/13.2.1/../../../../arm-none-eabi/lib/thumb/v6-m/nofp/libg.a(libc_a-strlen-stub.o)
                0x100073b0                strlen
 *(.fini)
 .fini          0x1000740c        0x4 /Applications/ArmGNUToolchain/13.2.Rel1/arm-none-eabi/bin/../lib/gcc/arm-none-eabi/13.2.1/thumb/v6-m/nofp/crti.o
                0x1000740c                _fini
 .fini.__stub   0x10007410       0xe0 linker stubs
 *crtbegin.o(.ctors)
 *crtbegin?.o(.ctors)
 *(EXCLUDE_FILE(*crtend.o *crtend?.o) .ctors)
 *(SORT_BY_NAME(.ctors.*))
 *(.ctors)
 *crtbegin.o(.dtors)
 *crtbegin?.o(.dtors)
 *(EXCLUDE_FILE(*crtend.o *crtend?.o) .dtors)
 *(SORT_BY_NAME(.dtors.*))
 *(.dtors)
 *(.eh_frame*)
 .eh_frame      0x100074f0        0x0 /Applications/ArmGNUToolchain/13.2.Rel1/arm-none-eabi/bin/../lib/gcc/arm-none-eabi/13.2.1/thumb/v6-m/nofp/crtbegin.o
                0x100074f0                        . = ALIGN (0x4)

.glue_7         0x100074f0        0x0
 .glue_7        0x100074f0        0x0 linker stubs

.glue_7t        0x100074f0        0x0
 .glue_7t       0x100074f0        0x0 linker stubs

.vfp11_veneer   0x100074f0        0x0
 .vfp11_veneer  0x100074f0        0x0 linker stubs

.v4_bx          0x100074f0        0x0
 .v4_bx         0x100074f0        0x0 linker stubs

.iplt           0x100074f0        0x0
 .iplt          0x100074f0        0x0 /Applications/ArmGNUToolchain/13.2.Rel1/arm-none-eabi/bin/../lib/gcc/arm-none-eabi/13.2.1/thumb/v6-m/nofp/crtbegin.o

.rodata         0x100074f0     0x18a4
 *(EXCLUDE_FILE(*libm.a: *libc.a:*lib_a-mem*.o *libgcc.a:) .rodata*)
 .rodata.main.str1.4
                0x100074f0      0xfed CMakeFiles/uart.dir/uart.c.obj
                                 0x19 (size before relaxing)
 *fill*         0x100084dd        0x3 
 .rodata.ASCII  0x100084e0      0x1e0 CMakeFiles/uart.dir/ssd1306.c.obj
 .rodata.spin_lock_claim_unused.str1.4
                0x100086c0       0x1b CMakeFiles/uart.dir/Users/michaeljenz/Documents/pico/pico-sdk/src/rp2_common/hardware_sync/sync.c.obj
 .rodata.resolve_branch.str1.4
                0x100086c0       0x65 CMakeFiles/uart.dir/Users/michaeljenz/Documents/pico/pico-sdk/src/rp2_common/hardware_irq/irq.c.obj
 .rodata.make_branch.str1.4
                0x100086c0       0x30 CMakeFiles/uart.dir/Users/michaeljenz/Documents/pico/pico-sdk/src/rp2_common/hardware_irq/irq.c.obj
 .rodata.insert_branch_and_link.str1.4
                0x100086c0       0x10 CMakeFiles/uart.dir/Users/michaeljenz/Documents/pico/pico-sdk/src/rp2_common/hardware_irq/irq.c.obj
 .rodata.irq_set_exclusive_handler.str1.4
                0x100086c0       0x36 CMakeFiles/uart.dir/Users/michaeljenz/Documents/pico/pico-sdk/src/rp2_common/hardware_irq/irq.c.obj
 .rodata.irq_add_shared_handler.str1.4
                0x100086c0       0xc2 CMakeFiles/uart.dir/Users/michaeljenz/Documents/pico/pico-sdk/src/rp2_common/hardware_irq/irq.c.obj
 .rodata.irq_remove_handler.str1.4
                0x100086c0       0x3a CMakeFiles/uart.dir/Users/michaeljenz/Documents/pico/pico-sdk/src/rp2_common/hardware_irq/irq.c.obj
 .rodata.irq_add_tail_to_free_list.str1.4
                0x100086c0       0x3a CMakeFiles/uart.dir/Users/michaeljenz/Documents/pico/pico-sdk/src/rp2_common/hardware_irq/irq.c.obj
 .rodata.user_irq_claim_unused.str1.4
                0x100086c0       0x1b CMakeFiles/uart.dir/Users/michaeljenz/Documents/pico/pico-sdk/src/rp2_common/hardware_irq/irq.c.obj
 .rodata.__func__.0
                0x100086c0       0x1a CMakeFiles/uart.dir/Users/michaeljenz/Documents/pico/pico-sdk/src/rp2_common/hardware_irq/irq.c.obj
 *fill*         0x100086da        0x2 
 .rodata.__func__.1
                0x100086dc       0x17 CMakeFiles/uart.dir/Users/michaeljenz/Documents/pico/pico-sdk/src/rp2_common/hardware_irq/irq.c.obj
 *fill*         0x100086f3        0x1 
 .rodata.__func__.2
                0x100086f4       0x13 CMakeFiles/uart.dir/Users/michaeljenz/Documents/pico/pico-sdk/src/rp2_common/hardware_irq/irq.c.obj
 *fill*         0x10008707        0x1 
 .rodata.__func__.3
                0x10008708        0xc CMakeFiles/uart.dir/Users/michaeljenz/Documents/pico/pico-sdk/src/rp2_common/hardware_irq/irq.c.obj
 .rodata.__func__.4
                0x10008714        0xf CMakeFiles/uart.dir/Users/michaeljenz/Documents/pico/pico-sdk/src/rp2_common/hardware_irq/irq.c.obj
 *fill*         0x10008723        0x1 
 .rodata.__func__.5
                0x10008724       0x17 CMakeFiles/uart.dir/Users/michaeljenz/Documents/pico/pico-sdk/src/rp2_common/hardware_irq/irq.c.obj
 *fill*         0x1000873b        0x1 
 .rodata.__func__.6
                0x1000873c       0x1a CMakeFiles/uart.dir/Users/michaeljenz/Documents/pico/pico-sdk/src/rp2_common/hardware_irq/irq.c.obj
 .rodata.update_us_since_boot.str1.4
                0x10008756       0x71 CMakeFiles/uart.dir/Users/michaeljenz/Documents/pico/pico-sdk/src/common/pico_sync/mutex.c.obj
 .rodata.str1.4
                0x10008756       0x99 CMakeFiles/uart.dir/Users/michaeljenz/Documents/pico/pico-sdk/src/common/pico_sync/mutex.c.obj
 *fill*         0x10008756        0x2 
 .rodata.__func__.1
                0x10008758        0xb CMakeFiles/uart.dir/Users/michaeljenz/Documents/pico/pico-sdk/src/common/pico_sync/mutex.c.obj
 *fill*         0x10008763        0x1 
 .rodata.__func__.3
                0x10008764       0x18 CMakeFiles/uart.dir/Users/michaeljenz/Documents/pico/pico-sdk/src/common/pico_sync/mutex.c.obj
 .rodata.__func__.4
                0x1000877c       0x15 CMakeFiles/uart.dir/Users/michaeljenz/Documents/pico/pico-sdk/src/common/pico_sync/mutex.c.obj
 .rodata.get_entry.str1.4
                0x10008791       0x6b CMakeFiles/uart.dir/Users/michaeljenz/Documents/pico/pico-sdk/src/common/pico_time/time.c.obj
 .rodata.update_us_since_boot.str1.4
                0x10008791       0x71 CMakeFiles/uart.dir/Users/michaeljenz/Documents/pico/pico-sdk/src/common/pico_time/time.c.obj
 .rodata.ph_get_node.str1.4
                0x10008791       0x76 CMakeFiles/uart.dir/Users/michaeljenz/Documents/pico/pico-sdk/src/common/pico_time/time.c.obj
 .rodata.ph_add_child_node.str1.4
                0x10008791       0x2e CMakeFiles/uart.dir/Users/michaeljenz/Documents/pico/pico-sdk/src/common/pico_time/time.c.obj
 .rodata.ph_insert_node.str1.4
                0x10008791        0x3 CMakeFiles/uart.dir/Users/michaeljenz/Documents/pico/pico-sdk/src/common/pico_time/time.c.obj
 .rodata.ph_free_node.str1.4
                0x10008791       0x38 CMakeFiles/uart.dir/Users/michaeljenz/Documents/pico/pico-sdk/src/common/pico_time/time.c.obj
 .rodata.add_alarm_under_lock.str1.4
                0x10008791       0x28 CMakeFiles/uart.dir/Users/michaeljenz/Documents/pico/pico-sdk/src/common/pico_time/time.c.obj
 .rodata.alarm_pool_alarm_callback.str1.4
                0x10008791       0x60 CMakeFiles/uart.dir/Users/michaeljenz/Documents/pico/pico-sdk/src/common/pico_time/time.c.obj
 .rodata.alarm_pool_get_default.str1.4
                0x10008791       0x21 CMakeFiles/uart.dir/Users/michaeljenz/Documents/pico/pico-sdk/src/common/pico_time/time.c.obj
 .rodata.alarm_pool_cancel_alarm.str1.4
                0x10008791       0x27 CMakeFiles/uart.dir/Users/michaeljenz/Documents/pico/pico-sdk/src/common/pico_time/time.c.obj
 .rodata.sleep_until.str1.4
                0x10008791       0x4d CMakeFiles/uart.dir/Users/michaeljenz/Documents/pico/pico-sdk/src/common/pico_time/time.c.obj
 *fill*         0x10008791        0x3 
 .rodata.__func__.1
                0x10008794       0x18 CMakeFiles/uart.dir/Users/michaeljenz/Documents/pico/pico-sdk/src/common/pico_time/time.c.obj
 .rodata.__func__.3
                0x100087ac       0x17 CMakeFiles/uart.dir/Users/michaeljenz/Documents/pico/pico-sdk/src/common/pico_time/time.c.obj
 *fill*         0x100087c3        0x1 
 .rodata.__func__.4
                0x100087c4       0x12 CMakeFiles/uart.dir/Users/michaeljenz/Documents/pico/pico-sdk/src/common/pico_time/time.c.obj
 *fill*         0x100087d6        0x2 
 .rodata.__func__.5
                0x100087d8        0xd CMakeFiles/uart.dir/Users/michaeljenz/Documents/pico/pico-sdk/src/common/pico_time/time.c.obj
 *fill*         0x100087e5        0x3 
 .rodata.__func__.6
                0x100087e8       0x12 CMakeFiles/uart.dir/Users/michaeljenz/Documents/pico/pico-sdk/src/common/pico_time/time.c.obj
 *fill*         0x100087fa        0x2 
 .rodata.__func__.7
                0x100087fc        0xf CMakeFiles/uart.dir/Users/michaeljenz/Documents/pico/pico-sdk/src/common/pico_time/time.c.obj
 *fill*         0x1000880b        0x1 
 .rodata.__func__.8
                0x1000880c        0xc CMakeFiles/uart.dir/Users/michaeljenz/Documents/pico/pico-sdk/src/common/pico_time/time.c.obj
 .rodata.__func__.9
                0x10008818       0x15 CMakeFiles/uart.dir/Users/michaeljenz/Documents/pico/pico-sdk/src/common/pico_time/time.c.obj
 *fill*         0x1000882d        0x3 
 .rodata.__func__.10
                0x10008830       0x15 CMakeFiles/uart.dir/Users/michaeljenz/Documents/pico/pico-sdk/src/common/pico_time/time.c.obj
 *fill*         0x10008845        0x3 
 .rodata.__func__.11
                0x10008848       0x1a CMakeFiles/uart.dir/Users/michaeljenz/Documents/pico/pico-sdk/src/common/pico_time/time.c.obj
 *fill*         0x10008862        0x2 
 .rodata.__func__.12
                0x10008864        0xa CMakeFiles/uart.dir/Users/michaeljenz/Documents/pico/pico-sdk/src/common/pico_time/time.c.obj
 .rodata.update_us_since_boot.str1.4
                0x1000886e       0x71 CMakeFiles/uart.dir/Users/michaeljenz/Documents/pico/pico-sdk/src/rp2_common/hardware_timer/timer.c.obj
 .rodata.hardware_alarm_claim.str1.4
                0x1000886e       0x22 CMakeFiles/uart.dir/Users/michaeljenz/Documents/pico/pico-sdk/src/rp2_common/hardware_timer/timer.c.obj
 .rodata.hardware_alarm_set_target.str1.4
                0x1000886e       0x75 CMakeFiles/uart.dir/Users/michaeljenz/Documents/pico/pico-sdk/src/rp2_common/hardware_timer/timer.c.obj
 *fill*         0x1000886e        0x2 
 .rodata.__func__.0
                0x10008870       0x1a CMakeFiles/uart.dir/Users/michaeljenz/Documents/pico/pico-sdk/src/rp2_common/hardware_timer/timer.c.obj
 *fill*         0x1000888a        0x2 
 .rodata.__func__.1
                0x1000888c       0x15 CMakeFiles/uart.dir/Users/michaeljenz/Documents/pico/pico-sdk/src/rp2_common/hardware_timer/timer.c.obj
 .rodata.ph_get_node.str1.4
                0x100088a1       0x76 CMakeFiles/uart.dir/Users/michaeljenz/Documents/pico/pico-sdk/src/common/pico_util/pheap.c.obj
 .rodata.ph_add_child_node.str1.4
                0x100088a1       0x2e CMakeFiles/uart.dir/Users/michaeljenz/Documents/pico/pico-sdk/src/common/pico_util/pheap.c.obj
 .rodata.ph_remove_any_head.str1.4
                0x100088a1       0xb0 CMakeFiles/uart.dir/Users/michaeljenz/Documents/pico/pico-sdk/src/common/pico_util/pheap.c.obj
 .rodata.ph_remove_and_free_node.str1.4
                0x100088a1       0x26 CMakeFiles/uart.dir/Users/michaeljenz/Documents/pico/pico-sdk/src/common/pico_util/pheap.c.obj
 *fill*         0x100088a1        0x3 
 .rodata.__func__.0
                0x100088a4       0x18 CMakeFiles/uart.dir/Users/michaeljenz/Documents/pico/pico-sdk/src/common/pico_util/pheap.c.obj
 .rodata.__func__.1
                0x100088bc       0x13 CMakeFiles/uart.dir/Users/michaeljenz/Documents/pico/pico-sdk/src/common/pico_util/pheap.c.obj
 *fill*         0x100088cf        0x1 
 .rodata.__func__.2
                0x100088d0       0x12 CMakeFiles/uart.dir/Users/michaeljenz/Documents/pico/pico-sdk/src/common/pico_util/pheap.c.obj
 *fill*         0x100088e2        0x2 
 .rodata.__func__.3
                0x100088e4        0xc CMakeFiles/uart.dir/Users/michaeljenz/Documents/pico/pico-sdk/src/common/pico_util/pheap.c.obj
 .rodata.clock_configure.str1.4
                0x100088f0       0x67 CMakeFiles/uart.dir/Users/michaeljenz/Documents/pico/pico-sdk/src/rp2_common/hardware_clocks/clocks.c.obj
 .rodata.__func__.1
                0x100088f0       0x10 CMakeFiles/uart.dir/Users/michaeljenz/Documents/pico/pico-sdk/src/rp2_common/hardware_clocks/clocks.c.obj
 .rodata.pll_init.str1.4
                0x10008900      0x134 CMakeFiles/uart.dir/Users/michaeljenz/Documents/pico/pico-sdk/src/rp2_common/hardware_pll/pll.c.obj
 .rodata.__func__.0
                0x10008900        0x9 CMakeFiles/uart.dir/Users/michaeljenz/Documents/pico/pico-sdk/src/rp2_common/hardware_pll/pll.c.obj
 .rodata.__assert_func.str1.4
                0x10008909       0x43 CMakeFiles/uart.dir/Users/michaeljenz/Documents/pico/pico-sdk/src/rp2_common/pico_runtime/runtime.c.obj
 .rodata.runtime_init.str1.4
                0x10008909       0x71 CMakeFiles/uart.dir/Users/michaeljenz/Documents/pico/pico-sdk/src/rp2_common/pico_runtime/runtime.c.obj
 .rodata.panic.str1.4
                0x10008909       0x12 CMakeFiles/uart.dir/Users/michaeljenz/Documents/pico/pico-sdk/src/rp2_common/pico_runtime/runtime.c.obj
 *fill*         0x10008909        0x3 
 .rodata.__func__.2
                0x1000890c        0xd CMakeFiles/uart.dir/Users/michaeljenz/Documents/pico/pico-sdk/src/rp2_common/pico_runtime/runtime.c.obj
 .rodata._ftoa.str1.4
                0x10008919       0x15 CMakeFiles/uart.dir/Users/michaeljenz/Documents/pico/pico-sdk/src/rp2_common/pico_printf/printf.c.obj
 *fill*         0x10008919        0x3 
 .rodata._vsnprintf
                0x1000891c      0x19c CMakeFiles/uart.dir/Users/michaeljenz/Documents/pico/pico-sdk/src/rp2_common/pico_printf/printf.c.obj
 .rodata.pow10.0
                0x10008ab8       0x50 CMakeFiles/uart.dir/Users/michaeljenz/Documents/pico/pico-sdk/src/rp2_common/pico_printf/printf.c.obj
 .rodata.__aeabi_double_init.str1.4
                0x10008b08       0xac CMakeFiles/uart.dir/Users/michaeljenz/Documents/pico/pico-sdk/src/rp2_common/pico_double/double_init_rom.c.obj
 .rodata.__func__.0
                0x10008b08       0x14 CMakeFiles/uart.dir/Users/michaeljenz/Documents/pico/pico-sdk/src/rp2_common/pico_double/double_init_rom.c.obj
 .rodata.__aeabi_float_init.str1.4
                0x10008b1c       0x8e CMakeFiles/uart.dir/Users/michaeljenz/Documents/pico/pico-sdk/src/rp2_common/pico_float/float_init_rom.c.obj
 .rodata.__func__.0
                0x10008b1c       0x13 CMakeFiles/uart.dir/Users/michaeljenz/Documents/pico/pico-sdk/src/rp2_common/pico_float/float_init_rom.c.obj
 .rodata.str1.4
                0x10008b2f       0x3c CMakeFiles/uart.dir/Users/michaeljenz/Documents/pico/pico-sdk/src/rp2_common/pico_standard_link/binary_info.c.obj
 *fill*         0x10008b2f        0x1 
 .rodata.__bi_81
                0x10008b30        0xc CMakeFiles/uart.dir/Users/michaeljenz/Documents/pico/pico-sdk/src/rp2_common/pico_standard_link/binary_info.c.obj
 .rodata.__bi_75
                0x10008b3c        0xc CMakeFiles/uart.dir/Users/michaeljenz/Documents/pico/pico-sdk/src/rp2_common/pico_standard_link/binary_info.c.obj
 .rodata.__bi_44
                0x10008b48        0xc CMakeFiles/uart.dir/Users/michaeljenz/Documents/pico/pico-sdk/src/rp2_common/pico_standard_link/binary_info.c.obj
 .rodata.update_us_since_boot.str1.4
                0x10008b54       0x71 CMakeFiles/uart.dir/Users/michaeljenz/Documents/pico/pico-sdk/src/rp2_common/pico_stdio/stdio.c.obj
 .rodata.crlf_str.2
                0x10008b54        0x2 CMakeFiles/uart.dir/Users/michaeljenz/Documents/pico/pico-sdk/src/rp2_common/pico_stdio/stdio.c.obj
 *fill*         0x10008b56        0x2 
 .rodata.__func__.3
                0x10008b58       0x15 CMakeFiles/uart.dir/Users/michaeljenz/Documents/pico/pico-sdk/src/rp2_common/pico_stdio/stdio.c.obj
 *fill*         0x10008b6d        0x3 
 .rodata._resetd_driver
                0x10008b70       0x18 CMakeFiles/uart.dir/Users/michaeljenz/Documents/pico/pico-sdk/src/rp2_common/pico_stdio_usb/reset_interface.c.obj
 .rodata.update_us_since_boot.str1.4
                0x10008b88       0x71 CMakeFiles/uart.dir/Users/michaeljenz/Documents/pico/pico-sdk/src/rp2_common/pico_stdio_usb/stdio_usb.c.obj
 .rodata.stdio_usb_init.str1.4
                0x10008b88       0x5d CMakeFiles/uart.dir/Users/michaeljenz/Documents/pico/pico-sdk/src/rp2_common/pico_stdio_usb/stdio_usb.c.obj
 .rodata.str1.4
                0x10008b88       0x13 CMakeFiles/uart.dir/Users/michaeljenz/Documents/pico/pico-sdk/src/rp2_common/pico_stdio_usb/stdio_usb.c.obj
 .rodata.__bi_182.0
                0x10008b88        0xc CMakeFiles/uart.dir/Users/michaeljenz/Documents/pico/pico-sdk/src/rp2_common/pico_stdio_usb/stdio_usb.c.obj
 .rodata.__func__.1
                0x10008b94        0xf CMakeFiles/uart.dir/Users/michaeljenz/Documents/pico/pico-sdk/src/rp2_common/pico_stdio_usb/stdio_usb.c.obj
 *fill*         0x10008ba3        0x1 
 .rodata.__func__.3
                0x10008ba4       0x15 CMakeFiles/uart.dir/Users/michaeljenz/Documents/pico/pico-sdk/src/rp2_common/pico_stdio_usb/stdio_usb.c.obj
 .rodata.str1.4
                0x10008bb9       0x2a CMakeFiles/uart.dir/Users/michaeljenz/Documents/pico/pico-sdk/src/rp2_common/pico_stdio_usb/stdio_usb_descriptors.c.obj
 *fill*         0x10008bb9        0x3 
 .rodata.usbd_desc_str
                0x10008bbc       0x18 CMakeFiles/uart.dir/Users/michaeljenz/Documents/pico/pico-sdk/src/rp2_common/pico_stdio_usb/stdio_usb_descriptors.c.obj
 .rodata.usbd_desc_cfg
                0x10008bd4       0x54 CMakeFiles/uart.dir/Users/michaeljenz/Documents/pico/pico-sdk/src/rp2_common/pico_stdio_usb/stdio_usb_descriptors.c.obj
 .rodata.usbd_desc_device
                0x10008c28       0x12 CMakeFiles/uart.dir/Users/michaeljenz/Documents/pico/pico-sdk/src/rp2_common/pico_stdio_usb/stdio_usb_descriptors.c.obj
 .rodata.pico_get_unique_board_id_string.str1.4
                0x10008c3a       0x5d CMakeFiles/uart.dir/Users/michaeljenz/Documents/pico/pico-sdk/src/rp2_common/pico_unique_id/unique_id.c.obj
 *fill*         0x10008c3a        0x2 
 .rodata.__func__.0
                0x10008c3c       0x20 CMakeFiles/uart.dir/Users/michaeljenz/Documents/pico/pico-sdk/src/rp2_common/pico_unique_id/unique_id.c.obj
 .rodata.str1.4
                0x10008c5c      0x16a CMakeFiles/uart.dir/Users/michaeljenz/Documents/pico/pico-sdk/src/rp2_common/hardware_flash/flash.c.obj
 .rodata.__func__.0
                0x10008c5c        0xd CMakeFiles/uart.dir/Users/michaeljenz/Documents/pico/pico-sdk/src/rp2_common/hardware_flash/flash.c.obj
 .rodata._hw_endpoint_alloc.str1.4
                0x10008c69       0xc5 CMakeFiles/uart.dir/Users/michaeljenz/Documents/pico/pico-sdk/lib/tinyusb/src/portable/raspberrypi/rp2040/dcd_rp2040.c.obj
 .rodata.str1.4
                0x10008c69       0x14 CMakeFiles/uart.dir/Users/michaeljenz/Documents/pico/pico-sdk/lib/tinyusb/src/portable/raspberrypi/rp2040/dcd_rp2040.c.obj
 .rodata.dcd_int_enable.str1.4
                0x10008c69        0xc CMakeFiles/uart.dir/Users/michaeljenz/Documents/pico/pico-sdk/lib/tinyusb/src/portable/raspberrypi/rp2040/dcd_rp2040.c.obj
 *fill*         0x10008c69        0x3 
 .rodata.__func__.0
                0x10008c6c        0xe CMakeFiles/uart.dir/Users/michaeljenz/Documents/pico/pico-sdk/lib/tinyusb/src/portable/raspberrypi/rp2040/dcd_rp2040.c.obj
 *fill*         0x10008c7a        0x2 
 .rodata.__func__.1
                0x10008c7c        0xe CMakeFiles/uart.dir/Users/michaeljenz/Documents/pico/pico-sdk/lib/tinyusb/src/portable/raspberrypi/rp2040/dcd_rp2040.c.obj
 *fill*         0x10008c8a        0x2 
 .rodata.__func__.3
                0x10008c8c       0x10 CMakeFiles/uart.dir/Users/michaeljenz/Documents/pico/pico-sdk/lib/tinyusb/src/portable/raspberrypi/rp2040/dcd_rp2040.c.obj
 .rodata.__func__.5
                0x10008c9c        0xf CMakeFiles/uart.dir/Users/michaeljenz/Documents/pico/pico-sdk/lib/tinyusb/src/portable/raspberrypi/rp2040/dcd_rp2040.c.obj
 *fill*         0x10008cab        0x1 
 .rodata.__func__.6
                0x10008cac       0x13 CMakeFiles/uart.dir/Users/michaeljenz/Documents/pico/pico-sdk/lib/tinyusb/src/portable/raspberrypi/rp2040/dcd_rp2040.c.obj
 *fill*         0x10008cbf        0x1 
 .rodata.__func__.7
                0x10008cc0        0x9 CMakeFiles/uart.dir/Users/michaeljenz/Documents/pico/pico-sdk/lib/tinyusb/src/portable/raspberrypi/rp2040/dcd_rp2040.c.obj
 .rodata.str1.4
                0x10008cc9       0xf7 CMakeFiles/uart.dir/Users/michaeljenz/Documents/pico/pico-sdk/lib/tinyusb/src/portable/raspberrypi/rp2040/rp2040_usb.c.obj
 *fill*         0x10008cc9        0x3 
 .rodata.__func__.0
                0x10008ccc        0xf CMakeFiles/uart.dir/Users/michaeljenz/Documents/pico/pico-sdk/lib/tinyusb/src/portable/raspberrypi/rp2040/rp2040_usb.c.obj
 *fill*         0x10008cdb        0x1 
 .rodata.process_get_descriptor
                0x10008cdc       0x40 CMakeFiles/uart.dir/Users/michaeljenz/Documents/pico/pico-sdk/lib/tinyusb/src/device/usbd.c.obj
 .rodata.process_control_request
                0x10008d1c       0x28 CMakeFiles/uart.dir/Users/michaeljenz/Documents/pico/pico-sdk/lib/tinyusb/src/device/usbd.c.obj
 .rodata.tud_task_ext
                0x10008d44       0x24 CMakeFiles/uart.dir/Users/michaeljenz/Documents/pico/pico-sdk/lib/tinyusb/src/device/usbd.c.obj
 .rodata._usbd_driver
                0x10008d68       0x18 CMakeFiles/uart.dir/Users/michaeljenz/Documents/pico/pico-sdk/lib/tinyusb/src/device/usbd.c.obj
 .rodata.i2c_set_baudrate.str1.4
                0x10008d80       0x6d CMakeFiles/uart.dir/Users/michaeljenz/Documents/pico/pico-sdk/src/rp2_common/hardware_i2c/i2c.c.obj
 .rodata.__func__.0
                0x10008d80       0x11 CMakeFiles/uart.dir/Users/michaeljenz/Documents/pico/pico-sdk/src/rp2_common/hardware_i2c/i2c.c.obj
                0x10008df0                        . = ALIGN (0x4)
 *fill*         0x10008d91        0x3 
 *(SORT_BY_ALIGNMENT(SORT_BY_NAME(.flashdata*)))
                0x10008d94                        . = ALIGN (0x4)

.ARM.extab
 *(.ARM.extab* .gnu.linkonce.armextab.*)
                0x10008d94                        __exidx_start = .

.ARM.exidx
 *(.ARM.exidx* .gnu.linkonce.armexidx.*)
                0x10008d94                        __exidx_end = .
                0x10008d94                        . = ALIGN (0x4)
                0x10008d94                        __binary_info_start = .

.binary_info    0x10008d94       0x20
 *(.binary_info.keep.*)
 .binary_info.keep.__bi_ptr81
                0x10008d94        0x4 CMakeFiles/uart.dir/Users/michaeljenz/Documents/pico/pico-sdk/src/rp2_common/pico_standard_link/binary_info.c.obj
 .binary_info.keep.__bi_ptr75
                0x10008d98        0x4 CMakeFiles/uart.dir/Users/michaeljenz/Documents/pico/pico-sdk/src/rp2_common/pico_standard_link/binary_info.c.obj
 .binary_info.keep.__bi_ptr50
                0x10008d9c        0x4 CMakeFiles/uart.dir/Users/michaeljenz/Documents/pico/pico-sdk/src/rp2_common/pico_standard_link/binary_info.c.obj
 .binary_info.keep.__bi_ptr44
                0x10008da0        0x4 CMakeFiles/uart.dir/Users/michaeljenz/Documents/pico/pico-sdk/src/rp2_common/pico_standard_link/binary_info.c.obj
 .binary_info.keep.__bi_ptr38
                0x10008da4        0x4 CMakeFiles/uart.dir/Users/michaeljenz/Documents/pico/pico-sdk/src/rp2_common/pico_standard_link/binary_info.c.obj
 .binary_info.keep.__bi_ptr30
                0x10008da8        0x4 CMakeFiles/uart.dir/Users/michaeljenz/Documents/pico/pico-sdk/src/rp2_common/pico_standard_link/binary_info.c.obj
 .binary_info.keep.__bi_ptr22
                0x10008dac        0x4 CMakeFiles/uart.dir/Users/michaeljenz/Documents/pico/pico-sdk/src/rp2_common/pico_standard_link/binary_info.c.obj
 *(.binary_info.*)
 .binary_info.__bi_ptr182
                0x10008db0        0x4 CMakeFiles/uart.dir/Users/michaeljenz/Documents/pico/pico-sdk/src/rp2_common/pico_stdio_usb/stdio_usb.c.obj
                0x10008db4                        __binary_info_end = .

.rel.dyn        0x10008db4        0x0
 .rel.iplt      0x10008db4        0x0 /Applications/ArmGNUToolchain/13.2.Rel1/arm-none-eabi/bin/../lib/gcc/arm-none-eabi/13.2.1/thumb/v6-m/nofp/crtbegin.o
                0x10008db4                        . = ALIGN (0x4)

.ram_vector_table
                0x20000000       0xc0
 *(.ram_vector_table)
 .ram_vector_table
                0x20000000       0xc0 CMakeFiles/uart.dir/Users/michaeljenz/Documents/pico/pico-sdk/src/rp2_common/pico_runtime/runtime.c.obj
                0x20000000                ram_vector_table

.data           0x200000c0      0xb48 load address 0x10008db4
                0x200000c0                        __data_start__ = .
 *(vtable)
 *(.time_critical*)
 .time_critical.mutex_try_enter
                0x200000c0       0x46 CMakeFiles/uart.dir/Users/michaeljenz/Documents/pico/pico-sdk/src/common/pico_sync/mutex.c.obj
                0x200000c0                mutex_try_enter
 *fill*         0x20000106        0x2 
 .time_critical.mutex_enter_block_until
                0x20000108       0x8c CMakeFiles/uart.dir/Users/michaeljenz/Documents/pico/pico-sdk/src/common/pico_sync/mutex.c.obj
                0x20000108                mutex_enter_block_until
 .time_critical.mutex_try_enter_block_until
                0x20000194       0x34 CMakeFiles/uart.dir/Users/michaeljenz/Documents/pico/pico-sdk/src/common/pico_sync/mutex.c.obj
                0x20000194                mutex_try_enter_block_until
 .time_critical.mutex_enter_timeout_ms
                0x200001c8       0x1a CMakeFiles/uart.dir/Users/michaeljenz/Documents/pico/pico-sdk/src/common/pico_sync/mutex.c.obj
                0x200001c8                mutex_enter_timeout_ms
 *fill*         0x200001e2        0x2 
 .time_critical.mutex_exit
                0x200001e4       0x4c CMakeFiles/uart.dir/Users/michaeljenz/Documents/pico/pico-sdk/src/common/pico_sync/mutex.c.obj
                0x200001e4                mutex_exit
 .time_critical.flash_init_boot2_copyout
                0x20000230       0x30 CMakeFiles/uart.dir/Users/michaeljenz/Documents/pico/pico-sdk/src/rp2_common/hardware_flash/flash.c.obj
 .time_critical.flash_enable_xip_via_boot2
                0x20000260        0xc CMakeFiles/uart.dir/Users/michaeljenz/Documents/pico/pico-sdk/src/rp2_common/hardware_flash/flash.c.obj
 .time_critical.flash_cs_force
                0x2000026c       0x28 CMakeFiles/uart.dir/Users/michaeljenz/Documents/pico/pico-sdk/src/rp2_common/hardware_flash/flash.c.obj
 .time_critical.flash_do_cmd
                0x20000294       0xd8 CMakeFiles/uart.dir/Users/michaeljenz/Documents/pico/pico-sdk/src/rp2_common/hardware_flash/flash.c.obj
                0x20000294                flash_do_cmd
 .time_critical.reset_non_control_endpoints
                0x2000036c       0x40 CMakeFiles/uart.dir/Users/michaeljenz/Documents/pico/pico-sdk/lib/tinyusb/src/portable/raspberrypi/rp2040/dcd_rp2040.c.obj
 .time_critical.hw_handle_buff_status
                0x200003ac       0xa4 CMakeFiles/uart.dir/Users/michaeljenz/Documents/pico/pico-sdk/lib/tinyusb/src/portable/raspberrypi/rp2040/dcd_rp2040.c.obj
 .time_critical.dcd_rp2040_irq
                0x20000450      0x1b8 CMakeFiles/uart.dir/Users/michaeljenz/Documents/pico/pico-sdk/lib/tinyusb/src/portable/raspberrypi/rp2040/dcd_rp2040.c.obj
 .time_critical.e15_is_bulkin_ep
                0x20000608       0x2c CMakeFiles/uart.dir/Users/michaeljenz/Documents/pico/pico-sdk/lib/tinyusb/src/portable/raspberrypi/rp2040/rp2040_usb.c.obj
 .time_critical.e15_is_critical_frame_period