Archive member included to satisfy reference by file (symbol)

/Applications/ArmGNUToolchain/13.2.Rel1/arm-none-eabi/bin/../lib/gcc/arm-none-eabi/13.2.1/thumb/v6-m/nofp/libgcc.a(_dvmd_tls.o)
                              CMakeFiles/zero_to_pico.dir/Users/michaeljenz/Documents/pico/pico-sdk/src/rp2_common/pico_divider/divider.S.obj (__aeabi_idiv0)
/Applications/ArmGNUToolchain/13.2.Rel1/arm-none-eabi/bin/../lib/gcc/arm-none-eabi/13.2.1/../../../../arm-none-eabi/lib/thumb/v6-m/nofp/libg.a(libc_a-calloc.o)
                              CMakeFiles/zero_to_pico.dir/Users/michaeljenz/Documents/pico/pico-sdk/src/rp2_common/pico_malloc/pico_malloc.c.obj (calloc)
/Applications/ArmGNUToolchain/13.2.Rel1/arm-none-eabi/bin/../lib/gcc/arm-none-eabi/13.2.1/../../../../arm-none-eabi/lib/thumb/v6-m/nofp/libg.a(libc_a-callocr.o)
                              /Applications/ArmGNUToolchain/13.2.Rel1/arm-none-eabi/bin/../lib/gcc/arm-none-eabi/13.2.1/../../../../arm-none-eabi/lib/thumb/v6-m/nofp/libg.a(libc_a-calloc.o) (_calloc_r)
/Applications/ArmGNUToolchain/13.2.Rel1/arm-none-eabi/bin/../lib/gcc/arm-none-eabi/13.2.1/../../../../arm-none-eabi/lib/thumb/v6-m/nofp/libg.a(libc_a-malloc.o)
                              CMakeFiles/zero_to_pico.dir/Users/michaeljenz/Documents/pico/pico-sdk/src/rp2_common/pico_malloc/pico_malloc.c.obj (malloc)
/Applications/ArmGNUToolchain/13.2.Rel1/arm-none-eabi/bin/../lib/gcc/arm-none-eabi/13.2.1/../../../../arm-none-eabi/lib/thumb/v6-m/nofp/libg.a(libc_a-mallocr.o)
                              /Applications/ArmGNUToolchain/13.2.Rel1/arm-none-eabi/bin/../lib/gcc/arm-none-eabi/13.2.1/../../../../arm-none-eabi/lib/thumb/v6-m/nofp/libg.a(libc_a-callocr.o) (_malloc_r)
/Applications/ArmGNUToolchain/13.2.Rel1/arm-none-eabi/bin/../lib/gcc/arm-none-eabi/13.2.1/../../../../arm-none-eabi/lib/thumb/v6-m/nofp/libg.a(libc_a-mlock.o)
                              /Applications/ArmGNUToolchain/13.2.Rel1/arm-none-eabi/bin/../lib/gcc/arm-none-eabi/13.2.1/../../../../arm-none-eabi/lib/thumb/v6-m/nofp/libg.a(libc_a-mallocr.o) (__malloc_lock)
/Applications/ArmGNUToolchain/13.2.Rel1/arm-none-eabi/bin/../lib/gcc/arm-none-eabi/13.2.1/../../../../arm-none-eabi/lib/thumb/v6-m/nofp/libg.a(libc_a-realloc.o)
                              CMakeFiles/zero_to_pico.dir/Users/michaeljenz/Documents/pico/pico-sdk/src/rp2_common/pico_malloc/pico_malloc.c.obj (realloc)
/Applications/ArmGNUToolchain/13.2.Rel1/arm-none-eabi/bin/../lib/gcc/arm-none-eabi/13.2.1/../../../../arm-none-eabi/lib/thumb/v6-m/nofp/libg.a(libc_a-scanf.o)
                              CMakeFiles/zero_to_pico.dir/zero_to_pico.c.obj (scanf)
/Applications/ArmGNUToolchain/13.2.Rel1/arm-none-eabi/bin/../lib/gcc/arm-none-eabi/13.2.1/../../../../arm-none-eabi/lib/thumb/v6-m/nofp/libg.a(libc_a-reallocr.o)
                              /Applications/ArmGNUToolchain/13.2.Rel1/arm-none-eabi/bin/../lib/gcc/arm-none-eabi/13.2.1/../../../../arm-none-eabi/lib/thumb/v6-m/nofp/libg.a(libc_a-realloc.o) (_realloc_r)
/Applications/ArmGNUToolchain/13.2.Rel1/arm-none-eabi/bin/../lib/gcc/arm-none-eabi/13.2.1/../../../../arm-none-eabi/lib/thumb/v6-m/nofp/libg.a(libc_a-memmove.o)
                              /Applications/ArmGNUToolchain/13.2.Rel1/arm-none-eabi/bin/../lib/gcc/arm-none-eabi/13.2.1/../../../../arm-none-eabi/lib/thumb/v6-m/nofp/libg.a(libc_a-reallocr.o) (memmove)
/Applications/ArmGNUToolchain/13.2.Rel1/arm-none-eabi/bin/../lib/gcc/arm-none-eabi/13.2.1/../../../../arm-none-eabi/lib/thumb/v6-m/nofp/libg.a(libc_a-impure.o)
                              /Applications/ArmGNUToolchain/13.2.Rel1/arm-none-eabi/bin/../lib/gcc/arm-none-eabi/13.2.1/../../../../arm-none-eabi/lib/thumb/v6-m/nofp/libg.a(libc_a-calloc.o) (_impure_ptr)
/Applications/ArmGNUToolchain/13.2.Rel1/arm-none-eabi/bin/../lib/gcc/arm-none-eabi/13.2.1/../../../../arm-none-eabi/lib/thumb/v6-m/nofp/libg.a(libc_a-sbrkr.o)
                              /Applications/ArmGNUToolchain/13.2.Rel1/arm-none-eabi/bin/../lib/gcc/arm-none-eabi/13.2.1/../../../../arm-none-eabi/lib/thumb/v6-m/nofp/libg.a(libc_a-mallocr.o) (_sbrk_r)
/Applications/ArmGNUToolchain/13.2.Rel1/arm-none-eabi/bin/../lib/gcc/arm-none-eabi/13.2.1/../../../../arm-none-eabi/lib/thumb/v6-m/nofp/libg.a(libc_a-errno.o)
                              /Applications/ArmGNUToolchain/13.2.Rel1/arm-none-eabi/bin/../lib/gcc/arm-none-eabi/13.2.1/../../../../arm-none-eabi/lib/thumb/v6-m/nofp/libg.a(libc_a-callocr.o) (__errno)
/Applications/ArmGNUToolchain/13.2.Rel1/arm-none-eabi/bin/../lib/gcc/arm-none-eabi/13.2.1/../../../../arm-none-eabi/lib/thumb/v6-m/nofp/libg.a(libc_a-sysconf.o)
                              /Applications/ArmGNUToolchain/13.2.Rel1/arm-none-eabi/bin/../lib/gcc/arm-none-eabi/13.2.1/../../../../arm-none-eabi/lib/thumb/v6-m/nofp/libg.a(libc_a-mallocr.o) (sysconf)
/Applications/ArmGNUToolchain/13.2.Rel1/arm-none-eabi/bin/../lib/gcc/arm-none-eabi/13.2.1/../../../../arm-none-eabi/lib/thumb/v6-m/nofp/libg.a(libc_a-init.o)
[...]
Memory Configuration

Name             Origin             Length             Attributes
FLASH            0x10000000         0x00200000         xr
RAM              0x20000000         0x00040000         xrw
SCRATCH_X        0x20040000         0x00001000         xrw
SCRATCH_Y        0x20041000         0x00001000         xrw
*default*        0x00000000         0xffffffff

Linker script and memory map

LOAD /Applications/ArmGNUToolchain/13.2.Rel1/arm-none-eabi/bin/../lib/gcc/arm-none-eabi/13.2.1/thumb/v6-m/nofp/crti.o
LOAD /Applications/ArmGNUToolchain/13.2.Rel1/arm-none-eabi/bin/../lib/gcc/arm-none-eabi/13.2.1/thumb/v6-m/nofp/crtbegin.o
LOAD /Applications/ArmGNUToolchain/13.2.Rel1/arm-none-eabi/bin/../lib/gcc/arm-none-eabi/13.2.1/../../../../arm-none-eabi/lib/thumb/v6-m/nofp/crt0.o

.flash_begin    0x10000000        0x0
                0x10000000                        __flash_binary_start = .

.boot2          0x10000000      0x100
                0x10000000                        __boot2_start__ = .
 *(.boot2)
 .boot2         0x10000000      0x100 /var/folders/7d/82xgncvd5wn_k4xt6gd_z5580000gn/T//ccjPPYxK.o
                0x10000100                        __boot2_end__ = .
                0x00000001                        ASSERT (((__boot2_end__ - __boot2_start__) == 0x100), ERROR: Pico second stage bootloader must be 256 bytes in size)

.text           0x10000100     0xd298
                0x10000100                        __logical_binary_start = .
 *(.vectors)
 .vectors       0x10000100       0xd4 CMakeFiles/zero_to_pico.dir/Users/michaeljenz/Documents/pico/pico-sdk/src/rp2_common/pico_standard_link/crt0.S.obj
                0x10000100                __VECTOR_TABLE
                0x10000100                __vectors
                0x100001c0                __default_isrs_start
                0x100001c0                isr_invalid
                0x100001c2                isr_nmi
                0x100001c4                isr_hardfault
                0x100001c6                isr_svcall
                0x100001c8                isr_pendsv
                0x100001ca                isr_systick
                0x100001cc                isr_irq28
                0x100001cc                isr_irq19
                0x100001cc                isr_irq0
                0x100001cc                isr_irq6
                0x100001cc                isr_irq22
                0x100001cc                isr_irq17
                0x100001cc                isr_irq14
                0x100001cc                isr_irq2
                0x100001cc                isr_irq10
                0x100001cc                isr_irq8
                0x100001cc                isr_irq24
                0x100001cc                isr_irq1
                0x100001cc                isr_irq7
                0x100001cc                isr_irq21
                0x100001cc                isr_irq20
                0x100001cc                isr_irq15
                0x100001cc                isr_irq25
                0x100001cc                isr_irq4
                0x100001cc                isr_irq16
                0x100001cc                isr_irq29
                0x100001cc                isr_irq26
                0x100001cc                __default_isrs_end
                0x100001cc                isr_irq3
                0x100001cc                isr_irq9
                0x100001cc                __unhandled_user_irq
                0x100001cc                isr_irq13
                0x100001cc                isr_irq27
                0x100001cc                isr_irq31
                0x100001cc                isr_irq5
                0x100001cc                isr_irq11
                0x100001cc                isr_irq23
                0x100001cc                isr_irq18
                0x100001cc                isr_irq30
                0x100001cc                isr_irq12
                0x100001d2                unhandled_user_irq_num_in_r0
 *(.binary_info_header)
 .binary_info_header
                0x100001d4       0x14 CMakeFiles/zero_to_pico.dir/Users/michaeljenz/Documents/pico/pico-sdk/src/rp2_common/pico_standard_link/crt0.S.obj
                0x100001e8                        __binary_info_header_end = .
 *(.reset)
 .reset         0x100001e8       0xa0 CMakeFiles/zero_to_pico.dir/Users/michaeljenz/Documents/pico/pico-sdk/src/rp2_common/pico_standard_link/crt0.S.obj
                0x100001e8                _entry_point
 .reset         0x10000288       0x30 CMakeFiles/zero_to_pico.dir/Users/michaeljenz/Documents/pico/pico-sdk/src/rp2_common/pico_standard_link/binary_info.c.obj
 *(.init)
 .init          0x100002b8        0x4 /Applications/ArmGNUToolchain/13.2.Rel1/arm-none-eabi/bin/../lib/gcc/arm-none-eabi/13.2.1/thumb/v6-m/nofp/crti.o
                0x100002b8                _init
 *(EXCLUDE_FILE(*libm.a: *libc.a:*lib_a-mem*.o *libgcc.a:) .text*)
 .text.register_tm_clones
                0x100002bc       0x28 /Applications/ArmGNUToolchain/13.2.Rel1/arm-none-eabi/bin/../lib/gcc/arm-none-eabi/13.2.1/thumb/v6-m/nofp/crtbegin.o
 .text.frame_dummy
                0x100002e4       0x24 /Applications/ArmGNUToolchain/13.2.Rel1/arm-none-eabi/bin/../lib/gcc/arm-none-eabi/13.2.1/thumb/v6-m/nofp/crtbegin.o
 .text.uart_putc
                0x10000308       0x60 CMakeFiles/zero_to_pico.dir/zero_to_pico.c.obj
 .text.uart_puts
                0x10000368       0x4a CMakeFiles/zero_to_pico.dir/zero_to_pico.c.obj
 .text.uart_getc
                0x100003b2       0x24 CMakeFiles/zero_to_pico.dir/zero_to_pico.c.obj
 *fill*         0x100003d6        0x2 
 .text.on_uart_rx
                0x100003d8       0x98 CMakeFiles/zero_to_pico.dir/zero_to_pico.c.obj
                0x100003d8                on_uart_rx
 .text.main     0x10000470       0xd0 CMakeFiles/zero_to_pico.dir/zero_to_pico.c.obj
                0x10000470                main
 .text.gpio_set_function
                0x10000540       0x30 CMakeFiles/zero_to_pico.dir/Users/michaeljenz/Documents/pico/pico-sdk/src/rp2_common/hardware_gpio/gpio.c.obj
                0x10000540                gpio_set_function
 .text.gpio_init
                0x10000570       0x16 CMakeFiles/zero_to_pico.dir/Users/michaeljenz/Documents/pico/pico-sdk/src/rp2_common/hardware_gpio/gpio.c.obj
                0x10000570                gpio_init
 *fill*         0x10000586        0x2 
 .text.running_on_fpga
                0x10000588       0x14 CMakeFiles/zero_to_pico.dir/Users/michaeljenz/Documents/pico/pico-sdk/src/rp2_common/pico_platform/platform.c.obj
                0x10000588                running_on_fpga
 .text.hw_claim_lock
                0x1000059c       0x18 CMakeFiles/zero_to_pico.dir/Users/michaeljenz/Documents/pico/pico-sdk/src/rp2_common/hardware_claim/claim.c.obj
                0x1000059c                hw_claim_lock
 .text.hw_claim_unlock
                0x100005b4       0x14 CMakeFiles/zero_to_pico.dir/Users/michaeljenz/Documents/pico/pico-sdk/src/rp2_common/hardware_claim/claim.c.obj
                0x100005b4                hw_claim_unlock
 .text.hw_claim_or_assert
                0x100005c8       0x32 CMakeFiles/zero_to_pico.dir/Users/michaeljenz/Documents/pico/pico-sdk/src/rp2_common/hardware_claim/claim.c.obj
                0x100005c8                hw_claim_or_assert
 .text.hw_claim_unused_from_range
                0x100005fa       0x50 CMakeFiles/zero_to_pico.dir/Users/michaeljenz/Documents/pico/pico-sdk/src/rp2_common/hardware_claim/claim.c.obj
                0x100005fa                hw_claim_unused_from_range
 *fill*         0x1000064a        0x2 
 .text.spin_locks_reset
                0x1000064c       0x20 CMakeFiles/zero_to_pico.dir/Users/michaeljenz/Documents/pico/pico-sdk/src/rp2_common/hardware_sync/sync.c.obj
                0x1000064c                spin_locks_reset
 .text.next_striped_spin_lock_num
                0x1000066c       0x1c CMakeFiles/zero_to_pico.dir/Users/michaeljenz/Documents/pico/pico-sdk/src/rp2_common/hardware_sync/sync.c.obj
                0x1000066c                next_striped_spin_lock_num
 .text.spin_lock_claim_unused
                0x10000688       0x24 CMakeFiles/zero_to_pico.dir/Users/michaeljenz/Documents/pico/pico-sdk/src/rp2_common/hardware_sync/sync.c.obj
                0x10000688                spin_lock_claim_unused
 .text.set_raw_irq_handler_and_unlock
                0x100006ac       0x28 CMakeFiles/zero_to_pico.dir/Users/michaeljenz/Documents/pico/pico-sdk/src/rp2_common/hardware_irq/irq.c.obj
 .text.resolve_branch
                0x100006d4       0x30 CMakeFiles/zero_to_pico.dir/Users/michaeljenz/Documents/pico/pico-sdk/src/rp2_common/hardware_irq/irq.c.obj
 .text.make_branch
                0x10000704       0x48 CMakeFiles/zero_to_pico.dir/Users/michaeljenz/Documents/pico/pico-sdk/src/rp2_common/hardware_irq/irq.c.obj
 .text.insert_branch_and_link
                0x1000074c       0x40 CMakeFiles/zero_to_pico.dir/Users/michaeljenz/Documents/pico/pico-sdk/src/rp2_common/hardware_irq/irq.c.obj
 .text.irq_is_enabled
                0x1000078c       0x18 CMakeFiles/zero_to_pico.dir/Users/michaeljenz/Documents/pico/pico-sdk/src/rp2_common/hardware_irq/irq.c.obj
                0x1000078c                irq_is_enabled
 .text.irq_set_mask_enabled
                0x100007a4       0x20 CMakeFiles/zero_to_pico.dir/Users/michaeljenz/Documents/pico/pico-sdk/src/rp2_common/hardware_irq/irq.c.obj
                0x100007a4                irq_set_mask_enabled
 .text.irq_set_enabled
                0x100007c4        0xe CMakeFiles/zero_to_pico.dir/Users/michaeljenz/Documents/pico/pico-sdk/src/rp2_common/hardware_irq/irq.c.obj
                0x100007c4                irq_set_enabled
 *fill*         0x100007d2        0x2 
 .text.irq_set_pending
                0x100007d4       0x10 CMakeFiles/zero_to_pico.dir/Users/michaeljenz/Documents/pico/pico-sdk/src/rp2_common/hardware_irq/irq.c.obj
                0x100007d4                irq_set_pending
 .text.irq_get_vtable_handler
                0x100007e4       0x10 CMakeFiles/zero_to_pico.dir/Users/michaeljenz/Documents/pico/pico-sdk/src/rp2_common/hardware_irq/irq.c.obj
                0x100007e4                irq_get_vtable_handler
 .text.irq_has_shared_handler
                0x100007f4       0x24 CMakeFiles/zero_to_pico.dir/Users/michaeljenz/Documents/pico/pico-sdk/src/rp2_common/hardware_irq/irq.c.obj
                0x100007f4                irq_has_shared_handler
 .text.irq_set_exclusive_handler
                0x10000818       0x54 CMakeFiles/zero_to_pico.dir/Users/michaeljenz/Documents/pico/pico-sdk/src/rp2_common/hardware_irq/irq.c.obj
                0x10000818                irq_set_exclusive_handler
 .text.irq_add_shared_handler
                0x1000086c      0x210 CMakeFiles/zero_to_pico.dir/Users/michaeljenz/Documents/pico/pico-sdk/src/rp2_common/hardware_irq/irq.c.obj
                0x1000086c                irq_add_shared_handler
 .text.irq_remove_handler
                0x10000a7c      0x188 CMakeFiles/zero_to_pico.dir/Users/michaeljenz/Documents/pico/pico-sdk/src/rp2_common/hardware_irq/irq.c.obj
                0x10000a7c                irq_remove_handler
 .text.irq_add_tail_to_free_list
                0x10000c04       0xf0 CMakeFiles/zero_to_pico.dir/Users/michaeljenz/Documents/pico/pico-sdk/src/rp2_common/hardware_irq/irq.c.obj
                0x10000c04                irq_add_tail_to_free_list
 .text.irq_init_priorities
                0x10000cf4       0x1c CMakeFiles/zero_to_pico.dir/Users/michaeljenz/Documents/pico/pico-sdk/src/rp2_common/hardware_irq/irq.c.obj
                0x10000cf4                irq_init_priorities
 .text.user_irq_claim_unused
                0x10000d10       0x2c CMakeFiles/zero_to_pico.dir/Users/michaeljenz/Documents/pico/pico-sdk/src/rp2_common/hardware_irq/irq.c.obj
                0x10000d10                user_irq_claim_unused
 .text.lock_init
                0x10000d3c       0x10 CMakeFiles/zero_to_pico.dir/Users/michaeljenz/Documents/pico/pico-sdk/src/common/pico_sync/lock_core.c.obj
                0x10000d3c                lock_init
 .text.update_us_since_boot
                0x10000d4c       0x24 CMakeFiles/zero_to_pico.dir/Users/michaeljenz/Documents/pico/pico-sdk/src/common/pico_sync/mutex.c.obj
 .text.delayed_by_ms
                0x10000d70       0x44 CMakeFiles/zero_to_pico.dir/Users/michaeljenz/Documents/pico/pico-sdk/src/common/pico_sync/mutex.c.obj
 .text.get_absolute_time
                0x10000db4       0x22 CMakeFiles/zero_to_pico.dir/Users/michaeljenz/Documents/pico/pico-sdk/src/common/pico_sync/mutex.c.obj
 .text.make_timeout_time_ms
                0x10000dd6       0x20 CMakeFiles/zero_to_pico.dir/Users/michaeljenz/Documents/pico/pico-sdk/src/common/pico_sync/mutex.c.obj
 .text.mutex_init
                0x10000df6       0x1a CMakeFiles/zero_to_pico.dir/Users/michaeljenz/Documents/pico/pico-sdk/src/common/pico_sync/mutex.c.obj
                0x10000df6                mutex_init
 .text.recursive_mutex_init
                0x10000e10       0x1e CMakeFiles/zero_to_pico.dir/Users/michaeljenz/Documents/pico/pico-sdk/src/common/pico_sync/mutex.c.obj
                0x10000e10                recursive_mutex_init
 *fill*         0x10000e2e        0x2 
 .text.critical_section_init_with_lock_num
                0x10000e30       0x14 CMakeFiles/zero_to_pico.dir/Users/michaeljenz/Documents/pico/pico-sdk/src/common/pico_sync/critical_section.c.obj
                0x10000e30                critical_section_init_with_lock_num
 .text.critical_section_init
                0x10000e44       0x14 CMakeFiles/zero_to_pico.dir/Users/michaeljenz/Documents/pico/pico-sdk/src/common/pico_sync/critical_section.c.obj
                0x10000e44                critical_section_init
 .text.time_reached
                0x10000e58       0x28 CMakeFiles/zero_to_pico.dir/Users/michaeljenz/Documents/pico/pico-sdk/src/common/pico_time/time.c.obj
 .text.get_entry
                0x10000e80       0x38 CMakeFiles/zero_to_pico.dir/Users/michaeljenz/Documents/pico/pico-sdk/src/common/pico_time/time.c.obj
 .text.timer_pool_entry_comparator
                0x10000eb8       0x2e CMakeFiles/zero_to_pico.dir/Users/michaeljenz/Documents/pico/pico-sdk/src/common/pico_time/time.c.obj
                0x10000eb8                timer_pool_entry_comparator
 *fill*         0x10000ee6        0x2 
 .text.update_us_since_boot
                0x10000ee8       0x24 CMakeFiles/zero_to_pico.dir/Users/michaeljenz/Documents/pico/pico-sdk/src/common/pico_time/time.c.obj
 .text.delayed_by_us
                0x10000f0c       0x34 CMakeFiles/zero_to_pico.dir/Users/michaeljenz/Documents/pico/pico-sdk/src/common/pico_time/time.c.obj
 .text.ph_get_node
                0x10000f40       0x30 CMakeFiles/zero_to_pico.dir/Users/michaeljenz/Documents/pico/pico-sdk/src/common/pico_time/time.c.obj
 .text.ph_contains_node
                0x10000f70       0x1e CMakeFiles/zero_to_pico.dir/Users/michaeljenz/Documents/pico/pico-sdk/src/common/pico_time/time.c.obj
 .text.ph_new_node
                0x10000f8e       0x28 CMakeFiles/zero_to_pico.dir/Users/michaeljenz/Documents/pico/pico-sdk/src/common/pico_time/time.c.obj
 *fill*         0x10000fb6        0x2 
 .text.ph_add_child_node
                0x10000fb8       0x6c CMakeFiles/zero_to_pico.dir/Users/michaeljenz/Documents/pico/pico-sdk/src/common/pico_time/time.c.obj
 .text.ph_merge_nodes
                0x10001024       0x3e CMakeFiles/zero_to_pico.dir/Users/michaeljenz/Documents/pico/pico-sdk/src/common/pico_time/time.c.obj
 *fill*         0x10001062        0x2 
 .text.ph_insert_node
                0x10001064       0x3c CMakeFiles/zero_to_pico.dir/Users/michaeljenz/Documents/pico/pico-sdk/src/common/pico_time/time.c.obj
 .text.ph_free_node
                0x100010a0       0x5c CMakeFiles/zero_to_pico.dir/Users/michaeljenz/Documents/pico/pico-sdk/src/common/pico_time/time.c.obj
 .text.get_entry_id_high
                0x100010fc       0x30 CMakeFiles/zero_to_pico.dir/Users/michaeljenz/Documents/pico/pico-sdk/src/common/pico_time/time.c.obj
 .text.alarm_pool_post_alloc_init
                0x1000112c       0x40 CMakeFiles/zero_to_pico.dir/Users/michaeljenz/Documents/pico/pico-sdk/src/common/pico_time/time.c.obj
 .text.sleep_until_callback
                0x1000116c       0x30 CMakeFiles/zero_to_pico.dir/Users/michaeljenz/Documents/pico/pico-sdk/src/common/pico_time/time.c.obj
 .text.get_absolute_time
                0x1000119c       0x22 CMakeFiles/zero_to_pico.dir/Users/michaeljenz/Documents/pico/pico-sdk/src/common/pico_time/time.c.obj
 .text.make_timeout_time_us
                0x100011be       0x24 CMakeFiles/zero_to_pico.dir/Users/michaeljenz/Documents/pico/pico-sdk/src/common/pico_time/time.c.obj
 *fill*         0x100011e2        0x2 
 .text.add_alarm_under_lock
                0x100011e4       0x94 CMakeFiles/zero_to_pico.dir/Users/michaeljenz/Documents/pico/pico-sdk/src/common/pico_time/time.c.obj
 .text.alarm_pool_alarm_callback
                0x10001278      0x210 CMakeFiles/zero_to_pico.dir/Users/michaeljenz/Documents/pico/pico-sdk/src/common/pico_time/time.c.obj
 .text.alarm_pool_init_default
                0x10001488       0x40 CMakeFiles/zero_to_pico.dir/Users/michaeljenz/Documents/pico/pico-sdk/src/common/pico_time/time.c.obj
                0x10001488                alarm_pool_init_default
 .text.alarm_pool_get_default
                0x100014c8       0x2c CMakeFiles/zero_to_pico.dir/Users/michaeljenz/Documents/pico/pico-sdk/src/common/pico_time/time.c.obj
                0x100014c8                alarm_pool_get_default
 .text.alarm_pool_add_alarm_at
                0x100014f4      0x10e CMakeFiles/zero_to_pico.dir/Users/michaeljenz/Documents/pico/pico-sdk/src/common/pico_time/time.c.obj
                0x100014f4                alarm_pool_add_alarm_at
 .text.add_alarm_at
                0x10001602       0x2e CMakeFiles/zero_to_pico.dir/Users/michaeljenz/Documents/pico/pico-sdk/src/common/pico_time/time.c.obj
 .text.alarm_pool_cancel_alarm
                0x10001630       0xa8 CMakeFiles/zero_to_pico.dir/Users/michaeljenz/Documents/pico/pico-sdk/src/common/pico_time/time.c.obj
                0x10001630                alarm_pool_cancel_alarm
 .text.cancel_alarm
                0x100016d8       0x10 CMakeFiles/zero_to_pico.dir/Users/michaeljenz/Documents/pico/pico-sdk/src/common/pico_time/time.c.obj
 .text.alarm_pool_core_num
                0x100016e8        0x4 CMakeFiles/zero_to_pico.dir/Users/michaeljenz/Documents/pico/pico-sdk/src/common/pico_time/time.c.obj
                0x100016e8                alarm_pool_core_num
 .text.sleep_until
                0x100016ec       0xb0 CMakeFiles/zero_to_pico.dir/Users/michaeljenz/Documents/pico/pico-sdk/src/common/pico_time/time.c.obj
                0x100016ec                sleep_until
 .text.sleep_us
                0x1000179c       0x1a CMakeFiles/zero_to_pico.dir/Users/michaeljenz/Documents/pico/pico-sdk/src/common/pico_time/time.c.obj
                0x1000179c                sleep_us
 .text.sleep_ms
                0x100017b6       0x14 CMakeFiles/zero_to_pico.dir/Users/michaeljenz/Documents/pico/pico-sdk/src/common/pico_time/time.c.obj
                0x100017b6                sleep_ms
 *fill*         0x100017ca        0x2 
 .text.best_effort_wfe_or_timeout
                0x100017cc       0x44 CMakeFiles/zero_to_pico.dir/Users/michaeljenz/Documents/pico/pico-sdk/src/common/pico_time/time.c.obj
                0x100017cc                best_effort_wfe_or_timeout
 .text.update_us_since_boot
                0x10001810       0x24 CMakeFiles/zero_to_pico.dir/Users/michaeljenz/Documents/pico/pico-sdk/src/rp2_common/hardware_timer/timer.c.obj
 .text.hardware_alarm_irq_handler
                0x10001834       0x8c CMakeFiles/zero_to_pico.dir/Users/michaeljenz/Documents/pico/pico-sdk/src/rp2_common/hardware_timer/timer.c.obj
 .text.hardware_alarm_claim
                0x100018c0       0x18 CMakeFiles/zero_to_pico.dir/Users/michaeljenz/Documents/pico/pico-sdk/src/rp2_common/hardware_timer/timer.c.obj
                0x100018c0                hardware_alarm_claim
 .text.time_us_64
                0x100018d8       0x18 CMakeFiles/zero_to_pico.dir/Users/michaeljenz/Documents/pico/pico-sdk/src/rp2_common/hardware_timer/timer.c.obj
                0x100018d8                time_us_64
 .text.busy_wait_until
                0x100018f0       0x28 CMakeFiles/zero_to_pico.dir/Users/michaeljenz/Documents/pico/pico-sdk/src/rp2_common/hardware_timer/timer.c.obj
                0x100018f0                busy_wait_until
 .text.busy_wait_us
                0x10001918       0x3a CMakeFiles/zero_to_pico.dir/Users/michaeljenz/Documents/pico/pico-sdk/src/rp2_common/hardware_timer/timer.c.obj
                0x10001918                busy_wait_us
 *fill*         0x10001952        0x2 
 .text.hardware_alarm_set_callback
                0x10001954       0x90 CMakeFiles/zero_to_pico.dir/Users/michaeljenz/Documents/pico/pico-sdk/src/rp2_common/hardware_timer/timer.c.obj
                0x10001954                hardware_alarm_set_callback
 .text.hardware_alarm_set_target
                0x100019e4       0xe8 CMakeFiles/zero_to_pico.dir/Users/michaeljenz/Documents/pico/pico-sdk/src/rp2_common/hardware_timer/timer.c.obj
                0x100019e4                hardware_alarm_set_target
 .text.hardware_alarm_cancel
                0x10001acc       0x40 CMakeFiles/zero_to_pico.dir/Users/michaeljenz/Documents/pico/pico-sdk/src/rp2_common/hardware_timer/timer.c.obj
                0x10001acc                hardware_alarm_cancel
 .text.ph_get_node
                0x10001b0c       0x30 CMakeFiles/zero_to_pico.dir/Users/michaeljenz/Documents/pico/pico-sdk/src/common/pico_util/pheap.c.obj
 .text.ph_add_child_node
                0x10001b3c       0x6c CMakeFiles/zero_to_pico.dir/Users/michaeljenz/Documents/pico/pico-sdk/src/common/pico_util/pheap.c.obj
 .text.ph_merge_nodes
                0x10001ba8       0x3e CMakeFiles/zero_to_pico.dir/Users/michaeljenz/Documents/pico/pico-sdk/src/common/pico_util/pheap.c.obj
 .text.ph_clear
                0x10001be6       0x34 CMakeFiles/zero_to_pico.dir/Users/michaeljenz/Documents/pico/pico-sdk/src/common/pico_util/pheap.c.obj
                0x10001be6                ph_clear
 .text.ph_post_alloc_init
                0x10001c1a        0xe CMakeFiles/zero_to_pico.dir/Users/michaeljenz/Documents/pico/pico-sdk/src/common/pico_util/pheap.c.obj
                0x10001c1a                ph_post_alloc_init
 .text.ph_merge_two_pass
                0x10001c28       0x5c CMakeFiles/zero_to_pico.dir/Users/michaeljenz/Documents/pico/pico-sdk/src/common/pico_util/pheap.c.obj
                0x10001c28                ph_merge_two_pass
 .text.ph_remove_any_head
                0x10001c84       0xc0 CMakeFiles/zero_to_pico.dir/Users/michaeljenz/Documents/pico/pico-sdk/src/common/pico_util/pheap.c.obj
 .text.ph_remove_head
                0x10001d44       0x14 CMakeFiles/zero_to_pico.dir/Users/michaeljenz/Documents/pico/pico-sdk/src/common/pico_util/pheap.c.obj
                0x10001d44                ph_remove_head
 .text.ph_remove_and_free_node
                0x10001d58       0xa0 CMakeFiles/zero_to_pico.dir/Users/michaeljenz/Documents/pico/pico-sdk/src/common/pico_util/pheap.c.obj
                0x10001d58                ph_remove_and_free_node
 .text.uart_disable_before_lcr_write
                0x10001df8       0x48 CMakeFiles/zero_to_pico.dir/Users/michaeljenz/Documents/pico/pico-sdk/src/rp2_common/hardware_uart/uart.c.obj
 .text.uart_write_lcr_bits_masked
                0x10001e40       0x22 CMakeFiles/zero_to_pico.dir/Users/michaeljenz/Documents/pico/pico-sdk/src/rp2_common/hardware_uart/uart.c.obj
 *fill*         0x10001e62        0x2 
 .text.uart_set_baudrate
                0x10001e64       0x5c CMakeFiles/zero_to_pico.dir/Users/michaeljenz/Documents/pico/pico-sdk/src/rp2_common/hardware_uart/uart.c.obj
                0x10001e64                uart_set_baudrate
 .text.uart_set_format
                0x10001ec0       0x2c CMakeFiles/zero_to_pico.dir/Users/michaeljenz/Documents/pico/pico-sdk/src/rp2_common/hardware_uart/uart.c.obj
                0x10001ec0                uart_set_format
 .text.uart_set_fifo_enabled
                0x10001eec       0x10 CMakeFiles/zero_to_pico.dir/Users/michaeljenz/Documents/pico/pico-sdk/src/rp2_common/hardware_uart/uart.c.obj
                0x10001eec                uart_set_fifo_enabled
 .text.uart_set_translate_crlf
                0x10001efc       0x28 CMakeFiles/zero_to_pico.dir/Users/michaeljenz/Documents/pico/pico-sdk/src/rp2_common/hardware_uart/uart.c.obj
                0x10001efc                uart_set_translate_crlf
 .text.uart_init
                0x10001f24       0x80 CMakeFiles/zero_to_pico.dir/Users/michaeljenz/Documents/pico/pico-sdk/src/rp2_common/hardware_uart/uart.c.obj
                0x10001f24                uart_init
 .text.clock_configure
                0x10001fa4      0x108 CMakeFiles/zero_to_pico.dir/Users/michaeljenz/Documents/pico/pico-sdk/src/rp2_common/hardware_clocks/clocks.c.obj
                0x10001fa4                clock_configure
 .text.clocks_init
                0x100020ac      0x100 CMakeFiles/zero_to_pico.dir/Users/michaeljenz/Documents/pico/pico-sdk/src/rp2_common/hardware_clocks/clocks.c.obj
                0x100020ac                clocks_init
 .text.clock_get_hz
                0x100021ac        0xc CMakeFiles/zero_to_pico.dir/Users/michaeljenz/Documents/pico/pico-sdk/src/rp2_common/hardware_clocks/clocks.c.obj
                0x100021ac                clock_get_hz
 .text.pll_init
                0x100021b8      0x120 CMakeFiles/zero_to_pico.dir/Users/michaeljenz/Documents/pico/pico-sdk/src/rp2_common/hardware_pll/pll.c.obj
                0x100021b8                pll_init
 .text.watchdog_start_tick
                0x100022d8       0x10 CMakeFiles/zero_to_pico.dir/Users/michaeljenz/Documents/pico/pico-sdk/src/rp2_common/hardware_watchdog/watchdog.c.obj
                0x100022d8                watchdog_start_tick
 .text.watchdog_update
                0x100022e8       0x14 CMakeFiles/zero_to_pico.dir/Users/michaeljenz/Documents/pico/pico-sdk/src/rp2_common/hardware_watchdog/watchdog.c.obj
                0x100022e8                watchdog_update
 .text._watchdog_enable
                0x100022fc       0x78 CMakeFiles/zero_to_pico.dir/Users/michaeljenz/Documents/pico/pico-sdk/src/rp2_common/hardware_watchdog/watchdog.c.obj
                0x100022fc                _watchdog_enable
 .text.watchdog_reboot
                0x10002374       0x48 CMakeFiles/zero_to_pico.dir/Users/michaeljenz/Documents/pico/pico-sdk/src/rp2_common/hardware_watchdog/watchdog.c.obj
                0x10002374                watchdog_reboot
 .text.xosc_init
                0x100023bc       0x28 CMakeFiles/zero_to_pico.dir/Users/michaeljenz/Documents/pico/pico-sdk/src/rp2_common/hardware_xosc/xosc.c.obj
                0x100023bc                xosc_init
 .text._exit    0x100023e4        0x4 CMakeFiles/zero_to_pico.dir/Users/michaeljenz/Documents/pico/pico-sdk/src/rp2_common/pico_runtime/runtime.c.obj
                0x100023e4                _exit
 .text._sbrk    0x100023e8       0x38 CMakeFiles/zero_to_pico.dir/Users/michaeljenz/Documents/pico/pico-sdk/src/rp2_common/pico_runtime/runtime.c.obj
                0x100023e8                _sbrk
 .text.exit     0x10002420        0x6 CMakeFiles/zero_to_pico.dir/Users/michaeljenz/Documents/pico/pico-sdk/src/rp2_common/pico_runtime/runtime.c.obj
                0x10002420                exit
 *fill*         0x10002426        0x2 
 .text.__assert_func
                0x10002428       0x38 CMakeFiles/zero_to_pico.dir/Users/michaeljenz/Documents/pico/pico-sdk/src/rp2_common/pico_runtime/runtime.c.obj
                0x10002428                __assert_func
 .text.runtime_init
                0x10002460       0xf8 CMakeFiles/zero_to_pico.dir/Users/michaeljenz/Documents/pico/pico-sdk/src/rp2_common/pico_runtime/runtime.c.obj
                0x10002460                runtime_init
 .text.panic    0x10002558       0x30 CMakeFiles/zero_to_pico.dir/Users/michaeljenz/Documents/pico/pico-sdk/src/rp2_common/pico_runtime/runtime.c.obj
                0x10002558                panic
 .text._out_buffer
                0x10002588        0x8 CMakeFiles/zero_to_pico.dir/Users/michaeljenz/Documents/pico/pico-sdk/src/rp2_common/pico_printf/printf.c.obj
 .text._out_null
                0x10002590        0x2 CMakeFiles/zero_to_pico.dir/Users/michaeljenz/Documents/pico/pico-sdk/src/rp2_common/pico_printf/printf.c.obj
 .text._out_fct
                0x10002592        0xe CMakeFiles/zero_to_pico.dir/Users/michaeljenz/Documents/pico/pico-sdk/src/rp2_common/pico_printf/printf.c.obj
 .text._atoi    0x100025a0       0x24 CMakeFiles/zero_to_pico.dir/Users/michaeljenz/Documents/pico/pico-sdk/src/rp2_common/pico_printf/printf.c.obj
 .text._out_rev
                0x100025c4       0xae CMakeFiles/zero_to_pico.dir/Users/michaeljenz/Documents/pico/pico-sdk/src/rp2_common/pico_printf/printf.c.obj
 .text._ntoa_format
                0x10002672      0x110 CMakeFiles/zero_to_pico.dir/Users/michaeljenz/Documents/pico/pico-sdk/src/rp2_common/pico_printf/printf.c.obj
 .text._ntoa_long
                0x10002782       0xbc CMakeFiles/zero_to_pico.dir/Users/michaeljenz/Documents/pico/pico-sdk/src/rp2_common/pico_printf/printf.c.obj
 .text._ntoa_long_long
                0x1000283e      0x10e CMakeFiles/zero_to_pico.dir/Users/michaeljenz/Documents/pico/pico-sdk/src/rp2_common/pico_printf/printf.c.obj
 .text._etoa    0x1000294c      0x420 CMakeFiles/zero_to_pico.dir/Users/michaeljenz/Documents/pico/pico-sdk/src/rp2_common/pico_printf/printf.c.obj
 .text._ftoa    0x10002d6c      0x354 CMakeFiles/zero_to_pico.dir/Users/michaeljenz/Documents/pico/pico-sdk/src/rp2_common/pico_printf/printf.c.obj
 .text._vsnprintf
                0x100030c0      0x668 CMakeFiles/zero_to_pico.dir/Users/michaeljenz/Documents/pico/pico-sdk/src/rp2_common/pico_printf/printf.c.obj
 .text.__wrap_sprintf
                0x10003728       0x2c CMakeFiles/zero_to_pico.dir/Users/michaeljenz/Documents/pico/pico-sdk/src/rp2_common/pico_printf/printf.c.obj
                0x10003728                __wrap_sprintf
 .text.vfctprintf
                0x10003754       0x20 CMakeFiles/zero_to_pico.dir/Users/michaeljenz/Documents/pico/pico-sdk/src/rp2_common/pico_printf/printf.c.obj
                0x10003754                vfctprintf
 .text          0x10003774       0x10 CMakeFiles/zero_to_pico.dir/Users/michaeljenz/Documents/pico/pico-sdk/src/rp2_common/pico_bit_ops/bit_ops_aeabi.S.obj
 .text.rom_func_lookup
                0x10003784       0x10 CMakeFiles/zero_to_pico.dir/Users/michaeljenz/Documents/pico/pico-sdk/src/rp2_common/pico_bootrom/bootrom.c.obj
                0x10003784                rom_func_lookup
 .text.rom_data_lookup
                0x10003794       0x10 CMakeFiles/zero_to_pico.dir/Users/michaeljenz/Documents/pico/pico-sdk/src/rp2_common/pico_bootrom/bootrom.c.obj
                0x10003794                rom_data_lookup
 .text.rom_funcs_lookup
                0x100037a4       0x36 CMakeFiles/zero_to_pico.dir/Users/michaeljenz/Documents/pico/pico-sdk/src/rp2_common/pico_bootrom/bootrom.c.obj
                0x100037a4                rom_funcs_lookup
 *fill*         0x100037da        0x2 
 .text.__wrap___aeabi_idiv
                0x100037dc       0x50 CMakeFiles/zero_to_pico.dir/Users/michaeljenz/Documents/pico/pico-sdk/src/rp2_common/pico_divider/divider.S.obj
                0x100037dc                __wrap___aeabi_idivmod
                0x100037dc                divmod_s32s32
                0x100037dc                div_s32s32
                0x100037dc                __wrap___aeabi_idiv
                0x100037e4                divmod_s32s32_unsafe
                0x10003810                divmod_s32s32_savestate
 .text.__wrap___aeabi_uidiv
                0x1000382c       0x4c CMakeFiles/zero_to_pico.dir/Users/michaeljenz/Documents/pico/pico-sdk/src/rp2_common/pico_divider/divider.S.obj
                0x1000382c                __wrap___aeabi_uidiv
                0x1000382c                __wrap___aeabi_uidivmod
                0x1000382c                div_u32u32
                0x1000382c                divmod_u32u32
                0x10003834                divmod_u32u32_unsafe
                0x1000385c                divmod_u32u32_savestate
 .text.__wrap___aeabi_ldiv
                0x10003878      0x424 CMakeFiles/zero_to_pico.dir/Users/michaeljenz/Documents/pico/pico-sdk/src/rp2_common/pico_divider/divider.S.obj
                0x10003878                __wrap___aeabi_ldivmod
                0x10003878                div_s64s64
                0x10003878                divmod_s64s64
                0x100038a8                divmod_u64u64
                0x100038a8                div_u64u64
                0x100038a8                __wrap___aeabi_uldivmod
                0x100038b8                divmod_u64u64_savestate
                0x100038d8                divmod_s64s64_unsafe
                0x10003960                divmod_u64u64_unsafe
 .text.__wrap___aeabi_darithmetic
                0x10003c9c       0x80 CMakeFiles/zero_to_pico.dir/Users/michaeljenz/Documents/pico/pico-sdk/src/rp2_common/pico_double/double_aeabi.S.obj
                0x10003c9c                __wrap___aeabi_drsub
                0x10003ca2                __wrap___aeabi_dsub
                0x10003cb4                __wrap___aeabi_dadd
                0x10003cc6                __wrap___aeabi_ddiv
                0x10003d02                __wrap___aeabi_dmul
 .text.__wrap___aeabi_cdcmple
                0x10003d1c       0x6c CMakeFiles/zero_to_pico.dir/Users/michaeljenz/Documents/pico/pico-sdk/src/rp2_common/pico_double/double_aeabi.S.obj
                0x10003d1c                __wrap___aeabi_cdrcmple
                0x10003d2c                __wrap___aeabi_cdcmple
                0x10003d2c                __wrap___aeabi_cdcmpeq
 .text.__wrap___aeabi_dcmpeq
                0x10003d88       0x10 CMakeFiles/zero_to_pico.dir/Users/michaeljenz/Documents/pico/pico-sdk/src/rp2_common/pico_double/double_aeabi.S.obj
                0x10003d88                __wrap___aeabi_dcmpeq
 .text.__wrap___aeabi_dcmplt
                0x10003d98        0xc CMakeFiles/zero_to_pico.dir/Users/michaeljenz/Documents/pico/pico-sdk/src/rp2_common/pico_double/double_aeabi.S.obj
                0x10003d98                __wrap___aeabi_dcmplt
 .text.__wrap___aeabi_dcmple
                0x10003da4       0x10 CMakeFiles/zero_to_pico.dir/Users/michaeljenz/Documents/pico/pico-sdk/src/rp2_common/pico_double/double_aeabi.S.obj
                0x10003da4                __wrap___aeabi_dcmple
 .text.__wrap___aeabi_dcmpge
                0x10003db4       0x10 CMakeFiles/zero_to_pico.dir/Users/michaeljenz/Documents/pico/pico-sdk/src/rp2_common/pico_double/double_aeabi.S.obj
                0x10003db4                __wrap___aeabi_dcmpge
 .text.__wrap___aeabi_dcmpgt
                0x10003dc4        0xa CMakeFiles/zero_to_pico.dir/Users/michaeljenz/Documents/pico/pico-sdk/src/rp2_common/pico_double/double_aeabi.S.obj
                0x10003dc4                __wrap___aeabi_dcmpgt
 .text.__wrap___aeabi_dcmpun
                0x10003dce       0x1c CMakeFiles/zero_to_pico.dir/Users/michaeljenz/Documents/pico/pico-sdk/src/rp2_common/pico_double/double_aeabi.S.obj
                0x10003dce                __wrap___aeabi_dcmpun
 *fill*         0x10003dea        0x2 
 .text.__wrap___aeabi_i2d
                0x10003dec       0x38 CMakeFiles/zero_to_pico.dir/Users/michaeljenz/Documents/pico/pico-sdk/src/rp2_common/pico_double/double_aeabi.S.obj
                0x10003dec                __wrap___aeabi_ui2d
                0x10003df4                __wrap___aeabi_i2d
 .text.__wrap___aeabi_d2iz
                0x10003e24       0x48 CMakeFiles/zero_to_pico.dir/Users/michaeljenz/Documents/pico/pico-sdk/src/rp2_common/pico_double/double_aeabi.S.obj
                0x10003e24                __wrap___aeabi_d2iz
                0x10003e24                double2int_z
 .text.__wrap___aeabi_d2uiz
                0x10003e6c       0x18 CMakeFiles/zero_to_pico.dir/Users/michaeljenz/Documents/pico/pico-sdk/src/rp2_common/pico_double/double_aeabi.S.obj
                0x10003e6c                double2uint
                0x10003e6c                __wrap___aeabi_d2uiz
 .text.__wrap___aeabi_l2d
                0x10003e84       0x18 CMakeFiles/zero_to_pico.dir/Users/michaeljenz/Documents/pico/pico-sdk/src/rp2_common/pico_double/double_aeabi.S.obj
                0x10003e84                __wrap___aeabi_l2d
 .text.__wrap___aeabi_d2lz
                0x10003e9c       0x26 CMakeFiles/zero_to_pico.dir/Users/michaeljenz/Documents/pico/pico-sdk/src/rp2_common/pico_double/double_aeabi.S.obj
                0x10003e9c                __wrap___aeabi_d2lz
                0x10003e9c                double2int64_z
 *fill*         0x10003ec2        0x2 
 .text.double2int64
                0x10003ec4       0x18 CMakeFiles/zero_to_pico.dir/Users/michaeljenz/Documents/pico/pico-sdk/src/rp2_common/pico_double/double_aeabi.S.obj
                0x10003ec4                double2int64
 .text.double2ufix64
                0x10003edc       0x18 CMakeFiles/zero_to_pico.dir/Users/michaeljenz/Documents/pico/pico-sdk/src/rp2_common/pico_double/double_aeabi.S.obj
                0x10003edc                double2ufix64
 .text.__wrap___aeabi_d2f
                0x10003ef4       0x18 CMakeFiles/zero_to_pico.dir/Users/michaeljenz/Documents/pico/pico-sdk/src/rp2_common/pico_double/double_aeabi.S.obj
                0x10003ef4                __wrap___aeabi_d2f
 .text.__aeabi_double_init
                0x10003f0c       0xcc CMakeFiles/zero_to_pico.dir/Users/michaeljenz/Documents/pico/pico-sdk/src/rp2_common/pico_double/double_init_rom.c.obj
                0x10003f0c                __aeabi_double_init
 .text.double_table_shim_on_use_helper
                0x10003fd8       0x34 CMakeFiles/zero_to_pico.dir/Users/michaeljenz/Documents/pico/pico-sdk/src/rp2_common/pico_double/double_v1_rom_shim.S.obj
                0x10003fd8                double_table_shim_on_use_helper
 .text.__wrap___aeabi_dsub
                0x1000400c       0x10 CMakeFiles/zero_to_pico.dir/Users/michaeljenz/Documents/pico/pico-sdk/src/rp2_common/pico_double/double_v1_rom_shim.S.obj
                0x1000400c                drsub_shim
                0x10004012                dsub_shim
 .text.dadd_shim
                0x1000401c      0x15c CMakeFiles/zero_to_pico.dir/Users/michaeljenz/Documents/pico/pico-sdk/src/rp2_common/pico_double/double_v1_rom_shim.S.obj
                0x1000401c                dadd_shim
 .text.dmul_shim
                0x10004178      0x15c CMakeFiles/zero_to_pico.dir/Users/michaeljenz/Documents/pico/pico-sdk/src/rp2_common/pico_double/double_v1_rom_shim.S.obj
                0x10004178                dmul_shim
 .text.ddiv_shim
                0x100042d4      0x1b0 CMakeFiles/zero_to_pico.dir/Users/michaeljenz/Documents/pico/pico-sdk/src/rp2_common/pico_double/double_v1_rom_shim.S.obj
                0x100042d4                ddiv_shim
 .text.double2uint_shim
                0x10004484        0xe CMakeFiles/zero_to_pico.dir/Users/michaeljenz/Documents/pico/pico-sdk/src/rp2_common/pico_double/double_v1_rom_shim.S.obj
                0x10004484                double2uint_shim
                0x10004486                double2ufix_shim
 .text.double2int64_shim
                0x10004492       0x1a CMakeFiles/zero_to_pico.dir/Users/michaeljenz/Documents/pico/pico-sdk/src/rp2_common/pico_double/double_v1_rom_shim.S.obj
                0x10004492                double2int64_shim
                0x10004494                double2fix64_shim
 .text.double2uint64_shim
                0x100044ac       0x70 CMakeFiles/zero_to_pico.dir/Users/michaeljenz/Documents/pico/pico-sdk/src/rp2_common/pico_double/double_v1_rom_shim.S.obj
                0x100044ac                double2uint64_shim
                0x100044ae                double2ufix64_shim
                0x100044ce                d2fix_a
 .text.double2float_shim
                0x1000451c       0x5c CMakeFiles/zero_to_pico.dir/Users/michaeljenz/Documents/pico/pico-sdk/src/rp2_common/pico_double/double_v1_rom_shim.S.obj
                0x1000451c                double2float_shim
 .text.x2double_shims
                0x10004578       0x90 CMakeFiles/zero_to_pico.dir/Users/michaeljenz/Documents/pico/pico-sdk/src/rp2_common/pico_double/double_v1_rom_shim.S.obj
                0x10004578                uint2double_shim
                0x1000457a                ufix2double_shim
                0x10004580                int2double_shim
                0x10004582                fix2double_shim
                0x10004588                uint642double_shim
                0x1000458a                ufix642double_shim
                0x10004590                int642double_shim
                0x10004592                fix642double_shim
 .text.dunpacks
                0x10004608       0x3c CMakeFiles/zero_to_pico.dir/Users/michaeljenz/Documents/pico/pico-sdk/src/rp2_common/pico_double/double_v1_rom_shim.S.obj
                0x10004608                dunpacks
 .text.__aeabi_lmul
                0x10004644       0x32 CMakeFiles/zero_to_pico.dir/Users/michaeljenz/Documents/pico/pico-sdk/src/rp2_common/pico_int64_ops/pico_int64_ops_aeabi.S.obj
                0x10004644                __wrap___aeabi_lmul
 *fill*         0x10004676        0x2 
 .text.__aeabi_float_init
                0x10004678       0xfc CMakeFiles/zero_to_pico.dir/Users/michaeljenz/Documents/pico/pico-sdk/src/rp2_common/pico_float/float_init_rom.c.obj
                0x10004678                __aeabi_float_init
 .text.float_table_shim_on_use_helper
                0x10004774       0x34 CMakeFiles/zero_to_pico.dir/Users/michaeljenz/Documents/pico/pico-sdk/src/rp2_common/pico_float/float_v1_rom_shim.S.obj
                0x10004774                float_table_shim_on_use_helper
 .text.check_alloc
                0x100047a8       0x20 CMakeFiles/zero_to_pico.dir/Users/michaeljenz/Documents/pico/pico-sdk/src/rp2_common/pico_malloc/pico_malloc.c.obj
 .text.__wrap_malloc
                0x100047c8       0x14 CMakeFiles/zero_to_pico.dir/Users/michaeljenz/Documents/pico/pico-sdk/src/rp2_common/pico_malloc/pico_malloc.c.obj
                0x100047c8                __wrap_malloc
 .text.__wrap_realloc
                0x100047dc       0x14 CMakeFiles/zero_to_pico.dir/Users/michaeljenz/Documents/pico/pico-sdk/src/rp2_common/pico_malloc/pico_malloc.c.obj
                0x100047dc                __wrap_realloc
 .text.__wrap_free
                0x100047f0        0x8 CMakeFiles/zero_to_pico.dir/Users/michaeljenz/Documents/pico/pico-sdk/src/rp2_common/pico_malloc/pico_malloc.c.obj
                0x100047f0                __wrap_free
 .text          0x100047f8       0x10 CMakeFiles/zero_to_pico.dir/Users/michaeljenz/Documents/pico/pico-sdk/src/rp2_common/pico_mem_ops/mem_ops_aeabi.S.obj
                0x100047f8                __aeabi_mem_init
 .text.memset   0x10004808        0xc CMakeFiles/zero_to_pico.dir/Users/michaeljenz/Documents/pico/pico-sdk/src/rp2_common/pico_mem_ops/mem_ops_aeabi.S.obj
                0x10004808                __wrap_memset
 .text.memcpy   0x10004814        0xc CMakeFiles/zero_to_pico.dir/Users/michaeljenz/Documents/pico/pico-sdk/src/rp2_common/pico_mem_ops/mem_ops_aeabi.S.obj
                0x10004814                __wrap___aeabi_memcpy
                0x10004814                __wrap_memcpy
 .text.time_reached
                0x10004820       0x28 CMakeFiles/zero_to_pico.dir/Users/michaeljenz/Documents/pico/pico-sdk/src/rp2_common/pico_stdio/stdio.c.obj
 .text.stdio_out_chars_no_crlf
                0x10004848        0xe CMakeFiles/zero_to_pico.dir/Users/michaeljenz/Documents/pico/pico-sdk/src/rp2_common/pico_stdio/stdio.c.obj
 *fill*         0x10004856        0x2 
 .text.stdio_out_chars_crlf
                0x10004858       0x80 CMakeFiles/zero_to_pico.dir/Users/michaeljenz/Documents/pico/pico-sdk/src/rp2_common/pico_stdio/stdio.c.obj
 .text.stdio_stack_buffer_flush
                0x100048d8       0x44 CMakeFiles/zero_to_pico.dir/Users/michaeljenz/Documents/pico/pico-sdk/src/rp2_common/pico_stdio/stdio.c.obj
 .text.stdio_buffered_printer
                0x1000491c       0x20 CMakeFiles/zero_to_pico.dir/Users/michaeljenz/Documents/pico/pico-sdk/src/rp2_common/pico_stdio/stdio.c.obj
 .text.update_us_since_boot
                0x1000493c       0x24 CMakeFiles/zero_to_pico.dir/Users/michaeljenz/Documents/pico/pico-sdk/src/rp2_common/pico_stdio/stdio.c.obj
 .text.get_absolute_time
                0x10004960       0x22 CMakeFiles/zero_to_pico.dir/Users/michaeljenz/Documents/pico/pico-sdk/src/rp2_common/pico_stdio/stdio.c.obj
 *fill*         0x10004982        0x2 
 .text.delayed_by_ms
                0x10004984       0x44 CMakeFiles/zero_to_pico.dir/Users/michaeljenz/Documents/pico/pico-sdk/src/rp2_common/pico_stdio/stdio.c.obj
 .text.make_timeout_time_ms
                0x100049c8       0x20 CMakeFiles/zero_to_pico.dir/Users/michaeljenz/Documents/pico/pico-sdk/src/rp2_common/pico_stdio/stdio.c.obj
 .text.stdio_get_until
                0x100049e8       0x64 CMakeFiles/zero_to_pico.dir/Users/michaeljenz/Documents/pico/pico-sdk/src/rp2_common/pico_stdio/stdio.c.obj
 .text.stdout_serialize_begin
                0x10004a4c       0x20 CMakeFiles/zero_to_pico.dir/Users/michaeljenz/Documents/pico/pico-sdk/src/rp2_common/pico_stdio/stdio.c.obj
                0x10004a4c                stdout_serialize_begin
 .text.stdout_serialize_end
                0x10004a6c       0x10 CMakeFiles/zero_to_pico.dir/Users/michaeljenz/Documents/pico/pico-sdk/src/rp2_common/pico_stdio/stdio.c.obj
                0x10004a6c                stdout_serialize_end
 .text.stdio_put_string
                0x10004a7c       0x98 CMakeFiles/zero_to_pico.dir/Users/michaeljenz/Documents/pico/pico-sdk/src/rp2_common/pico_stdio/stdio.c.obj
 .text.__wrap_putchar
                0x10004b14       0x1c CMakeFiles/zero_to_pico.dir/Users/michaeljenz/Documents/pico/pico-sdk/src/rp2_common/pico_stdio/stdio.c.obj
                0x10004b14                __wrap_putchar
 .text._read    0x10004b30       0x24 CMakeFiles/zero_to_pico.dir/Users/michaeljenz/Documents/pico/pico-sdk/src/rp2_common/pico_stdio/stdio.c.obj
                0x10004b30                _read
 .text._write   0x10004b54       0x22 CMakeFiles/zero_to_pico.dir/Users/michaeljenz/Documents/pico/pico-sdk/src/rp2_common/pico_stdio/stdio.c.obj
                0x10004b54                _write
 .text._close   0x10004b76        0x6 CMakeFiles/zero_to_pico.dir/Users/michaeljenz/Documents/pico/pico-sdk/src/rp2_common/pico_stdio/stdio.c.obj
                0x10004b76                _close
 .text._lseek   0x10004b7c        0x6 CMakeFiles/zero_to_pico.dir/Users/michaeljenz/Documents/pico/pico-sdk/src/rp2_common/pico_stdio/stdio.c.obj
                0x10004b7c                _lseek
 .text._fstat   0x10004b82        0x6 CMakeFiles/zero_to_pico.dir/Users/michaeljenz/Documents/pico/pico-sdk/src/rp2_common/pico_stdio/stdio.c.obj
                0x10004b82                _fstat
 .text._isatty  0x10004b88        0xc CMakeFiles/zero_to_pico.dir/Users/michaeljenz/Documents/pico/pico-sdk/src/rp2_common/pico_stdio/stdio.c.obj
                0x10004b88                _isatty
 .text.stdio_set_driver_enabled
                0x10004b94       0x2c CMakeFiles/zero_to_pico.dir/Users/michaeljenz/Documents/pico/pico-sdk/src/rp2_common/pico_stdio/stdio.c.obj
                0x10004b94                stdio_set_driver_enabled
 .text.stdio_flush
                0x10004bc0       0x20 CMakeFiles/zero_to_pico.dir/Users/michaeljenz/Documents/pico/pico-sdk/src/rp2_common/pico_stdio/stdio.c.obj
                0x10004bc0                stdio_flush
 .text.__wrap_puts
                0x10004be0       0x1e CMakeFiles/zero_to_pico.dir/Users/michaeljenz/Documents/pico/pico-sdk/src/rp2_common/pico_stdio/stdio.c.obj
                0x10004be0                __wrap_puts
 *fill*         0x10004bfe        0x2 
 .text.__wrap_vprintf
                0x10004c00       0x40 CMakeFiles/zero_to_pico.dir/Users/michaeljenz/Documents/pico/pico-sdk/src/rp2_common/pico_stdio/stdio.c.obj
                0x10004c00                __wrap_vprintf
 .text.__wrap_printf
                0x10004c40       0x18 CMakeFiles/zero_to_pico.dir/Users/michaeljenz/Documents/pico/pico-sdk/src/rp2_common/pico_stdio/stdio.c.obj
                0x10004c40                __wrap_printf
 .text.stdio_init_all
                0x10004c58        0x8 CMakeFiles/zero_to_pico.dir/Users/michaeljenz/Documents/pico/pico-sdk/src/rp2_common/pico_stdio/stdio.c.obj
                0x10004c58                stdio_init_all
 .text.resetd_init
                0x10004c60        0x2 CMakeFiles/zero_to_pico.dir/Users/michaeljenz/Documents/pico/pico-sdk/src/rp2_common/pico_stdio_usb/reset_interface.c.obj
 *fill*         0x10004c62        0x2 
 .text.resetd_reset
                0x10004c64        0xc CMakeFiles/zero_to_pico.dir/Users/michaeljenz/Documents/pico/pico-sdk/src/rp2_common/pico_stdio_usb/reset_interface.c.obj
 .text.resetd_open
                0x10004c70       0x34 CMakeFiles/zero_to_pico.dir/Users/michaeljenz/Documents/pico/pico-sdk/src/rp2_common/pico_stdio_usb/reset_interface.c.obj
 .text.resetd_xfer_cb
                0x10004ca4        0x4 CMakeFiles/zero_to_pico.dir/Users/michaeljenz/Documents/pico/pico-sdk/src/rp2_common/pico_stdio_usb/reset_interface.c.obj
 .text.reset_usb_boot
                0x10004ca8       0x18 CMakeFiles/zero_to_pico.dir/Users/michaeljenz/Documents/pico/pico-sdk/src/rp2_common/pico_stdio_usb/reset_interface.c.obj
 .text.resetd_control_xfer_cb
                0x10004cc0       0x5c CMakeFiles/zero_to_pico.dir/Users/michaeljenz/Documents/pico/pico-sdk/src/rp2_common/pico_stdio_usb/reset_interface.c.obj
 .text.usbd_app_driver_get_cb
                0x10004d1c        0xc CMakeFiles/zero_to_pico.dir/Users/michaeljenz/Documents/pico/pico-sdk/src/rp2_common/pico_stdio_usb/reset_interface.c.obj
                0x10004d1c                usbd_app_driver_get_cb
 .text.tud_cdc_line_coding_cb
                0x10004d28       0x28 CMakeFiles/zero_to_pico.dir/Users/michaeljenz/Documents/pico/pico-sdk/src/rp2_common/pico_stdio_usb/reset_interface.c.obj
                0x10004d28                tud_cdc_line_coding_cb
 .text.stdio_usb_set_chars_available_callback
                0x10004d50       0x14 CMakeFiles/zero_to_pico.dir/Users/michaeljenz/Documents/pico/pico-sdk/src/rp2_common/pico_stdio_usb/stdio_usb.c.obj
                0x10004d50                stdio_usb_set_chars_available_callback
 .text.update_us_since_boot
                0x10004d64       0x24 CMakeFiles/zero_to_pico.dir/Users/michaeljenz/Documents/pico/pico-sdk/src/rp2_common/pico_stdio_usb/stdio_usb.c.obj
 .text.get_absolute_time
                0x10004d88       0x22 CMakeFiles/zero_to_pico.dir/Users/michaeljenz/Documents/pico/pico-sdk/src/rp2_common/pico_stdio_usb/stdio_usb.c.obj
 *fill*         0x10004daa        0x2 
 .text.delayed_by_ms
                0x10004dac       0x44 CMakeFiles/zero_to_pico.dir/Users/michaeljenz/Documents/pico/pico-sdk/src/rp2_common/pico_stdio_usb/stdio_usb.c.obj
 .text.make_timeout_time_ms
                0x10004df0       0x20 CMakeFiles/zero_to_pico.dir/Users/michaeljenz/Documents/pico/pico-sdk/src/rp2_common/pico_stdio_usb/stdio_usb.c.obj
 .text.delayed_by_us
                0x10004e10       0x34 CMakeFiles/zero_to_pico.dir/Users/michaeljenz/Documents/pico/pico-sdk/src/rp2_common/pico_stdio_usb/stdio_usb.c.obj
 .text.usb_irq  0x10004e44       0x10 CMakeFiles/zero_to_pico.dir/Users/michaeljenz/Documents/pico/pico-sdk/src/rp2_common/pico_stdio_usb/stdio_usb.c.obj
 .text.critical_section_enter_blocking
                0x10004e54       0x16 CMakeFiles/zero_to_pico.dir/Users/michaeljenz/Documents/pico/pico-sdk/src/rp2_common/pico_stdio_usb/stdio_usb.c.obj
 *fill*         0x10004e6a        0x2 
 .text.timer_task
                0x10004e6c       0x4c CMakeFiles/zero_to_pico.dir/Users/michaeljenz/Documents/pico/pico-sdk/src/rp2_common/pico_stdio_usb/stdio_usb.c.obj
 .text.alarm_pool_add_alarm_in_us
                0x10004eb8       0x3a CMakeFiles/zero_to_pico.dir/Users/michaeljenz/Documents/pico/pico-sdk/src/rp2_common/pico_stdio_usb/stdio_usb.c.obj
 .text.add_alarm_in_us
                0x10004ef2       0x2e CMakeFiles/zero_to_pico.dir/Users/michaeljenz/Documents/pico/pico-sdk/src/rp2_common/pico_stdio_usb/stdio_usb.c.obj
 .text.low_priority_worker_irq
                0x10004f20       0x7c CMakeFiles/zero_to_pico.dir/Users/michaeljenz/Documents/pico/pico-sdk/src/rp2_common/pico_stdio_usb/stdio_usb.c.obj
 .text.tud_cdc_rx_cb
                0x10004f9c       0x20 CMakeFiles/zero_to_pico.dir/Users/michaeljenz/Documents/pico/pico-sdk/src/rp2_common/pico_stdio_usb/stdio_usb.c.obj
                0x10004f9c                tud_cdc_rx_cb
 .text.stdio_usb_init
                0x10004fbc       0xd0 CMakeFiles/zero_to_pico.dir/Users/michaeljenz/Documents/pico/pico-sdk/src/rp2_common/pico_stdio_usb/stdio_usb.c.obj
                0x10004fbc                stdio_usb_init
 .text.stdio_usb_connected
                0x1000508c        0xa CMakeFiles/zero_to_pico.dir/Users/michaeljenz/Documents/pico/pico-sdk/src/rp2_common/pico_stdio_usb/stdio_usb.c.obj
                0x1000508c                stdio_usb_connected
 *fill*         0x10005096        0x2 
 .text.stdio_usb_in_chars
                0x10005098       0x88 CMakeFiles/zero_to_pico.dir/Users/michaeljenz/Documents/pico/pico-sdk/src/rp2_common/pico_stdio_usb/stdio_usb.c.obj
                0x10005098                stdio_usb_in_chars
 .text.stdio_usb_out_chars
                0x10005120       0xd8 CMakeFiles/zero_to_pico.dir/Users/michaeljenz/Documents/pico/pico-sdk/src/rp2_common/pico_stdio_usb/stdio_usb.c.obj
 .text.tud_descriptor_device_cb
                0x100051f8        0x8 CMakeFiles/zero_to_pico.dir/Users/michaeljenz/Documents/pico/pico-sdk/src/rp2_common/pico_stdio_usb/stdio_usb_descriptors.c.obj
                0x100051f8                tud_descriptor_device_cb
 .text.tud_descriptor_configuration_cb
                0x10005200        0x8 CMakeFiles/zero_to_pico.dir/Users/michaeljenz/Documents/pico/pico-sdk/src/rp2_common/pico_stdio_usb/stdio_usb_descriptors.c.obj
                0x10005200                tud_descriptor_configuration_cb
 .text.tud_descriptor_string_cb
                0x10005208       0x6c CMakeFiles/zero_to_pico.dir/Users/michaeljenz/Documents/pico/pico-sdk/src/rp2_common/pico_stdio_usb/stdio_usb_descriptors.c.obj
                0x10005208                tud_descriptor_string_cb
 .text._retrieve_unique_id_on_boot
                0x10005274       0x10 CMakeFiles/zero_to_pico.dir/Users/michaeljenz/Documents/pico/pico-sdk/src/rp2_common/pico_unique_id/unique_id.c.obj
 .text.pico_get_unique_board_id_string
                0x10005284       0x5c CMakeFiles/zero_to_pico.dir/Users/michaeljenz/Documents/pico/pico-sdk/src/rp2_common/pico_unique_id/unique_id.c.obj
                0x10005284                pico_get_unique_board_id_string
 .text.flash_get_unique_id
                0x100052e0       0x40 CMakeFiles/zero_to_pico.dir/Users/michaeljenz/Documents/pico/pico-sdk/src/rp2_common/hardware_flash/flash.c.obj
                0x100052e0                flash_get_unique_id
 .text.hw_endpoint_get_by_addr
                0x10005320       0x18 CMakeFiles/zero_to_pico.dir/Users/michaeljenz/Documents/pico/pico-sdk/lib/tinyusb/src/portable/raspberrypi/rp2040/dcd_rp2040.c.obj
 .text._hw_endpoint_alloc
                0x10005338       0x70 CMakeFiles/zero_to_pico.dir/Users/michaeljenz/Documents/pico/pico-sdk/lib/tinyusb/src/portable/raspberrypi/rp2040/dcd_rp2040.c.obj
 .text.hw_endpoint_init
                0x100053a8       0x88 CMakeFiles/zero_to_pico.dir/Users/michaeljenz/Documents/pico/pico-sdk/lib/tinyusb/src/portable/raspberrypi/rp2040/dcd_rp2040.c.obj
 .text.dcd_event_sof
                0x10005430       0x2c CMakeFiles/zero_to_pico.dir/Users/michaeljenz/Documents/pico/pico-sdk/lib/tinyusb/src/portable/raspberrypi/rp2040/dcd_rp2040.c.obj
 .text.hw_endpoint_xfer
                0x1000545c       0x14 CMakeFiles/zero_to_pico.dir/Users/michaeljenz/Documents/pico/pico-sdk/lib/tinyusb/src/portable/raspberrypi/rp2040/dcd_rp2040.c.obj
 .text.dcd_int_enable
                0x10005470       0x2c CMakeFiles/zero_to_pico.dir/Users/michaeljenz/Documents/pico/pico-sdk/lib/tinyusb/src/portable/raspberrypi/rp2040/dcd_rp2040.c.obj
                0x10005470                dcd_int_enable
 .text.dcd_set_address
                0x1000549c       0x2c CMakeFiles/zero_to_pico.dir/Users/michaeljenz/Documents/pico/pico-sdk/lib/tinyusb/src/portable/raspberrypi/rp2040/dcd_rp2040.c.obj
                0x1000549c                dcd_set_address
 .text.dcd_connect
                0x100054c8       0x10 CMakeFiles/zero_to_pico.dir/Users/michaeljenz/Documents/pico/pico-sdk/lib/tinyusb/src/portable/raspberrypi/rp2040/dcd_rp2040.c.obj
                0x100054c8                dcd_connect
 .text.dcd_init
                0x100054d8       0x80 CMakeFiles/zero_to_pico.dir/Users/michaeljenz/Documents/pico/pico-sdk/lib/tinyusb/src/portable/raspberrypi/rp2040/dcd_rp2040.c.obj
                0x100054d8                dcd_init
 .text.dcd_edpt0_status_complete
                0x10005558       0x1c CMakeFiles/zero_to_pico.dir/Users/michaeljenz/Documents/pico/pico-sdk/lib/tinyusb/src/portable/raspberrypi/rp2040/dcd_rp2040.c.obj
                0x10005558                dcd_edpt0_status_complete
 .text.dcd_edpt_open
                0x10005574       0x40 CMakeFiles/zero_to_pico.dir/Users/michaeljenz/Documents/pico/pico-sdk/lib/tinyusb/src/portable/raspberrypi/rp2040/dcd_rp2040.c.obj
                0x10005574                dcd_edpt_open
 .text.dcd_edpt_close_all
                0x100055b4        0x8 CMakeFiles/zero_to_pico.dir/Users/michaeljenz/Documents/pico/pico-sdk/lib/tinyusb/src/portable/raspberrypi/rp2040/dcd_rp2040.c.obj
                0x100055b4                dcd_edpt_close_all
 .text.dcd_edpt_xfer
                0x100055bc       0x34 CMakeFiles/zero_to_pico.dir/Users/michaeljenz/Documents/pico/pico-sdk/lib/tinyusb/src/portable/raspberrypi/rp2040/dcd_rp2040.c.obj
                0x100055bc                dcd_edpt_xfer
 .text.dcd_edpt_stall
                0x100055f0       0x2c CMakeFiles/zero_to_pico.dir/Users/michaeljenz/Documents/pico/pico-sdk/lib/tinyusb/src/portable/raspberrypi/rp2040/dcd_rp2040.c.obj
                0x100055f0                dcd_edpt_stall
 .text.dcd_edpt_clear_stall
                0x1000561c       0x20 CMakeFiles/zero_to_pico.dir/Users/michaeljenz/Documents/pico/pico-sdk/lib/tinyusb/src/portable/raspberrypi/rp2040/dcd_rp2040.c.obj
                0x1000561c                dcd_edpt_clear_stall
 .text.rp2040_usb_init
                0x1000563c       0x4c CMakeFiles/zero_to_pico.dir/Users/michaeljenz/Documents/pico/pico-sdk/lib/tinyusb/src/portable/raspberrypi/rp2040/rp2040_usb.c.obj
                0x1000563c                rp2040_usb_init
 .text.hw_endpoint_xfer_start
                0x10005688       0x50 CMakeFiles/zero_to_pico.dir/Users/michaeljenz/Documents/pico/pico-sdk/lib/tinyusb/src/portable/raspberrypi/rp2040/rp2040_usb.c.obj
                0x10005688                hw_endpoint_xfer_start
 .text.configuration_reset
                0x100056d8       0x84 CMakeFiles/zero_to_pico.dir/Users/michaeljenz/Documents/pico/pico-sdk/lib/tinyusb/src/device/usbd.c.obj
 .text.critical_section_enter_blocking
                0x1000575c       0x16 CMakeFiles/zero_to_pico.dir/Users/michaeljenz/Documents/pico/pico-sdk/lib/tinyusb/src/device/usbd.c.obj
 .text.usbd_reset
                0x10005772        0xc CMakeFiles/zero_to_pico.dir/Users/michaeljenz/Documents/pico/pico-sdk/lib/tinyusb/src/device/usbd.c.obj
 .text.invoke_class_control
                0x1000577e       0x1a CMakeFiles/zero_to_pico.dir/Users/michaeljenz/Documents/pico/pico-sdk/lib/tinyusb/src/device/usbd.c.obj
 .text.process_set_config
                0x10005798      0x178 CMakeFiles/zero_to_pico.dir/Users/michaeljenz/Documents/pico/pico-sdk/lib/tinyusb/src/device/usbd.c.obj
 .text.process_get_descriptor
                0x10005910       0xdc CMakeFiles/zero_to_pico.dir/Users/michaeljenz/Documents/pico/pico-sdk/lib/tinyusb/src/device/usbd.c.obj
 .text.tud_mounted
                0x100059ec       0x10 CMakeFiles/zero_to_pico.dir/Users/michaeljenz/Documents/pico/pico-sdk/lib/tinyusb/src/device/usbd.c.obj
                0x100059ec                tud_mounted
 .text.tud_suspended
                0x100059fc       0x10 CMakeFiles/zero_to_pico.dir/Users/michaeljenz/Documents/pico/pico-sdk/lib/tinyusb/src/device/usbd.c.obj
                0x100059fc                tud_suspended
 .text.tud_inited
                0x10005a0c       0x14 CMakeFiles/zero_to_pico.dir/Users/michaeljenz/Documents/pico/pico-sdk/lib/tinyusb/src/device/usbd.c.obj
                0x10005a0c                tud_inited
 .text.tud_init
                0x10005a20       0xcc CMakeFiles/zero_to_pico.dir/Users/michaeljenz/Documents/pico/pico-sdk/lib/tinyusb/src/device/usbd.c.obj
                0x10005a20                tud_init
 .text.usbd_defer_func
                0x10005aec       0x2a CMakeFiles/zero_to_pico.dir/Users/michaeljenz/Documents/pico/pico-sdk/lib/tinyusb/src/device/usbd.c.obj
                0x10005aec                usbd_defer_func
 *fill*         0x10005b16        0x2 
 .text.usbd_edpt_open
                0x10005b18       0x34 CMakeFiles/zero_to_pico.dir/Users/michaeljenz/Documents/pico/pico-sdk/lib/tinyusb/src/device/usbd.c.obj
                0x10005b18                usbd_edpt_open
 .text.usbd_open_edpt_pair
                0x10005b4c       0x62 CMakeFiles/zero_to_pico.dir/Users/michaeljenz/Documents/pico/pico-sdk/lib/tinyusb/src/device/usbd.c.obj
                0x10005b4c                usbd_open_edpt_pair
 *fill*         0x10005bae        0x2 
 .text.usbd_edpt_claim
                0x10005bb0       0x28 CMakeFiles/zero_to_pico.dir/Users/michaeljenz/Documents/pico/pico-sdk/lib/tinyusb/src/device/usbd.c.obj
                0x10005bb0                usbd_edpt_claim
 .text.usbd_edpt_release
                0x10005bd8       0x28 CMakeFiles/zero_to_pico.dir/Users/michaeljenz/Documents/pico/pico-sdk/lib/tinyusb/src/device/usbd.c.obj
                0x10005bd8                usbd_edpt_release
 .text.usbd_edpt_xfer
                0x10005c00       0x78 CMakeFiles/zero_to_pico.dir/Users/michaeljenz/Documents/pico/pico-sdk/lib/tinyusb/src/device/usbd.c.obj
                0x10005c00                usbd_edpt_xfer
 .text.usbd_edpt_stall
                0x10005c78       0x48 CMakeFiles/zero_to_pico.dir/Users/michaeljenz/Documents/pico/pico-sdk/lib/tinyusb/src/device/usbd.c.obj
                0x10005c78                usbd_edpt_stall
 .text.usbd_edpt_clear_stall
                0x10005cc0       0x48 CMakeFiles/zero_to_pico.dir/Users/michaeljenz/Documents/pico/pico-sdk/lib/tinyusb/src/device/usbd.c.obj
                0x10005cc0                usbd_edpt_clear_stall
 .text.usbd_edpt_stalled
                0x10005d08       0x1c CMakeFiles/zero_to_pico.dir/Users/michaeljenz/Documents/pico/pico-sdk/lib/tinyusb/src/device/usbd.c.obj
                0x10005d08                usbd_edpt_stalled
 .text.process_control_request
                0x10005d24      0x374 CMakeFiles/zero_to_pico.dir/Users/michaeljenz/Documents/pico/pico-sdk/lib/tinyusb/src/device/usbd.c.obj
 .text.tud_task_ext
                0x10006098      0x1a8 CMakeFiles/zero_to_pico.dir/Users/michaeljenz/Documents/pico/pico-sdk/lib/tinyusb/src/device/usbd.c.obj
                0x10006098                tud_task_ext
 .text._status_stage_xact
                0x10006240       0x1a CMakeFiles/zero_to_pico.dir/Users/michaeljenz/Documents/pico/pico-sdk/lib/tinyusb/src/device/usbd_control.c.obj
 *fill*         0x1000625a        0x2 
 .text._data_stage_xact
                0x1000625c       0x58 CMakeFiles/zero_to_pico.dir/Users/michaeljenz/Documents/pico/pico-sdk/lib/tinyusb/src/device/usbd_control.c.obj
 .text.tud_control_status
                0x100062b4       0x28 CMakeFiles/zero_to_pico.dir/Users/michaeljenz/Documents/pico/pico-sdk/lib/tinyusb/src/device/usbd_control.c.obj
                0x100062b4                tud_control_status
 .text.tud_control_xfer
                0x100062dc       0x68 CMakeFiles/zero_to_pico.dir/Users/michaeljenz/Documents/pico/pico-sdk/lib/tinyusb/src/device/usbd_control.c.obj
                0x100062dc                tud_control_xfer
 .text.usbd_control_reset
                0x10006344       0x14 CMakeFiles/zero_to_pico.dir/Users/michaeljenz/Documents/pico/pico-sdk/lib/tinyusb/src/device/usbd_control.c.obj
                0x10006344                usbd_control_reset
 .text.usbd_control_set_complete_callback
                0x10006358        0xc CMakeFiles/zero_to_pico.dir/Users/michaeljenz/Documents/pico/pico-sdk/lib/tinyusb/src/device/usbd_control.c.obj
                0x10006358                usbd_control_set_complete_callback
 .text.usbd_control_set_request
                0x10006364       0x1c CMakeFiles/zero_to_pico.dir/Users/michaeljenz/Documents/pico/pico-sdk/lib/tinyusb/src/device/usbd_control.c.obj
                0x10006364                usbd_control_set_request
 .text.usbd_control_xfer_cb
                0x10006380       0xbc CMakeFiles/zero_to_pico.dir/Users/michaeljenz/Documents/pico/pico-sdk/lib/tinyusb/src/device/usbd_control.c.obj
                0x10006380                usbd_control_xfer_cb
 .text._prep_out_transaction
                0x1000643c       0x4a CMakeFiles/zero_to_pico.dir/Users/michaeljenz/Documents/pico/pico-sdk/lib/tinyusb/src/class/cdc/cdc_device.c.obj
 *fill*         0x10006486        0x2 
 .text.tud_cdc_n_connected
                0x10006488       0x38 CMakeFiles/zero_to_pico.dir/Users/michaeljenz/Documents/pico/pico-sdk/lib/tinyusb/src/class/cdc/cdc_device.c.obj
                0x10006488                tud_cdc_n_connected
 .text.tud_cdc_n_available
                0x100064c0       0x18 CMakeFiles/zero_to_pico.dir/Users/michaeljenz/Documents/pico/pico-sdk/lib/tinyusb/src/class/cdc/cdc_device.c.obj
                0x100064c0                tud_cdc_n_available
 .text.tud_cdc_n_read
                0x100064d8       0x28 CMakeFiles/zero_to_pico.dir/Users/michaeljenz/Documents/pico/pico-sdk/lib/tinyusb/src/class/cdc/cdc_device.c.obj
                0x100064d8                tud_cdc_n_read
 .text.tud_cdc_n_write_flush
                0x10006500       0xb8 CMakeFiles/zero_to_pico.dir/Users/michaeljenz/Documents/pico/pico-sdk/lib/tinyusb/src/class/cdc/cdc_device.c.obj
                0x10006500                tud_cdc_n_write_flush
 .text.tud_cdc_n_write
                0x100065b8       0x38 CMakeFiles/zero_to_pico.dir/Users/michaeljenz/Documents/pico/pico-sdk/lib/tinyusb/src/class/cdc/cdc_device.c.obj
                0x100065b8                tud_cdc_n_write
 .text.tud_cdc_n_write_available
                0x100065f0       0x1c CMakeFiles/zero_to_pico.dir/Users/michaeljenz/Documents/pico/pico-sdk/lib/tinyusb/src/class/cdc/cdc_device.c.obj
                0x100065f0                tud_cdc_n_write_available
 .text.cdcd_init
                0x1000660c       0xbc CMakeFiles/zero_to_pico.dir/Users/michaeljenz/Documents/pico/pico-sdk/lib/tinyusb/src/class/cdc/cdc_device.c.obj
                0x1000660c                cdcd_init
 .text.cdcd_reset
                0x100066c8       0x44 CMakeFiles/zero_to_pico.dir/Users/michaeljenz/Documents/pico/pico-sdk/lib/tinyusb/src/class/cdc/cdc_device.c.obj
                0x100066c8                cdcd_reset
 .text.cdcd_open
                0x1000670c       0xc4 CMakeFiles/zero_to_pico.dir/Users/michaeljenz/Documents/pico/pico-sdk/lib/tinyusb/src/class/cdc/cdc_device.c.obj
                0x1000670c                cdcd_open
 .text.cdcd_control_xfer_cb
                0x100067d0      0x134 CMakeFiles/zero_to_pico.dir/Users/michaeljenz/Documents/pico/pico-sdk/lib/tinyusb/src/class/cdc/cdc_device.c.obj
                0x100067d0                cdcd_control_xfer_cb
 .text.cdcd_xfer_cb
                0x10006904      0x130 CMakeFiles/zero_to_pico.dir/Users/michaeljenz/Documents/pico/pico-sdk/lib/tinyusb/src/class/cdc/cdc_device.c.obj
                0x10006904                cdcd_xfer_cb
 .text.tusb_init
                0x10006a34        0xa CMakeFiles/zero_to_pico.dir/Users/michaeljenz/Documents/pico/pico-sdk/lib/tinyusb/src/tusb.c.obj
                0x10006a34                tusb_init
 .text.tusb_inited
                0x10006a3e        0xe CMakeFiles/zero_to_pico.dir/Users/michaeljenz/Documents/pico/pico-sdk/lib/tinyusb/src/tusb.c.obj
                0x10006a3e                tusb_inited
 .text.tu_edpt_claim
                0x10006a4c       0x50 CMakeFiles/zero_to_pico.dir/Users/michaeljenz/Documents/pico/pico-sdk/lib/tinyusb/src/tusb.c.obj
                0x10006a4c                tu_edpt_claim
 .text.tu_edpt_release
                0x10006a9c       0x38 CMakeFiles/zero_to_pico.dir/Users/michaeljenz/Documents/pico/pico-sdk/lib/tinyusb/src/tusb.c.obj
                0x10006a9c                tu_edpt_release
 .text.tu_edpt_validate
                0x10006ad4       0x78 CMakeFiles/zero_to_pico.dir/Users/michaeljenz/Documents/pico/pico-sdk/lib/tinyusb/src/tusb.c.obj
                0x10006ad4                tu_edpt_validate
 .text.tu_edpt_bind_driver
                0x10006b4c       0x26 CMakeFiles/zero_to_pico.dir/Users/michaeljenz/Documents/pico/pico-sdk/lib/tinyusb/src/tusb.c.obj
                0x10006b4c                tu_edpt_bind_driver
 .text.advance_index
                0x10006b72       0x1a CMakeFiles/zero_to_pico.dir/Users/michaeljenz/Documents/pico/pico-sdk/lib/tinyusb/src/common/tusb_fifo.c.obj
 .text._tu_fifo_peek
                0x10006b8c       0x56 CMakeFiles/zero_to_pico.dir/Users/michaeljenz/Documents/pico/pico-sdk/lib/tinyusb/src/common/tusb_fifo.c.obj
 .text._ff_pull_const_addr
                0x10006be2       0x4c CMakeFiles/zero_to_pico.dir/Users/michaeljenz/Documents/pico/pico-sdk/lib/tinyusb/src/common/tusb_fifo.c.obj
 .text._ff_pull_n
                0x10006c2e      0x110 CMakeFiles/zero_to_pico.dir/Users/michaeljenz/Documents/pico/pico-sdk/lib/tinyusb/src/common/tusb_fifo.c.obj
 .text._tu_fifo_peek_n
                0x10006d3e       0x6a CMakeFiles/zero_to_pico.dir/Users/michaeljenz/Documents/pico/pico-sdk/lib/tinyusb/src/common/tusb_fifo.c.obj
 .text._tu_fifo_read_n
                0x10006da8       0x4e CMakeFiles/zero_to_pico.dir/Users/michaeljenz/Documents/pico/pico-sdk/lib/tinyusb/src/common/tusb_fifo.c.obj
 .text._ff_push_const_addr
                0x10006df6       0x40 CMakeFiles/zero_to_pico.dir/Users/michaeljenz/Documents/pico/pico-sdk/lib/tinyusb/src/common/tusb_fifo.c.obj
 .text._ff_push_n
                0x10006e36      0x10c CMakeFiles/zero_to_pico.dir/Users/michaeljenz/Documents/pico/pico-sdk/lib/tinyusb/src/common/tusb_fifo.c.obj
 .text._tu_fifo_write_n
                0x10006f42       0xf0 CMakeFiles/zero_to_pico.dir/Users/michaeljenz/Documents/pico/pico-sdk/lib/tinyusb/src/common/tusb_fifo.c.obj
 .text.tu_fifo_config
                0x10007032       0x7c CMakeFiles/zero_to_pico.dir/Users/michaeljenz/Documents/pico/pico-sdk/lib/tinyusb/src/common/tusb_fifo.c.obj
                0x10007032                tu_fifo_config
 .text.tu_fifo_count
                0x100070ae       0x2a CMakeFiles/zero_to_pico.dir/Users/michaeljenz/Documents/pico/pico-sdk/lib/tinyusb/src/common/tusb_fifo.c.obj
                0x100070ae                tu_fifo_count
 .text.tu_fifo_empty
                0x100070d8        0xe CMakeFiles/zero_to_pico.dir/Users/michaeljenz/Documents/pico/pico-sdk/lib/tinyusb/src/common/tusb_fifo.c.obj
                0x100070d8                tu_fifo_empty
 .text.tu_fifo_full
                0x100070e6       0x28 CMakeFiles/zero_to_pico.dir/Users/michaeljenz/Documents/pico/pico-sdk/lib/tinyusb/src/common/tusb_fifo.c.obj
                0x100070e6                tu_fifo_full
 .text.tu_fifo_remaining
                0x1000710e       0x2c CMakeFiles/zero_to_pico.dir/Users/michaeljenz/Documents/pico/pico-sdk/lib/tinyusb/src/common/tusb_fifo.c.obj
                0x1000710e                tu_fifo_remaining
 .text.tu_fifo_read
                0x1000713a       0x42 CMakeFiles/zero_to_pico.dir/Users/michaeljenz/Documents/pico/pico-sdk/lib/tinyusb/src/common/tusb_fifo.c.obj
                0x1000713a                tu_fifo_read
 .text.tu_fifo_read_n
                0x1000717c        0xa CMakeFiles/zero_to_pico.dir/Users/michaeljenz/Documents/pico/pico-sdk/lib/tinyusb/src/common/tusb_fifo.c.obj
                0x1000717c                tu_fifo_read_n
 .text.tu_fifo_write
                0x10007186       0x64 CMakeFiles/zero_to_pico.dir/Users/michaeljenz/Documents/pico/pico-sdk/lib/tinyusb/src/common/tusb_fifo.c.obj
                0x10007186                tu_fifo_write
 .text.tu_fifo_write_n
                0x100071ea        0xa CMakeFiles/zero_to_pico.dir/Users/michaeljenz/Documents/pico/pico-sdk/lib/tinyusb/src/common/tusb_fifo.c.obj
                0x100071ea                tu_fifo_write_n
 .text.tu_fifo_clear
                0x100071f4       0x3e CMakeFiles/zero_to_pico.dir/Users/michaeljenz/Documents/pico/pico-sdk/lib/tinyusb/src/common/tusb_fifo.c.obj
                0x100071f4                tu_fifo_clear
 .text.tu_fifo_set_overwritable
                0x10007232       0x46 CMakeFiles/zero_to_pico.dir/Users/michaeljenz/Documents/pico/pico-sdk/lib/tinyusb/src/common/tusb_fifo.c.obj
                0x10007232                tu_fifo_set_overwritable
 .text._calloc_r
                0x10007278       0xa8 /Applications/ArmGNUToolchain/13.2.Rel1/arm-none-eabi/bin/../lib/gcc/arm-none-eabi/13.2.1/../../../../arm-none-eabi/lib/thumb/v6-m/nofp/libg.a(libc_a-callocr.o)
                0x10007278                _calloc_r
 .text.malloc   0x10007320       0x14 /Applications/ArmGNUToolchain/13.2.Rel1/arm-none-eabi/bin/../lib/gcc/arm-none-eabi/13.2.1/../../../../arm-none-eabi/lib/thumb/v6-m/nofp/libg.a(libc_a-malloc.o)
                0x10007320                malloc
 .text.free     0x10007334       0x14 /Applications/ArmGNUToolchain/13.2.Rel1/arm-none-eabi/bin/../lib/gcc/arm-none-eabi/13.2.1/../../../../arm-none-eabi/lib/thumb/v6-m/nofp/libg.a(libc_a-malloc.o)
                0x10007334                free
 .text._malloc_r
                0x10007348      0x5c4 /Applications/ArmGNUToolchain/13.2.Rel1/arm-none-eabi/bin/../lib/gcc/arm-none-eabi/13.2.1/../../../../arm-none-eabi/lib/thumb/v6-m/nofp/libg.a(libc_a-mallocr.o)
                0x10007348                _malloc_r
 .text.__malloc_lock
                0x1000790c       0x10 /Applications/ArmGNUToolchain/13.2.Rel1/arm-none-eabi/bin/../lib/gcc/arm-none-eabi/13.2.1/../../../../arm-none-eabi/lib/thumb/v6-m/nofp/libg.a(libc_a-mlock.o)
                0x1000790c                __malloc_lock
 .text.__malloc_unlock
                0x1000791c       0x10 /Applications/ArmGNUToolchain/13.2.Rel1/arm-none-eabi/bin/../lib/gcc/arm-none-eabi/13.2.1/../../../../arm-none-eabi/lib/thumb/v6-m/nofp/libg.a(libc_a-mlock.o)
                0x1000791c                __malloc_unlock
 .text.realloc  0x1000792c       0x18 /Applications/ArmGNUToolchain/13.2.Rel1/arm-none-eabi/bin/../lib/gcc/arm-none-eabi/13.2.1/../../../../arm-none-eabi/lib/thumb/v6-m/nofp/libg.a(libc_a-realloc.o)
                0x1000792c                realloc
 .text.scanf    0x10007944       0x24 /Applications/ArmGNUToolchain/13.2.Rel1/arm-none-eabi/bin/../lib/gcc/arm-none-eabi/13.2.1/../../../../arm-none-eabi/lib/thumb/v6-m/nofp/libg.a(libc_a-scanf.o)
                0x10007944                scanf
 .text._realloc_r
                0x10007968      0x350 /Applications/ArmGNUToolchain/13.2.Rel1/arm-none-eabi/bin/../lib/gcc/arm-none-eabi/13.2.1/../../../../arm-none-eabi/lib/thumb/v6-m/nofp/libg.a(libc_a-reallocr.o)
                0x10007968                _realloc_r
 .text.memmove  0x10007cb8       0xb0 /Applications/ArmGNUToolchain/13.2.Rel1/arm-none-eabi/bin/../lib/gcc/arm-none-eabi/13.2.1/../../../../arm-none-eabi/lib/thumb/v6-m/nofp/libg.a(libc_a-memmove.o)
                0x10007cb8                memmove
 .text._sbrk_r  0x10007d68       0x24 /Applications/ArmGNUToolchain/13.2.Rel1/arm-none-eabi/bin/../lib/gcc/arm-none-eabi/13.2.1/../../../../arm-none-eabi/lib/thumb/v6-m/nofp/libg.a(libc_a-sbrkr.o)
                0x10007d68                _sbrk_r
 .text.__errno  0x10007d8c        0xc /Applications/ArmGNUToolchain/13.2.Rel1/arm-none-eabi/bin/../lib/gcc/arm-none-eabi/13.2.1/../../../../arm-none-eabi/lib/thumb/v6-m/nofp/libg.a(libc_a-errno.o)
                0x10007d8c                __errno
 .text.sysconf  0x10007d98       0x1c /Applications/ArmGNUToolchain/13.2.Rel1/arm-none-eabi/bin/../lib/gcc/arm-none-eabi/13.2.1/../../../../arm-none-eabi/lib/thumb/v6-m/nofp/libg.a(libc_a-sysconf.o)
                0x10007d98                sysconf
 .text.__retarget_lock_init_recursive
                0x10007db4        0x4 /Applications/ArmGNUToolchain/13.2.Rel1/arm-none-eabi/bin/../lib/gcc/arm-none-eabi/13.2.1/../../../../arm-none-eabi/lib/thumb/v6-m/nofp/libg.a(libc_a-lock.o)
                0x10007db4                __retarget_lock_init_recursive
 .text.__retarget_lock_close_recursive
                0x10007db8        0x4 /Applications/ArmGNUToolchain/13.2.Rel1/arm-none-eabi/bin/../lib/gcc/arm-none-eabi/13.2.1/../../../../arm-none-eabi/lib/thumb/v6-m/nofp/libg.a(libc_a-lock.o)
                0x10007db8                __retarget_lock_close_recursive
 .text.__retarget_lock_acquire_recursive
                0x10007dbc        0x4 /Applications/ArmGNUToolchain/13.2.Rel1/arm-none-eabi/bin/../lib/gcc/arm-none-eabi/13.2.1/../../../../arm-none-eabi/lib/thumb/v6-m/nofp/libg.a(libc_a-lock.o)
                0x10007dbc                __retarget_lock_acquire_recursive
 .text.__retarget_lock_release_recursive
                0x10007dc0        0x4 /Applications/ArmGNUToolchain/13.2.Rel1/arm-none-eabi/bin/../lib/gcc/arm-none-eabi/13.2.1/../../../../arm-none-eabi/lib/thumb/v6-m/nofp/libg.a(libc_a-lock.o)
                0x10007dc0                __retarget_lock_release_recursive
 .text.strlen   0x10007dc4       0x5c /Applications/ArmGNUToolchain/13.2.Rel1/arm-none-eabi/bin/../lib/gcc/arm-none-eabi/13.2.1/../../../../arm-none-eabi/lib/thumb/v6-m/nofp/libg.a(libc_a-strlen-stub.o)
                0x10007dc4                strlen
 .text._malloc_trim_r
                0x10007e20       0xb4 /Applications/ArmGNUToolchain/13.2.Rel1/arm-none-eabi/bin/../lib/gcc/arm-none-eabi/13.2.1/../../../../arm-none-eabi/lib/thumb/v6-m/nofp/libg.a(libc_a-freer.o)
                0x10007e20                _malloc_trim_r
 .text._free_r  0x10007ed4      0x1d4 /Applications/ArmGNUToolchain/13.2.Rel1/arm-none-eabi/bin/../lib/gcc/arm-none-eabi/13.2.1/../../../../arm-none-eabi/lib/thumb/v6-m/nofp/libg.a(libc_a-freer.o)
                0x10007ed4                _free_r
 .text.__svfscanf_r
                0x100080a8     0x1884 /Applications/ArmGNUToolchain/13.2.Rel1/arm-none-eabi/bin/../lib/gcc/arm-none-eabi/13.2.1/../../../../arm-none-eabi/lib/thumb/v6-m/nofp/libg.a(libc_a-vfscanf.o)
                0x100080a8                __svfscanf_r
 .text._vfscanf_r
                0x1000992c       0x28 /Applications/ArmGNUToolchain/13.2.Rel1/arm-none-eabi/bin/../lib/gcc/arm-none-eabi/13.2.1/../../../../arm-none-eabi/lib/thumb/v6-m/nofp/libg.a(libc_a-vfscanf.o)
                0x1000992c                _vfscanf_r
 .text.__sccl   0x10009954       0x80 /Applications/ArmGNUToolchain/13.2.Rel1/arm-none-eabi/bin/../lib/gcc/arm-none-eabi/13.2.1/../../../../arm-none-eabi/lib/thumb/v6-m/nofp/libg.a(libc_a-sccl.o)
                0x10009954                __sccl
 .text.sulp     0x100099d4       0x30 /Applications/ArmGNUToolchain/13.2.Rel1/arm-none-eabi/bin/../lib/gcc/arm-none-eabi/13.2.1/../../../../arm-none-eabi/lib/thumb/v6-m/nofp/libg.a(libc_a-strtod.o)
 .text._strtod_l
                0x10009a04      0xeb8 /Applications/ArmGNUToolchain/13.2.Rel1/arm-none-eabi/bin/../lib/gcc/arm-none-eabi/13.2.1/../../../../arm-none-eabi/lib/thumb/v6-m/nofp/libg.a(libc_a-strtod.o)
                0x10009a04                _strtod_l
 .text._strtod_r
                0x1000a8bc       0x10 /Applications/ArmGNUToolchain/13.2.Rel1/arm-none-eabi/bin/../lib/gcc/arm-none-eabi/13.2.1/../../../../arm-none-eabi/lib/thumb/v6-m/nofp/libg.a(libc_a-strtod.o)
                0x1000a8bc                _strtod_r
 .text._strtol_l.isra.0
                0x1000a8cc      0x158 /Applications/ArmGNUToolchain/13.2.Rel1/arm-none-eabi/bin/../lib/gcc/arm-none-eabi/13.2.1/../../../../arm-none-eabi/lib/thumb/v6-m/nofp/libg.a(libc_a-strtol.o)
 .text._strtol_r
                0x1000aa24        0x8 /Applications/ArmGNUToolchain/13.2.Rel1/arm-none-eabi/bin/../lib/gcc/arm-none-eabi/13.2.1/../../../../arm-none-eabi/lib/thumb/v6-m/nofp/libg.a(libc_a-strtol.o)
                0x1000aa24                _strtol_r
 .text._strtoul_l.isra.0
                0x1000aa2c      0x144 /Applications/ArmGNUToolchain/13.2.Rel1/arm-none-eabi/bin/../lib/gcc/arm-none-eabi/13.2.1/../../../../arm-none-eabi/lib/thumb/v6-m/nofp/libg.a(libc_a-strtoul.o)
 .text._strtoul_r
                0x1000ab70        0x8 /Applications/ArmGNUToolchain/13.2.Rel1/arm-none-eabi/bin/../lib/gcc/arm-none-eabi/13.2.1/../../../../arm-none-eabi/lib/thumb/v6-m/nofp/libg.a(libc_a-strtoul.o)
                0x1000ab70                _strtoul_r
 .text.stdio_exit_handler
                0x1000ab78       0x1c /Applications/ArmGNUToolchain/13.2.Rel1/arm-none-eabi/bin/../lib/gcc/arm-none-eabi/13.2.1/../../../../arm-none-eabi/lib/thumb/v6-m/nofp/libg.a(libc_a-findfp.o)
 .text.cleanup_stdio
                0x1000ab94       0x3c /Applications/ArmGNUToolchain/13.2.Rel1/arm-none-eabi/bin/../lib/gcc/arm-none-eabi/13.2.1/../../../../arm-none-eabi/lib/thumb/v6-m/nofp/libg.a(libc_a-findfp.o)
 .text.global_stdio_init.part.0
                0x1000abd0      0x118 /Applications/ArmGNUToolchain/13.2.Rel1/arm-none-eabi/bin/../lib/gcc/arm-none-eabi/13.2.1/../../../../arm-none-eabi/lib/thumb/v6-m/nofp/libg.a(libc_a-findfp.o)
 .text.__sinit  0x1000ace8       0x38 /Applications/ArmGNUToolchain/13.2.Rel1/arm-none-eabi/bin/../lib/gcc/arm-none-eabi/13.2.1/../../../../arm-none-eabi/lib/thumb/v6-m/nofp/libg.a(libc_a-findfp.o)
                0x1000ace8                __sinit
 .text.__sfp_lock_acquire
                0x1000ad20       0x10 /Applications/ArmGNUToolchain/13.2.Rel1/arm-none-eabi/bin/../lib/gcc/arm-none-eabi/13.2.1/../../../../arm-none-eabi/lib/thumb/v6-m/nofp/libg.a(libc_a-findfp.o)
                0x1000ad20                __sfp_lock_acquire
 .text.__sfp_lock_release
                0x1000ad30       0x10 /Applications/ArmGNUToolchain/13.2.Rel1/arm-none-eabi/bin/../lib/gcc/arm-none-eabi/13.2.1/../../../../arm-none-eabi/lib/thumb/v6-m/nofp/libg.a(libc_a-findfp.o)
                0x1000ad30                __sfp_lock_release
 .text.__submore
                0x1000ad40       0x84 /Applications/ArmGNUToolchain/13.2.Rel1/arm-none-eabi/bin/../lib/gcc/arm-none-eabi/13.2.1/../../../../arm-none-eabi/lib/thumb/v6-m/nofp/libg.a(libc_a-ungetc.o)
                0x1000ad40                __submore
 .text._ungetc_r
                0x1000adc4      0x144 /Applications/ArmGNUToolchain/13.2.Rel1/arm-none-eabi/bin/../lib/gcc/arm-none-eabi/13.2.1/../../../../arm-none-eabi/lib/thumb/v6-m/nofp/libg.a(libc_a-ungetc.o)
                0x1000adc4                _ungetc_r
 .text._fread_r
                0x1000af08      0x1e8 /Applications/ArmGNUToolchain/13.2.Rel1/arm-none-eabi/bin/../lib/gcc/arm-none-eabi/13.2.1/../../../../arm-none-eabi/lib/thumb/v6-m/nofp/libg.a(libc_a-fread.o)
                0x1000af08                _fread_r
 .text._fwalk_sglue
                0x1000b0f0       0x44 /Applications/ArmGNUToolchain/13.2.Rel1/arm-none-eabi/bin/../lib/gcc/arm-none-eabi/13.2.1/../../../../arm-none-eabi/lib/thumb/v6-m/nofp/libg.a(libc_a-fwalk.o)
                0x1000b0f0                _fwalk_sglue
 .text.strncmp  0x1000b134       0x74 /Applications/ArmGNUToolchain/13.2.Rel1/arm-none-eabi/bin/../lib/gcc/arm-none-eabi/13.2.1/../../../../arm-none-eabi/lib/thumb/v6-m/nofp/libg.a(libc_a-strncmp.o)
                0x1000b134                strncmp
 .text.stpncpy  0x1000b1a8       0x78 /Applications/ArmGNUToolchain/13.2.Rel1/arm-none-eabi/bin/../lib/gcc/arm-none-eabi/13.2.1/../../../../arm-none-eabi/lib/thumb/v6-m/nofp/libg.a(libc_a-stpncpy.o)
                0x1000b1a8                stpncpy
 .text.__locale_mb_cur_max
                0x1000b220       0x10 /Applications/ArmGNUToolchain/13.2.Rel1/arm-none-eabi/bin/../lib/gcc/arm-none-eabi/13.2.1/../../../../arm-none-eabi/lib/thumb/v6-m/nofp/libg.a(libc_a-locale.o)
                0x1000b220                __locale_mb_cur_max
 .text._localeconv_r
                0x1000b230        0x8 /Applications/ArmGNUToolchain/13.2.Rel1/arm-none-eabi/bin/../lib/gcc/arm-none-eabi/13.2.1/../../../../arm-none-eabi/lib/thumb/v6-m/nofp/libg.a(libc_a-localeconv.o)
                0x1000b230                _localeconv_r
 .text          0x1000b238       0x88 /Applications/ArmGNUToolchain/13.2.Rel1/arm-none-eabi/bin/../lib/gcc/arm-none-eabi/13.2.1/../../../../arm-none-eabi/lib/thumb/v6-m/nofp/libg.a(libc_a-strcmp.o)
                0x1000b238                strcmp
 .text._strtoll_l.isra.0
                0x1000b2c0      0x1a0 /Applications/ArmGNUToolchain/13.2.Rel1/arm-none-eabi/bin/../lib/gcc/arm-none-eabi/13.2.1/../../../../arm-none-eabi/lib/thumb/v6-m/nofp/libg.a(libc_a-strtoll.o)
 .text._strtoll_r
                0x1000b460        0x8 /Applications/ArmGNUToolchain/13.2.Rel1/arm-none-eabi/bin/../lib/gcc/arm-none-eabi/13.2.1/../../../../arm-none-eabi/lib/thumb/v6-m/nofp/libg.a(libc_a-strtoll.o)
                0x1000b460                _strtoll_r
 .text._strtoull_l.isra.0
                0x1000b468      0x1c4 /Applications/ArmGNUToolchain/13.2.Rel1/arm-none-eabi/bin/../lib/gcc/arm-none-eabi/13.2.1/../../../../arm-none-eabi/lib/thumb/v6-m/nofp/libg.a(libc_a-strtoull.o)
 .text._strtoull_r
                0x1000b62c        0x8 /Applications/ArmGNUToolchain/13.2.Rel1/arm-none-eabi/bin/../lib/gcc/arm-none-eabi/13.2.1/../../../../arm-none-eabi/lib/thumb/v6-m/nofp/libg.a(libc_a-strtoull.o)
                0x1000b62c                _strtoull_r
 .text._mbrtowc_r
                0x1000b634       0x54 /Applications/ArmGNUToolchain/13.2.Rel1/arm-none-eabi/bin/../lib/gcc/arm-none-eabi/13.2.1/../../../../arm-none-eabi/lib/thumb/v6-m/nofp/libg.a(libc_a-mbrtowc.o)
                0x1000b634                _mbrtowc_r
 .text.iswspace
                0x1000b688        0xc /Applications/ArmGNUToolchain/13.2.Rel1/arm-none-eabi/bin/../lib/gcc/arm-none-eabi/13.2.1/../../../../arm-none-eabi/lib/thumb/v6-m/nofp/libg.a(libc_a-iswspace.o)
                0x1000b688                iswspace
 .text.iswspace_l
                0x1000b694       0x24 /Applications/ArmGNUToolchain/13.2.Rel1/arm-none-eabi/bin/../lib/gcc/arm-none-eabi/13.2.1/../../../../arm-none-eabi/lib/thumb/v6-m/nofp/libg.a(libc_a-iswspace_l.o)
                0x1000b694                iswspace_l
 .text.nan      0x1000b6b8        0xc /Applications/ArmGNUToolchain/13.2.Rel1/arm-none-eabi/bin/../lib/gcc/arm-none-eabi/13.2.1/../../../../arm-none-eabi/lib/thumb/v6-m/nofp/libg.a(libm_a-s_nan.o)
                0x1000b6b8                nan
 .text.nanf     0x1000b6c4        0x8 /Applications/ArmGNUToolchain/13.2.Rel1/arm-none-eabi/bin/../lib/gcc/arm-none-eabi/13.2.1/../../../../arm-none-eabi/lib/thumb/v6-m/nofp/libg.a(libm_a-sf_nan.o)
                0x1000b6c4                nanf
 .text.__jp2uc  0x1000b6cc      0x154 /Applications/ArmGNUToolchain/13.2.Rel1/arm-none-eabi/bin/../lib/gcc/arm-none-eabi/13.2.1/../../../../arm-none-eabi/lib/thumb/v6-m/nofp/libg.a(libc_a-jp2uc.o)
 .text._jp2uc_l
                0x1000b820       0x68 /Applications/ArmGNUToolchain/13.2.Rel1/arm-none-eabi/bin/../lib/gcc/arm-none-eabi/13.2.1/../../../../arm-none-eabi/lib/thumb/v6-m/nofp/libg.a(libc_a-jp2uc.o)
                0x1000b820                _jp2uc_l
 .text.category
                0x1000b888       0x54 /Applications/ArmGNUToolchain/13.2.Rel1/arm-none-eabi/bin/../lib/gcc/arm-none-eabi/13.2.1/../../../../arm-none-eabi/lib/thumb/v6-m/nofp/libg.a(libc_a-categories.o)
                0x1000b888                category
 .text.rshift   0x1000b8dc       0xb0 /Applications/ArmGNUToolchain/13.2.Rel1/arm-none-eabi/bin/../lib/gcc/arm-none-eabi/13.2.1/../../../../arm-none-eabi/lib/thumb/v6-m/nofp/libg.a(libc_a-gdtoa-gethex.o)
 .text.__gethex
                0x1000b98c      0x5a8 /Applications/ArmGNUToolchain/13.2.Rel1/arm-none-eabi/bin/../lib/gcc/arm-none-eabi/13.2.1/../../../../arm-none-eabi/lib/thumb/v6-m/nofp/libg.a(libc_a-gdtoa-gethex.o)
                0x1000b98c                __gethex
 .text.__match  0x1000bf34       0x2c /Applications/ArmGNUToolchain/13.2.Rel1/arm-none-eabi/bin/../lib/gcc/arm-none-eabi/13.2.1/../../../../arm-none-eabi/lib/thumb/v6-m/nofp/libg.a(libc_a-gdtoa-hexnan.o)
                0x1000bf34                __match
 .text.__hexnan
                0x1000bf60      0x204 /Applications/ArmGNUToolchain/13.2.Rel1/arm-none-eabi/bin/../lib/gcc/arm-none-eabi/13.2.1/../../../../arm-none-eabi/lib/thumb/v6-m/nofp/libg.a(libc_a-gdtoa-hexnan.o)
                0x1000bf60                __hexnan
 .text.__ascii_mbtowc
                0x1000c164       0x2c /Applications/ArmGNUToolchain/13.2.Rel1/arm-none-eabi/bin/../lib/gcc/arm-none-eabi/13.2.1/../../../../arm-none-eabi/lib/thumb/v6-m/nofp/libg.a(libc_a-mbtowc_r.o)
                0x1000c164                __ascii_mbtowc
 .text._Balloc  0x1000c190       0x50 /Applications/ArmGNUToolchain/13.2.Rel1/arm-none-eabi/bin/../lib/gcc/arm-none-eabi/13.2.1/../../../../arm-none-eabi/lib/thumb/v6-m/nofp/libg.a(libc_a-mprec.o)
                0x1000c190                _Balloc
 .text._Bfree   0x1000c1e0       0x14 /Applications/ArmGNUToolchain/13.2.Rel1/arm-none-eabi/bin/../lib/gcc/arm-none-eabi/13.2.1/../../../../arm-none-eabi/lib/thumb/v6-m/nofp/libg.a(libc_a-mprec.o)
                0x1000c1e0                _Bfree
 .text.__multadd
                0x1000c1f4       0xa8 /Applications/ArmGNUToolchain/13.2.Rel1/arm-none-eabi/bin/../lib/gcc/arm-none-eabi/13.2.1/../../../../arm-none-eabi/lib/thumb/v6-m/nofp/libg.a(libc_a-mprec.o)
                0x1000c1f4                __multadd
 .text.__s2b    0x1000c29c       0xb0 /Applications/ArmGNUToolchain/13.2.Rel1/arm-none-eabi/bin/../lib/gcc/arm-none-eabi/13.2.1/../../../../arm-none-eabi/lib/thumb/v6-m/nofp/libg.a(libc_a-mprec.o)
                0x1000c29c                __s2b
 .text.__hi0bits
                0x1000c34c       0x4c /Applications/ArmGNUToolchain/13.2.Rel1/arm-none-eabi/bin/../lib/gcc/arm-none-eabi/13.2.1/../../../../arm-none-eabi/lib/thumb/v6-m/nofp/libg.a(libc_a-mprec.o)
                0x1000c34c                __hi0bits
 .text.__lo0bits
                0x1000c398       0x5c /Applications/ArmGNUToolchain/13.2.Rel1/arm-none-eabi/bin/../lib/gcc/arm-none-eabi/13.2.1/../../../../arm-none-eabi/lib/thumb/v6-m/nofp/libg.a(libc_a-mprec.o)
                0x1000c398                __lo0bits
 .text.__i2b    0x1000c3f4       0x60 /Applications/ArmGNUToolchain/13.2.Rel1/arm-none-eabi/bin/../lib/gcc/arm-none-eabi/13.2.1/../../../../arm-none-eabi/lib/thumb/v6-m/nofp/libg.a(libc_a-mprec.o)
                0x1000c3f4                __i2b
 .text.__multiply
                0x1000c454      0x1ac /Applications/ArmGNUToolchain/13.2.Rel1/arm-none-eabi/bin/../lib/gcc/arm-none-eabi/13.2.1/../../../../arm-none-eabi/lib/thumb/v6-m/nofp/libg.a(libc_a-mprec.o)
                0x1000c454                __multiply
 .text.__pow5mult
                0x1000c600       0xd0 /Applications/ArmGNUToolchain/13.2.Rel1/arm-none-eabi/bin/../lib/gcc/arm-none-eabi/13.2.1/../../../../arm-none-eabi/lib/thumb/v6-m/nofp/libg.a(libc_a-mprec.o)
                0x1000c600                __pow5mult
 .text.__lshift
                0x1000c6d0       0xfc /Applications/ArmGNUToolchain/13.2.Rel1/arm-none-eabi/bin/../lib/gcc/arm-none-eabi/13.2.1/../../../../arm-none-eabi/lib/thumb/v6-m/nofp/libg.a(libc_a-mprec.o)
                0x1000c6d0                __lshift
 .text.__mcmp   0x1000c7cc       0x3c /Applications/ArmGNUToolchain/13.2.Rel1/arm-none-eabi/bin/../lib/gcc/arm-none-eabi/13.2.1/../../../../arm-none-eabi/lib/thumb/v6-m/nofp/libg.a(libc_a-mprec.o)
                0x1000c7cc                __mcmp
 .text.__mdiff  0x1000c808      0x1b4 /Applications/ArmGNUToolchain/13.2.Rel1/arm-none-eabi/bin/../lib/gcc/arm-none-eabi/13.2.1/../../../../arm-none-eabi/lib/thumb/v6-m/nofp/libg.a(libc_a-mprec.o)
                0x1000c808                __mdiff
 .text.__ulp    0x1000c9bc       0x40 /Applications/ArmGNUToolchain/13.2.Rel1/arm-none-eabi/bin/../lib/gcc/arm-none-eabi/13.2.1/../../../../arm-none-eabi/lib/thumb/v6-m/nofp/libg.a(libc_a-mprec.o)
                0x1000c9bc                __ulp
 .text.__b2d    0x1000c9fc       0xb8 /Applications/ArmGNUToolchain/13.2.Rel1/arm-none-eabi/bin/../lib/gcc/arm-none-eabi/13.2.1/../../../../arm-none-eabi/lib/thumb/v6-m/nofp/libg.a(libc_a-mprec.o)
                0x1000c9fc                __b2d
 .text.__d2b    0x1000cab4       0xcc /Applications/ArmGNUToolchain/13.2.Rel1/arm-none-eabi/bin/../lib/gcc/arm-none-eabi/13.2.1/../../../../arm-none-eabi/lib/thumb/v6-m/nofp/libg.a(libc_a-mprec.o)
                0x1000cab4                __d2b
 .text.__ratio  0x1000cb80       0x68 /Applications/ArmGNUToolchain/13.2.Rel1/arm-none-eabi/bin/../lib/gcc/arm-none-eabi/13.2.1/../../../../arm-none-eabi/lib/thumb/v6-m/nofp/libg.a(libc_a-mprec.o)
                0x1000cb80                __ratio
 .text.__copybits
                0x1000cbe8       0x40 /Applications/ArmGNUToolchain/13.2.Rel1/arm-none-eabi/bin/../lib/gcc/arm-none-eabi/13.2.1/../../../../arm-none-eabi/lib/thumb/v6-m/nofp/libg.a(libc_a-mprec.o)
                0x1000cbe8                __copybits
 .text.__any_on
                0x1000cc28       0x4c /Applications/ArmGNUToolchain/13.2.Rel1/arm-none-eabi/bin/../lib/gcc/arm-none-eabi/13.2.1/../../../../arm-none-eabi/lib/thumb/v6-m/nofp/libg.a(libc_a-mprec.o)
                0x1000cc28                __any_on
 .text.lflush   0x1000cc74       0x20 /Applications/ArmGNUToolchain/13.2.Rel1/arm-none-eabi/bin/../lib/gcc/arm-none-eabi/13.2.1/../../../../arm-none-eabi/lib/thumb/v6-m/nofp/libg.a(libc_a-refill.o)
 .text.__srefill_r
                0x1000cc94      0x118 /Applications/ArmGNUToolchain/13.2.Rel1/arm-none-eabi/bin/../lib/gcc/arm-none-eabi/13.2.1/../../../../arm-none-eabi/lib/thumb/v6-m/nofp/libg.a(libc_a-refill.o)